Component: ARM Compiler 5.06 update 5 (build 528) Tool: armlink [4d35e2]

==============================================================================

Section Cross References

    startup_stm32f103xb.o(RESET) refers to startup_stm32f103xb.o(STACK) for __initial_sp
    startup_stm32f103xb.o(RESET) refers to startup_stm32f103xb.o(.text) for Reset_Handler
    startup_stm32f103xb.o(RESET) refers to stm32f1xx_it.o(i.NMI_Handler) for NMI_Handler
    startup_stm32f103xb.o(RESET) refers to stm32f1xx_it.o(i.HardFault_Handler) for HardFault_Handler
    startup_stm32f103xb.o(RESET) refers to stm32f1xx_it.o(i.MemManage_Handler) for MemManage_Handler
    startup_stm32f103xb.o(RESET) refers to stm32f1xx_it.o(i.BusFault_Handler) for BusFault_Handler
    startup_stm32f103xb.o(RESET) refers to stm32f1xx_it.o(i.UsageFault_Handler) for UsageFault_Handler
    startup_stm32f103xb.o(RESET) refers to stm32f1xx_it.o(i.SVC_Handler) for SVC_Handler
    startup_stm32f103xb.o(RESET) refers to stm32f1xx_it.o(i.DebugMon_Handler) for DebugMon_Handler
    startup_stm32f103xb.o(RESET) refers to osasm.o(.text) for PendSV_Handler
    startup_stm32f103xb.o(RESET) refers to adc.o(i.ADC1_2_IRQHandler) for ADC1_2_IRQHandler
    startup_stm32f103xb.o(RESET) refers to stm32f1xx_it.o(i.TIM2_IRQHandler) for TIM2_IRQHandler
    startup_stm32f103xb.o(RESET) refers to bsp.o(i.TIM3_IRQHandler) for TIM3_IRQHandler
    startup_stm32f103xb.o(RESET) refers to bsp.o(i.TIM4_IRQHandler) for TIM4_IRQHandler
    startup_stm32f103xb.o(RESET) refers to usart1.o(i.USART1_IRQHandler) for USART1_IRQHandler
    startup_stm32f103xb.o(RESET) refers to usart3.o(i.USART3_IRQHandler) for USART3_IRQHandler
    startup_stm32f103xb.o(.text) refers to system_stm32f1xx.o(i.SystemInit) for SystemInit
    startup_stm32f103xb.o(.text) refers to entry.o(.ARM.Collect$$$$00000000) for __main
    system_stm32f1xx.o(i.SystemCoreClockUpdate) refers to system_stm32f1xx.o(.data) for SystemCoreClock
    system_stm32f1xx.o(i.SystemCoreClockUpdate) refers to system_stm32f1xx.o(.constdata) for AHBPrescTable
    usart.o(i.HAL_UART_ErrorCallback) refers to stm32f1xx_hal_uart.o(i.HAL_UART_GetError) for HAL_UART_GetError
    usart.o(i.HAL_UART_ErrorCallback) refers to errorhandler.o(i._Error_Handler) for _Error_Handler
    usart.o(i.HAL_UART_ErrorCallback) refers to usart.o(.data) for UART_Error
    usart.o(i.HAL_UART_MspDeInit) refers to stm32f1xx_hal_gpio.o(i.HAL_GPIO_DeInit) for HAL_GPIO_DeInit
    usart.o(i.HAL_UART_MspDeInit) refers to stm32f1xx_hal_cortex.o(i.HAL_NVIC_DisableIRQ) for HAL_NVIC_DisableIRQ
    usart.o(i.HAL_UART_MspInit) refers to stm32f1xx_hal_gpio.o(i.HAL_GPIO_Init) for HAL_GPIO_Init
    usart.o(i.HAL_UART_MspInit) refers to stm32f1xx_hal_cortex.o(i.HAL_NVIC_SetPriority) for HAL_NVIC_SetPriority
    usart.o(i.HAL_UART_MspInit) refers to stm32f1xx_hal_cortex.o(i.HAL_NVIC_EnableIRQ) for HAL_NVIC_EnableIRQ
    usart.o(i.HAL_UART_RxCpltCallback) refers to usart.o(.data) for Uart1Ready
    usart.o(i.HAL_UART_TxCpltCallback) refers to usart.o(.data) for Uart1Ready
    usart.o(i.MX_USART1_UART_Init) refers to stm32f1xx_hal_uart.o(i.HAL_UART_Init) for HAL_UART_Init
    usart.o(i.MX_USART1_UART_Init) refers to errorhandler.o(i._Error_Handler) for _Error_Handler
    usart.o(i.MX_USART1_UART_Init) refers to usart.o(.bss) for huart1
    usart.o(i.MX_USART3_UART_Init) refers to stm32f1xx_hal_uart.o(i.HAL_UART_Init) for HAL_UART_Init
    usart.o(i.MX_USART3_UART_Init) refers to errorhandler.o(i._Error_Handler) for _Error_Handler
    usart.o(i.MX_USART3_UART_Init) refers to usart.o(.bss) for huart3
    stm32f1xx_hal_msp.o(i.HAL_MspInit) refers to stm32f1xx_hal_cortex.o(i.HAL_NVIC_SetPriorityGrouping) for HAL_NVIC_SetPriorityGrouping
    stm32f1xx_hal_msp.o(i.HAL_MspInit) refers to stm32f1xx_hal_cortex.o(i.HAL_NVIC_SetPriority) for HAL_NVIC_SetPriority
    main.o(i.main) refers to os.o(i.SystemClock_Config) for SystemClock_Config
    main.o(i.main) refers to gpio.o(i.MX_GPIO_Init) for MX_GPIO_Init
    main.o(i.main) refers to usart1.o(i.USART1_Init) for USART1_Init
    main.o(i.main) refers to usart3.o(i.USART3_Init) for USART3_Init
    main.o(i.main) refers to adc.o(i.Configure_ADC) for Configure_ADC
    main.o(i.main) refers to adc.o(i.Activate_ADC) for Activate_ADC
    main.o(i.main) refers to controllertype.o(i.ControllerTypeDetection) for ControllerTypeDetection
    main.o(i.main) refers to adc.o(i.Disable_ADC) for Disable_ADC
    main.o(i.main) refers to os.o(i.OS_Init) for OS_Init
    main.o(i.main) refers to controllerport.o(i.Dixel_Init) for Dixel_Init
    main.o(i.main) refers to os.o(i.OS_PeriodTrigger0_Init) for OS_PeriodTrigger0_Init
    main.o(i.main) refers to os.o(i.OS_PeriodTrigger1_Init) for OS_PeriodTrigger1_Init
    main.o(i.main) refers to os.o(i.OS_InitSemaphore) for OS_InitSemaphore
    main.o(i.main) refers to os.o(i.OS_AddThread) for OS_AddThread
    main.o(i.main) refers to os.o(i.OS_Launch) for OS_Launch
[...]
    Removing stm32f1xx_hal_tim_ex.o(i.HAL_TIMEx_OCN_Stop), (192 bytes).
    Removing stm32f1xx_hal_tim_ex.o(i.HAL_TIMEx_OCN_Stop_DMA), (272 bytes).
    Removing stm32f1xx_hal_tim_ex.o(i.HAL_TIMEx_OCN_Stop_IT), (292 bytes).
    Removing stm32f1xx_hal_tim_ex.o(i.HAL_TIMEx_OnePulseN_Start), (128 bytes).
    Removing stm32f1xx_hal_tim_ex.o(i.HAL_TIMEx_OnePulseN_Start_IT), (152 bytes).
    Removing stm32f1xx_hal_tim_ex.o(i.HAL_TIMEx_OnePulseN_Stop), (192 bytes).
    Removing stm32f1xx_hal_tim_ex.o(i.HAL_TIMEx_OnePulseN_Stop_IT), (216 bytes).
    Removing stm32f1xx_hal_tim_ex.o(i.HAL_TIMEx_PWMN_Start), (140 bytes).
    Removing stm32f1xx_hal_tim_ex.o(i.HAL_TIMEx_PWMN_Start_DMA), (372 bytes).
    Removing stm32f1xx_hal_tim_ex.o(i.HAL_TIMEx_PWMN_Start_IT), (228 bytes).
    Removing stm32f1xx_hal_tim_ex.o(i.HAL_TIMEx_PWMN_Stop), (192 bytes).
    Removing stm32f1xx_hal_tim_ex.o(i.HAL_TIMEx_PWMN_Stop_DMA), (272 bytes).
    Removing stm32f1xx_hal_tim_ex.o(i.HAL_TIMEx_PWMN_Stop_IT), (292 bytes).
    Removing stm32f1xx_hal_tim_ex.o(i.TIMEx_DMACommutationCplt), (20 bytes).
    Removing stm32f1xx_hal_tim_ex.o(i.TIM_CCxNChannelCmd), (28 bytes).
    Removing stm32f1xx_hal_tim_ex.o(.constdata), (35 bytes).
    Removing stm32f1xx_hal_gpio_ex.o(.rev16_text), (4 bytes).
    Removing stm32f1xx_hal_gpio_ex.o(.revsh_text), (4 bytes).
    Removing stm32f1xx_hal_gpio_ex.o(.rrx_text), (6 bytes).
    Removing stm32f1xx_hal_gpio_ex.o(i.HAL_GPIOEx_ConfigEventout), (192 bytes).
    Removing stm32f1xx_hal_gpio_ex.o(i.HAL_GPIOEx_DisableEventout), (20 bytes).
    Removing stm32f1xx_hal_gpio_ex.o(i.HAL_GPIOEx_EnableEventout), (20 bytes).
    Removing stm32f1xx_hal_gpio_ex.o(.constdata), (35 bytes).
    Removing stm32f1xx_hal_pwr.o(.rev16_text), (4 bytes).
    Removing stm32f1xx_hal_pwr.o(.revsh_text), (4 bytes).
    Removing stm32f1xx_hal_pwr.o(.rrx_text), (6 bytes).
    Removing stm32f1xx_hal_pwr.o(i.HAL_PWR_ConfigPVD), (372 bytes).
    Removing stm32f1xx_hal_pwr.o(i.HAL_PWR_DeInit), (28 bytes).
    Removing stm32f1xx_hal_pwr.o(i.HAL_PWR_DisableBkUpAccess), (12 bytes).
    Removing stm32f1xx_hal_pwr.o(i.HAL_PWR_DisablePVD), (12 bytes).
    Removing stm32f1xx_hal_pwr.o(i.HAL_PWR_DisableSEVOnPend), (20 bytes).
    Removing stm32f1xx_hal_pwr.o(i.HAL_PWR_DisableSleepOnExit), (20 bytes).
    Removing stm32f1xx_hal_pwr.o(i.HAL_PWR_DisableWakeUpPin), (104 bytes).
    Removing stm32f1xx_hal_pwr.o(i.HAL_PWR_EnableBkUpAccess), (12 bytes).
    Removing stm32f1xx_hal_pwr.o(i.HAL_PWR_EnablePVD), (12 bytes).
    Removing stm32f1xx_hal_pwr.o(i.HAL_PWR_EnableSEVOnPend), (20 bytes).
    Removing stm32f1xx_hal_pwr.o(i.HAL_PWR_EnableSleepOnExit), (20 bytes).
    Removing stm32f1xx_hal_pwr.o(i.HAL_PWR_EnableWakeUpPin), (104 bytes).
    Removing stm32f1xx_hal_pwr.o(i.HAL_PWR_EnterSLEEPMode), (116 bytes).
    Removing stm32f1xx_hal_pwr.o(i.HAL_PWR_EnterSTANDBYMode), (40 bytes).
    Removing stm32f1xx_hal_pwr.o(i.HAL_PWR_EnterSTOPMode), (176 bytes).
    Removing stm32f1xx_hal_pwr.o(i.HAL_PWR_PVDCallback), (2 bytes).
    Removing stm32f1xx_hal_pwr.o(i.HAL_PWR_PVD_IRQHandler), (32 bytes).
    Removing stm32f1xx_hal_pwr.o(i.PWR_OverloadWfe), (6 bytes).
    Removing stm32f1xx_hal_pwr.o(.constdata), (35 bytes).
    Removing stm32f1xx_hal_flash.o(.rev16_text), (4 bytes).
    Removing stm32f1xx_hal_flash.o(.revsh_text), (4 bytes).
    Removing stm32f1xx_hal_flash.o(.rrx_text), (6 bytes).
    Removing stm32f1xx_hal_flash.o(i.FLASH_Program_HalfWord), (32 bytes).
    Removing stm32f1xx_hal_flash.o(i.FLASH_SetErrorCode), (132 bytes).
    Removing stm32f1xx_hal_flash.o(i.FLASH_WaitForLastOperation), (112 bytes).
    Removing stm32f1xx_hal_flash.o(i.HAL_FLASH_EndOfOperationCallback), (2 bytes).
    Removing stm32f1xx_hal_flash.o(i.HAL_FLASH_GetError), (12 bytes).
    Removing stm32f1xx_hal_flash.o(i.HAL_FLASH_IRQHandler), (384 bytes).
    Removing stm32f1xx_hal_flash.o(i.HAL_FLASH_Lock), (20 bytes).
    Removing stm32f1xx_hal_flash.o(i.HAL_FLASH_OB_Launch), (8 bytes).
    Removing stm32f1xx_hal_flash.o(i.HAL_FLASH_OB_Lock), (20 bytes).
    Removing stm32f1xx_hal_flash.o(i.HAL_FLASH_OB_Unlock), (44 bytes).
    Removing stm32f1xx_hal_flash.o(i.HAL_FLASH_OperationErrorCallback), (2 bytes).
    Removing stm32f1xx_hal_flash.o(i.HAL_FLASH_Program), (384 bytes).
    Removing stm32f1xx_hal_flash.o(i.HAL_FLASH_Program_IT), (324 bytes).
    Removing stm32f1xx_hal_flash.o(i.HAL_FLASH_Unlock), (44 bytes).
    Removing stm32f1xx_hal_flash.o(.bss), (32 bytes).
    Removing stm32f1xx_hal_flash.o(.constdata), (35 bytes).
    Removing stm32f1xx_ll_utils.o(.rev16_text), (4 bytes).
    Removing stm32f1xx_ll_utils.o(.revsh_text), (4 bytes).
    Removing stm32f1xx_ll_utils.o(.rrx_text), (6 bytes).
    Removing stm32f1xx_ll_utils.o(i.LL_PLL_ConfigSystemClock_HSI), (104 bytes).
    Removing stm32f1xx_ll_utils.o(i.LL_RCC_HSI_IsReady), (16 bytes).
    Removing stm32f1xx_ll_utils.o(i.LL_mDelay), (40 bytes).
    Removing stm32f1xx_ll_utils.o(.constdata), (35 bytes).

522 unused section(s) (total 63608 bytes) removed from the image.

==============================================================================

Image Symbol Table

    Local Symbols

    Symbol Name                              Value     Ov Type        Size  Object(Section)

    ../Drivers/STM32F1xx_HAL_Driver/Src/stm32f1xx_hal.c 0x00000000   Number         0  stm32f1xx_hal.o ABSOLUTE
    ../Drivers/STM32F1xx_HAL_Driver/Src/stm32f1xx_hal_adc.c 0x00000000   Number         0  stm32f1xx_hal_adc.o ABSOLUTE
    ../Drivers/STM32F1xx_HAL_Driver/Src/stm32f1xx_hal_adc_ex.c 0x00000000   Number         0  stm32f1xx_hal_adc_ex.o ABSOLUTE
    ../Drivers/STM32F1xx_HAL_Driver/Src/stm32f1xx_hal_cortex.c 0x00000000   Number         0  stm32f1xx_hal_cortex.o ABSOLUTE
    ../Drivers/STM32F1xx_HAL_Driver/Src/stm32f1xx_hal_dma.c 0x00000000   Number         0  stm32f1xx_hal_dma.o ABSOLUTE
    ../Drivers/STM32F1xx_HAL_Driver/Src/stm32f1xx_hal_flash.c 0x00000000   Number         0  stm32f1xx_hal_flash.o ABSOLUTE
    ../Drivers/STM32F1xx_HAL_Driver/Src/stm32f1xx_hal_flash_ex.c 0x00000000   Number         0  stm32f1xx_hal_flash_ex.o ABSOLUTE
    ../Drivers/STM32F1xx_HAL_Driver/Src/stm32f1xx_hal_gpio.c 0x00000000   Number         0  stm32f1xx_hal_gpio.o ABSOLUTE
    ../Drivers/STM32F1xx_HAL_Driver/Src/stm32f1xx_hal_gpio_ex.c 0x00000000   Number         0  stm32f1xx_hal_gpio_ex.o ABSOLUTE
    ../Drivers/STM32F1xx_HAL_Driver/Src/stm32f1xx_hal_pwr.c 0x00000000   Number         0  stm32f1xx_hal_pwr.o ABSOLUTE
    ../Drivers/STM32F1xx_HAL_Driver/Src/stm32f1xx_hal_rcc.c 0x00000000   Number         0  stm32f1xx_hal_rcc.o ABSOLUTE
    ../Drivers/STM32F1xx_HAL_Driver/Src/stm32f1xx_hal_rcc_ex.c 0x00000000   Number         0  stm32f1xx_hal_rcc_ex.o ABSOLUTE
    ../Drivers/STM32F1xx_HAL_Driver/Src/stm32f1xx_hal_tim.c 0x00000000   Number         0  stm32f1xx_hal_tim.o ABSOLUTE
    ../Drivers/STM32F1xx_HAL_Driver/Src/stm32f1xx_hal_tim_ex.c 0x00000000   Number         0  stm32f1xx_hal_tim_ex.o ABSOLUTE
    ../Drivers/STM32F1xx_HAL_Driver/Src/stm32f1xx_hal_uart.c 0x00000000   Number         0  stm32f1xx_hal_uart.o ABSOLUTE
    ../Src/adc.c                             0x00000000   Number         0  adc.o ABSOLUTE
    ../Src/gpio.c                            0x00000000   Number         0  gpio.o ABSOLUTE
    ../Src/main.c                            0x00000000   Number         0  main.o ABSOLUTE
    ../Src/stm32f1xx_hal_msp.c               0x00000000   Number         0  stm32f1xx_hal_msp.o ABSOLUTE
    ../Src/stm32f1xx_it.c                    0x00000000   Number         0  stm32f1xx_it.o ABSOLUTE
    ../Src/system_stm32f1xx.c                0x00000000   Number         0  system_stm32f1xx.o ABSOLUTE
    ../Src/usart.c                           0x00000000   Number         0  usart.o ABSOLUTE
    ../clib/microlib/init/entry.s            0x00000000   Number         0  entry10a.o ABSOLUTE
    ../clib/microlib/init/entry.s            0x00000000   Number         0  entry9b.o ABSOLUTE
    ../clib/microlib/init/entry.s            0x00000000   Number         0  entry.o ABSOLUTE
    ../clib/microlib/init/entry.s            0x00000000   Number         0  entry7b.o ABSOLUTE
    ../clib/microlib/init/entry.s            0x00000000   Number         0  entry8a.o ABSOLUTE
    ../clib/microlib/init/entry.s            0x00000000   Number         0  entry8b.o ABSOLUTE
    ../clib/microlib/init/entry.s            0x00000000   Number         0  entry2.o ABSOLUTE
    ../clib/microlib/init/entry.s            0x00000000   Number         0  entry9a.o ABSOLUTE
    ../clib/microlib/init/entry.s            0x00000000   Number         0  entry11b.o ABSOLUTE
    ../clib/microlib/init/entry.s            0x00000000   Number         0  entry7a.o ABSOLUTE
    ../clib/microlib/init/entry.s            0x00000000   Number         0  entry11a.o ABSOLUTE
    ../clib/microlib/init/entry.s            0x00000000   Number         0  entry10b.o ABSOLUTE
    ../clib/microlib/init/entry.s            0x00000000   Number         0  entry5.o ABSOLUTE
    ../clib/microlib/longlong.c              0x00000000   Number         0  llushr.o ABSOLUTE
    ../clib/microlib/string/memcpy.c         0x00000000   Number         0  memcpya.o ABSOLUTE
    ../clib/microlib/string/memcpy.c         0x00000000   Number         0  memcpyb.o ABSOLUTE
    ..\Drivers\STM32F1xx_HAL_Driver\Src\stm32f1xx_hal.c 0x00000000   Number         0  stm32f1xx_hal.o ABSOLUTE
    ..\Drivers\STM32F1xx_HAL_Driver\Src\stm32f1xx_hal_adc.c 0x00000000   Number         0  stm32f1xx_hal_adc.o ABSOLUTE
    ..\Drivers\STM32F1xx_HAL_Driver\Src\stm32f1xx_hal_adc_ex.c 0x00000000   Number         0  stm32f1xx_hal_adc_ex.o ABSOLUTE
    ..\Drivers\STM32F1xx_HAL_Driver\Src\stm32f1xx_hal_cortex.c 0x00000000   Number         0  stm32f1xx_hal_cortex.o ABSOLUTE
    ..\Drivers\STM32F1xx_HAL_Driver\Src\stm32f1xx_hal_dma.c 0x00000000   Number         0  stm32f1xx_hal_dma.o ABSOLUTE
    ..\Drivers\STM32F1xx_HAL_Driver\Src\stm32f1xx_hal_flash.c 0x00000000   Number         0  stm32f1xx_hal_flash.o ABSOLUTE
    ..\Drivers\STM32F1xx_HAL_Driver\Src\stm32f1xx_hal_flash_ex.c 0x00000000   Number         0  stm32f1xx_hal_flash_ex.o ABSOLUTE
    ..\Drivers\STM32F1xx_HAL_Driver\Src\stm32f1xx_hal_gpio.c 0x00000000   Number         0  stm32f1xx_hal_gpio.o ABSOLUTE
    ..\Drivers\STM32F1xx_HAL_Driver\Src\stm32f1xx_hal_gpio_ex.c 0x00000000   Number         0  stm32f1xx_hal_gpio_ex.o ABSOLUTE
    ..\Drivers\STM32F1xx_HAL_Driver\Src\stm32f1xx_hal_pwr.c 0x00000000   Number         0  stm32f1xx_hal_pwr.o ABSOLUTE
    ..\Drivers\STM32F1xx_HAL_Driver\Src\stm32f1xx_hal_rcc.c 0x00000000   Number         0  stm32f1xx_hal_rcc.o ABSOLUTE
    ..\Drivers\STM32F1xx_HAL_Driver\Src\stm32f1xx_hal_rcc_ex.c 0x00000000   Number         0  stm32f1xx_hal_rcc_ex.o ABSOLUTE
    ..\Drivers\STM32F1xx_HAL_Driver\Src\stm32f1xx_hal_tim.c 0x00000000   Number         0  stm32f1xx_hal_tim.o ABSOLUTE
    ..\Drivers\STM32F1xx_HAL_Driver\Src\stm32f1xx_hal_tim_ex.c 0x00000000   Number         0  stm32f1xx_hal_tim_ex.o ABSOLUTE
    ..\Drivers\STM32F1xx_HAL_Driver\Src\stm32f1xx_hal_uart.c 0x00000000   Number         0  stm32f1xx_hal_uart.o ABSOLUTE
    ..\Drivers\STM32F1xx_HAL_Driver\Src\stm32f1xx_ll_rcc.c 0x00000000   Number         0  stm32f1xx_ll_rcc.o ABSOLUTE
    ..\Drivers\STM32F1xx_HAL_Driver\Src\stm32f1xx_ll_usart.c 0x00000000   Number         0  stm32f1xx_ll_usart.o ABSOLUTE
    ..\Drivers\STM32F1xx_HAL_Driver\Src\stm32f1xx_ll_utils.c 0x00000000   Number         0  stm32f1xx_ll_utils.o ABSOLUTE
    ..\Src\BSP.c                             0x00000000   Number         0  bsp.o ABSOLUTE
    ..\Src\ControllerPort.c                  0x00000000   Number         0  controllerport.o ABSOLUTE
    ..\Src\ControllerType.c                  0x00000000   Number         0  controllertype.o ABSOLUTE
    ..\Src\ErrorHandler.c                    0x00000000   Number         0  errorhandler.o ABSOLUTE
    ..\Src\LED.c                             0x00000000   Number         0  led.o ABSOLUTE
    ..\Src\Modbus.c                          0x00000000   Number         0  modbus.o ABSOLUTE
    ..\Src\Televis.c                         0x00000000   Number         0  televis.o ABSOLUTE
    ..\Src\USART1.c                          0x00000000   Number         0  usart1.o ABSOLUTE
    ..\Src\USART3.c                          0x00000000   Number         0  usart3.o ABSOLUTE
    ..\Src\adc.c                             0x00000000   Number         0  adc.o ABSOLUTE
    ..\Src\gpio.c                            0x00000000   Number         0  gpio.o ABSOLUTE
    ..\Src\main.c                            0x00000000   Number         0  main.o ABSOLUTE
    ..\Src\main_threads.c                    0x00000000   Number         0  main_threads.o ABSOLUTE
    ..\Src\os.c                              0x00000000   Number         0  os.o ABSOLUTE
    ..\Src\osasm.s                           0x00000000   Number         0  osasm.o ABSOLUTE
    ..\Src\stm32f1xx_hal_msp.c               0x00000000   Number         0  stm32f1xx_hal_msp.o ABSOLUTE
    ..\Src\stm32f1xx_it.c                    0x00000000   Number         0  stm32f1xx_it.o ABSOLUTE
    ..\Src\system_stm32f1xx.c                0x00000000   Number         0  system_stm32f1xx.o ABSOLUTE
    ..\Src\tim.c                             0x00000000   Number         0  tim.o ABSOLUTE
    ..\Src\usart.c                           0x00000000   Number         0  usart.o ABSOLUTE
    ..\\Drivers\\STM32F1xx_HAL_Driver\\Src\\stm32f1xx_ll_utils.c 0x00000000   Number         0  stm32f1xx_ll_utils.o ABSOLUTE
    ..\\Src\\BSP.c                           0x00000000   Number         0  bsp.o ABSOLUTE
    ..\\Src\\ControllerPort.c                0x00000000   Number         0  controllerport.o ABSOLUTE
    ..\\Src\\ControllerType.c                0x00000000   Number         0  controllertype.o ABSOLUTE
    ..\\Src\\ErrorHandler.c                  0x00000000   Number         0  errorhandler.o ABSOLUTE
    ..\\Src\\LED.c                           0x00000000   Number         0  led.o ABSOLUTE
    ..\\Src\\Modbus.c                        0x00000000   Number         0  modbus.o ABSOLUTE
    ..\\Src\\Televis.c                       0x00000000   Number         0  televis.o ABSOLUTE
    ..\\Src\\USART1.c                        0x00000000   Number         0  usart1.o ABSOLUTE
    ..\\Src\\USART3.c                        0x00000000   Number         0  usart3.o ABSOLUTE
    ..\\Src\\main_threads.c                  0x00000000   Number         0  main_threads.o ABSOLUTE
    ..\\Src\\os.c                            0x00000000   Number         0  os.o ABSOLUTE
    ..\\Src\\tim.c                           0x00000000   Number         0  tim.o ABSOLUTE
    dc.s                                     0x00000000   Number         0  dc.o ABSOLUTE
    handlers.s                               0x00000000   Number         0  handlers.o ABSOLUTE
    init.s                                   0x00000000   Number         0  init.o ABSOLUTE
    startup_stm32f103xb.s                    0x00000000   Number         0  startup_stm32f103xb.o ABSOLUTE
    RESET                                    0x08000000   Section      236  startup_stm32f103xb.o(RESET)
    .ARM.Collect$$$$00000000                 0x080000ec   Section        0  entry.o(.ARM.Collect$$$$00000000)
    .ARM.Collect$$$$00000001                 0x080000ec   Section        4  entry2.o(.ARM.Collect$$$$00000001)
    .ARM.Collect$$$$00000004                 0x080000f0   Section        4  entry5.o(.ARM.Collect$$$$00000004)
    .ARM.Collect$$$$00000008                 0x080000f4   Section        0  entry7b.o(.ARM.Collect$$$$00000008)
    .ARM.Collect$$$$0000000A                 0x080000f4   Section        0  entry8b.o(.ARM.Collect$$$$0000000A)
    .ARM.Collect$$$$0000000B                 0x080000f4   Section        8  entry9a.o(.ARM.Collect$$$$0000000B)
    .ARM.Collect$$$$0000000D                 0x080000fc   Section        0  entry10a.o(.ARM.Collect$$$$0000000D)
    .ARM.Collect$$$$0000000F                 0x080000fc   Section        0  entry11a.o(.ARM.Collect$$$$0000000F)
    .ARM.Collect$$$$00002712                 0x080000fc   Section        4  entry2.o(.ARM.Collect$$$$00002712)
    __lit__00000000                          0x080000fc   Data           4  entry2.o(.ARM.Collect$$$$00002712)
    .text                                    0x08000100   Section       62  startup_stm32f103xb.o(.text)
    .text                                    0x08000140   Section       92  osasm.o(.text)
    .text                                    0x0800019c   Section        0  memcpya.o(.text)
    .text                                    0x080001c0   Section       36  init.o(.text)
    i.ADC1_2_IRQHandler                      0x080001e4   Section        0  adc.o(i.ADC1_2_IRQHandler)
    i.Activate_ADC                           0x08000208   Section        0  adc.o(i.Activate_ADC)
    i.AdcGrpRegularUnitaryConvComplete_Callback 0x08000260   Section        0  adc.o(i.AdcGrpRegularUnitaryConvComplete_Callback)
    i.BSP_PeriodicTask_Init                  0x080002a4   Section        0  bsp.o(i.BSP_PeriodicTask_Init)
    i.BSP_PeriodicTask_InitB                 0x08000390   Section        0  bsp.o(i.BSP_PeriodicTask_InitB)
    i.BusFault_Handler                       0x0800047c   Section        0  stm32f1xx_it.o(i.BusFault_Handler)
    i.Configure_ADC                          0x080004a0   Section        0  adc.o(i.Configure_ADC)
    i.Configure_TIM2TimeBase                 0x08000638   Section        0  tim.o(i.Configure_TIM2TimeBase)
    i.ControllerTypeDetection                0x0800073c   Section        0  controllertype.o(i.ControllerTypeDetection)
    i.CtrlPortHandleContinuousReception      0x080007e8   Section        0  main_threads.o(i.CtrlPortHandleContinuousReception)
    i.CtrlPortRxInit                         0x08000854   Section        0  main_threads.o(i.CtrlPortRxInit)
    i.CtrlPortSendMsg                        0x0800089c   Section        0  main_threads.o(i.CtrlPortSendMsg)
    i.CtrlPortTxInit                         0x080008f4   Section        0  main_threads.o(i.CtrlPortTxInit)
    i.DebugMon_Handler                       0x08000930   Section        0  stm32f1xx_it.o(i.DebugMon_Handler)
    i.Disable_ADC                            0x08000954   Section        0  adc.o(i.Disable_ADC)
    i.Dixel_Init                             0x08000978   Section        0  controllerport.o(i.Dixel_Init)
    i.EventThread100ms                       0x080009ec   Section        0  main_threads.o(i.EventThread100ms)
    i.EventThread1sec                        0x080009fc   Section        0  main_threads.o(i.EventThread1sec)
    i.HAL_GPIO_Init                          0x08000a20   Section        0  stm32f1xx_hal_gpio.o(i.HAL_GPIO_Init)
    i.HAL_GPIO_ReadPin                       0x08000e18   Section        0  stm32f1xx_hal_gpio.o(i.HAL_GPIO_ReadPin)
    i.HAL_GPIO_TogglePin                     0x08000e80   Section        0  stm32f1xx_hal_gpio.o(i.HAL_GPIO_TogglePin)
    i.HAL_GPIO_WritePin                      0x08000ee0   Section        0  stm32f1xx_hal_gpio.o(i.HAL_GPIO_WritePin)
    i.HAL_NVIC_EnableIRQ                     0x08000f58   Section        0  stm32f1xx_hal_cortex.o(i.HAL_NVIC_EnableIRQ)
    i.HAL_NVIC_SetPriority                   0x08000fc0   Section        0  stm32f1xx_hal_cortex.o(i.HAL_NVIC_SetPriority)
    i.HAL_TIMEx_BreakCallback                0x08001094   Section        0  stm32f1xx_hal_tim_ex.o(i.HAL_TIMEx_BreakCallback)
    i.HAL_TIMEx_CommutationCallback          0x08001096   Section        0  stm32f1xx_hal_tim_ex.o(i.HAL_TIMEx_CommutationCallback)
    i.HAL_TIM_Base_Start_IT                  0x08001098   Section        0  stm32f1xx_hal_tim.o(i.HAL_TIM_Base_Start_IT)
    i.HAL_TIM_IC_CaptureCallback             0x08001128   Section        0  stm32f1xx_hal_tim.o(i.HAL_TIM_IC_CaptureCallback)
    i.HAL_TIM_IRQHandler                     0x0800112a   Section        0  stm32f1xx_hal_tim.o(i.HAL_TIM_IRQHandler)
    i.HAL_TIM_OC_DelayElapsedCallback        0x080012c0   Section        0  stm32f1xx_hal_tim.o(i.HAL_TIM_OC_DelayElapsedCallback)
    i.HAL_TIM_PWM_PulseFinishedCallback      0x080012c2   Section        0  stm32f1xx_hal_tim.o(i.HAL_TIM_PWM_PulseFinishedCallback)
    i.HAL_TIM_PeriodElapsedCallback          0x080012c4   Section        0  stm32f1xx_hal_tim.o(i.HAL_TIM_PeriodElapsedCallback)
    i.HAL_TIM_TriggerCallback                0x080012c6   Section        0  stm32f1xx_hal_tim.o(i.HAL_TIM_TriggerCallback)
    i.HardFault_Handler                      0x080012c8   Section        0  stm32f1xx_it.o(i.HardFault_Handler)
    i.IdleTask                               0x080012f8   Section        0  main_threads.o(i.IdleTask)
    i.LED_ErrorBlinking                      0x08001310   Section        0  errorhandler.o(i.LED_ErrorBlinking)
    i.LED_GreenOn                            0x08001350   Section        0  led.o(i.LED_GreenOn)
    i.LED_Init                               0x0800136c   Section        0  errorhandler.o(i.LED_Init)
    i.LED_OrangeOn                           0x080013c4   Section        0  led.o(i.LED_OrangeOn)
    i.LEDs_off                               0x080013e0   Section        0  led.o(i.LEDs_off)
    i.LL_ADC_IsEnabled                       0x080013fc   Section        0  adc.o(i.LL_ADC_IsEnabled)
    LL_ADC_IsEnabled                         0x080013fd   Thumb Code    10  adc.o(i.LL_ADC_IsEnabled)
    i.LL_APB2_GRP1_EnableClock               0x08001408   Section        0  adc.o(i.LL_APB2_GRP1_EnableClock)
    LL_APB2_GRP1_EnableClock                 0x08001409   Thumb Code    24  adc.o(i.LL_APB2_GRP1_EnableClock)
    i.LL_APB2_GRP1_EnableClock               0x08001424   Section        0  usart1.o(i.LL_APB2_GRP1_EnableClock)
    LL_APB2_GRP1_EnableClock                 0x08001425   Thumb Code    24  usart1.o(i.LL_APB2_GRP1_EnableClock)
    i.LL_GPIO_ResetOutputPin                 0x08001440   Section        0  led.o(i.LL_GPIO_ResetOutputPin)
    LL_GPIO_ResetOutputPin                   0x08001441   Thumb Code     8  led.o(i.LL_GPIO_ResetOutputPin)
    i.LL_GPIO_SetOutputPin                   0x08001448   Section        0  led.o(i.LL_GPIO_SetOutputPin)
    LL_GPIO_SetOutputPin                     0x08001449   Thumb Code     8  led.o(i.LL_GPIO_SetOutputPin)
    i.LL_GPIO_SetPinMode                     0x08001450   Section        0  usart1.o(i.LL_GPIO_SetPinMode)
    LL_GPIO_SetPinMode                       0x08001451   Thumb Code    44  usart1.o(i.LL_GPIO_SetPinMode)
    i.LL_GPIO_SetPinMode                     0x0800147c   Section        0  usart3.o(i.LL_GPIO_SetPinMode)
    LL_GPIO_SetPinMode                       0x0800147d   Thumb Code    44  usart3.o(i.LL_GPIO_SetPinMode)
    i.LL_GPIO_SetPinPull                     0x080014a8   Section        0  usart1.o(i.LL_GPIO_SetPinPull)
    LL_GPIO_SetPinPull                       0x080014a9   Thumb Code    28  usart1.o(i.LL_GPIO_SetPinPull)
    i.LL_GPIO_SetPinPull                     0x080014c4   Section        0  usart3.o(i.LL_GPIO_SetPinPull)
    LL_GPIO_SetPinPull                       0x080014c5   Thumb Code    28  usart3.o(i.LL_GPIO_SetPinPull)
    i.LL_GPIO_SetPinSpeed                    0x080014e0   Section        0  usart1.o(i.LL_GPIO_SetPinSpeed)
    LL_GPIO_SetPinSpeed                      0x080014e1   Thumb Code    44  usart1.o(i.LL_GPIO_SetPinSpeed)
    i.LL_GPIO_SetPinSpeed                    0x0800150c   Section        0  usart3.o(i.LL_GPIO_SetPinSpeed)
    LL_GPIO_SetPinSpeed                      0x0800150d   Thumb Code    44  usart3.o(i.LL_GPIO_SetPinSpeed)
    i.LL_GPIO_TogglePin                      0x08001538   Section        0  led.o(i.LL_GPIO_TogglePin)
    LL_GPIO_TogglePin                        0x08001539   Thumb Code    12  led.o(i.LL_GPIO_TogglePin)
    i.LL_Init1msTick                         0x08001544   Section        0  stm32f1xx_ll_utils.o(i.LL_Init1msTick)
    i.LL_PLL_ConfigSystemClock_HSE           0x08001560   Section        0  stm32f1xx_ll_utils.o(i.LL_PLL_ConfigSystemClock_HSE)
    i.LL_RCC_HSE_IsReady                     0x08001678   Section        0  stm32f1xx_ll_utils.o(i.LL_RCC_HSE_IsReady)
    LL_RCC_HSE_IsReady                       0x08001679   Thumb Code    10  stm32f1xx_ll_utils.o(i.LL_RCC_HSE_IsReady)
    i.LL_RCC_PLL_ConfigDomain_SYS            0x08001688   Section        0  stm32f1xx_ll_utils.o(i.LL_RCC_PLL_ConfigDomain_SYS)
    LL_RCC_PLL_ConfigDomain_SYS              0x08001689   Thumb Code    22  stm32f1xx_ll_utils.o(i.LL_RCC_PLL_ConfigDomain_SYS)
    i.LL_RCC_PLL_IsReady                     0x080016a4   Section        0  stm32f1xx_ll_utils.o(i.LL_RCC_PLL_IsReady)
    LL_RCC_PLL_IsReady                       0x080016a5   Thumb Code    10  stm32f1xx_ll_utils.o(i.LL_RCC_PLL_IsReady)
    i.LL_SetSystemCoreClock                  0x080016b4   Section        0  stm32f1xx_ll_utils.o(i.LL_SetSystemCoreClock)
    i.LL_TIM_GenerateEvent_UPDATE            0x080016c0   Section        0  tim.o(i.LL_TIM_GenerateEvent_UPDATE)
    LL_TIM_GenerateEvent_UPDATE              0x080016c1   Thumb Code    10  tim.o(i.LL_TIM_GenerateEvent_UPDATE)
    i.LL_TIM_SetAutoReload                   0x080016ca   Section        0  tim.o(i.LL_TIM_SetAutoReload)
    LL_TIM_SetAutoReload                     0x080016cb   Thumb Code     4  tim.o(i.LL_TIM_SetAutoReload)
    i.LL_USART_ConfigCharacter               0x080016ce   Section        0  televis.o(i.LL_USART_ConfigCharacter)
    LL_USART_ConfigCharacter                 0x080016cf   Thumb Code    28  televis.o(i.LL_USART_ConfigCharacter)
    i.LL_USART_EnableIT_ERROR                0x080016ea   Section        0  televis.o(i.LL_USART_EnableIT_ERROR)
    LL_USART_EnableIT_ERROR                  0x080016eb   Thumb Code    10  televis.o(i.LL_USART_EnableIT_ERROR)
    i.LL_USART_EnableIT_ERROR                0x080016f4   Section        0  main_threads.o(i.LL_USART_EnableIT_ERROR)
    LL_USART_EnableIT_ERROR                  0x080016f5   Thumb Code    10  main_threads.o(i.LL_USART_EnableIT_ERROR)
    i.LL_USART_EnableIT_IDLE                 0x080016fe   Section        0  main_threads.o(i.LL_USART_EnableIT_IDLE)
    LL_USART_EnableIT_IDLE                   0x080016ff   Thumb Code    10  main_threads.o(i.LL_USART_EnableIT_IDLE)
    i.LL_USART_EnableIT_RXNE                 0x08001708   Section        0  main_threads.o(i.LL_USART_EnableIT_RXNE)
    LL_USART_EnableIT_RXNE                   0x08001709   Thumb Code    10  main_threads.o(i.LL_USART_EnableIT_RXNE)
    i.LL_USART_EnableIT_TXE                  0x08001712   Section        0  main_threads.o(i.LL_USART_EnableIT_TXE)
    LL_USART_EnableIT_TXE                    0x08001713   Thumb Code    10  main_threads.o(i.LL_USART_EnableIT_TXE)
    i.LL_USART_IsActiveFlag_TC               0x0800171c   Section        0  televis.o(i.LL_USART_IsActiveFlag_TC)
    LL_USART_IsActiveFlag_TC                 0x0800171d   Thumb Code    10  televis.o(i.LL_USART_IsActiveFlag_TC)
    i.LL_USART_SetBaudRate                   0x08001726   Section        0  usart1.o(i.LL_USART_SetBaudRate)
    LL_USART_SetBaudRate                     0x08001727   Thumb Code   158  usart1.o(i.LL_USART_SetBaudRate)
    i.LL_USART_SetBaudRate                   0x080017c4   Section        0  usart3.o(i.LL_USART_SetBaudRate)
    LL_USART_SetBaudRate                     0x080017c5   Thumb Code   158  usart3.o(i.LL_USART_SetBaudRate)
    i.LL_USART_TransmitData8                 0x08001862   Section        0  televis.o(i.LL_USART_TransmitData8)
    LL_USART_TransmitData8                   0x08001863   Thumb Code     4  televis.o(i.LL_USART_TransmitData8)
    i.LL_USART_TransmitData8                 0x08001866   Section        0  main_threads.o(i.LL_USART_TransmitData8)
    LL_USART_TransmitData8                   0x08001867   Thumb Code     4  main_threads.o(i.LL_USART_TransmitData8)
    i.MU_PortHandleContinuousReception       0x0800186c   Section        0  main_threads.o(i.MU_PortHandleContinuousReception)
    i.MU_PortReceptionInit                   0x080018f8   Section        0  main_threads.o(i.MU_PortReceptionInit)
    i.MU_PortSendMsg                         0x08001988   Section        0  main_threads.o(i.MU_PortSendMsg)
    i.MX_GPIO_Init                           0x080019f0   Section        0  gpio.o(i.MX_GPIO_Init)
    i.MemManage_Handler                      0x08001af0   Section        0  stm32f1xx_it.o(i.MemManage_Handler)
    i.ModbusCrc16                            0x08001b14   Section        0  modbus.o(i.ModbusCrc16)
    ModbusCrc16                              0x08001b15   Thumb Code    68  modbus.o(i.ModbusCrc16)
    i.ModbusHndlReceive                      0x08001b58   Section        0  modbus.o(i.ModbusHndlReceive)
    i.ModbusPortReception                    0x08001c8c   Section        0  modbus.o(i.ModbusPortReception)
    i.ModbusPortRxInit                       0x08001cf8   Section        0  modbus.o(i.ModbusPortRxInit)
    i.ModbusPortSendMsg                      0x08001d94   Section        0  modbus.o(i.ModbusPortSendMsg)
    i.ModbusPortTxInit                       0x08001dd8   Section        0  modbus.o(i.ModbusPortTxInit)
    i.ModbusSend                             0x08001e48   Section        0  modbus.o(i.ModbusSend)
    i.NMI_Handler                            0x08001f4c   Section        0  stm32f1xx_it.o(i.NMI_Handler)
    i.NVIC_DisableIRQ                        0x08001f70   Section        0  errorhandler.o(i.NVIC_DisableIRQ)
    NVIC_DisableIRQ                          0x08001f71   Thumb Code    18  errorhandler.o(i.NVIC_DisableIRQ)
    i.NVIC_GetPriorityGrouping               0x08001f88   Section        0  stm32f1xx_hal_cortex.o(i.NVIC_GetPriorityGrouping)
    NVIC_GetPriorityGrouping                 0x08001f89   Thumb Code    10  stm32f1xx_hal_cortex.o(i.NVIC_GetPriorityGrouping)
    i.NVIC_SetPriority                       0x08001f98   Section        0  os.o(i.NVIC_SetPriority)
    NVIC_SetPriority                         0x08001f99   Thumb Code    32  os.o(i.NVIC_SetPriority)
    i.NVIC_SetPriority                       0x08001fc0   Section        0  stm32f1xx_hal_cortex.o(i.NVIC_SetPriority)
    NVIC_SetPriority                         0x08001fc1   Thumb Code    32  stm32f1xx_hal_cortex.o(i.NVIC_SetPriority)
    i.OS_AddThread                           0x08001fe8   Section        0  os.o(i.OS_AddThread)
    i.OS_Init                                0x08002140   Section        0  os.o(i.OS_Init)
    i.OS_InitSemaphore                       0x0800216c   Section        0  os.o(i.OS_InitSemaphore)
    i.OS_Launch                              0x08002170   Section        0  os.o(i.OS_Launch)
    i.OS_PeriodTrigger0_Init                 0x08002198   Section        0  os.o(i.OS_PeriodTrigger0_Init)
    i.OS_PeriodTrigger1_Init                 0x080021c0   Section        0  os.o(i.OS_PeriodTrigger1_Init)
    i.OS_Signal                              0x080021e8   Section        0  os.o(i.OS_Signal)
    i.OS_Sleep                               0x0800221c   Section        0  os.o(i.OS_Sleep)
    i.OS_Suspend                             0x08002230   Section        0  os.o(i.OS_Suspend)
    i.OS_Wait                                0x08002248   Section        0  os.o(i.OS_Wait)
    i.RealTimeEvents                         0x08002274   Section        0  os.o(i.RealTimeEvents)
    i.SVC_Handler                            0x080022e0   Section        0  stm32f1xx_it.o(i.SVC_Handler)
    i.Scheduler                              0x080022e4   Section        0  os.o(i.Scheduler)
    i.SetTIM2_Period                         0x08002314   Section        0  tim.o(i.SetTIM2_Period)
    i.SystemClock_Config                     0x08002350   Section        0  os.o(i.SystemClock_Config)
    i.SystemInit                             0x08002390   Section        0  system_stm32f1xx.o(i.SystemInit)
    i.TIM2_IRQHandler                        0x080023e8   Section        0  stm32f1xx_it.o(i.TIM2_IRQHandler)
    i.TIM3_IRQHandler                        0x0800241c   Section        0  bsp.o(i.TIM3_IRQHandler)
    i.TIM4_IRQHandler                        0x08002434   Section        0  bsp.o(i.TIM4_IRQHandler)
    i.TIM_Base_SetConfig                     0x0800244c   Section        0  stm32f1xx_hal_tim.o(i.TIM_Base_SetConfig)
    i.TTimerDelay                            0x080024c0   Section        0  televis.o(i.TTimerDelay)
    i.TelevisCrc16                           0x080024fa   Section        0  televis.o(i.TelevisCrc16)
    TelevisCrc16                             0x080024fb   Thumb Code    28  televis.o(i.TelevisCrc16)
    i.TelevisEventThread100ms                0x08002518   Section        0  televis.o(i.TelevisEventThread100ms)
    i.TelevisEventThread1sec                 0x08002528   Section        0  televis.o(i.TelevisEventThread1sec)
    i.TelevisHndlReceive                     0x08002544   Section        0  televis.o(i.TelevisHndlReceive)
    i.TelevisPortReception                   0x08002634   Section        0  televis.o(i.TelevisPortReception)
    i.TelevisPortRxInit                      0x080026b4   Section        0  televis.o(i.TelevisPortRxInit)
    i.TelevisPortSendMsg                     0x0800270c   Section        0  televis.o(i.TelevisPortSendMsg)
    i.TelevisPortTxInit                      0x080027cc   Section        0  televis.o(i.TelevisPortTxInit)
    i.TelevisScan                            0x08002848   Section        0  televis.o(i.TelevisScan)
    i.TelevisSend                            0x08002914   Section        0  televis.o(i.TelevisSend)
    i.TelevisTIM2TimeInit                    0x08002a84   Section        0  televis.o(i.TelevisTIM2TimeInit)
    i.TimerUpdate_Callback                   0x08002b38   Section        0  stm32f1xx_it.o(i.TimerUpdate_Callback)
    i.ToggleLedGreen                         0x08002b44   Section        0  led.o(i.ToggleLedGreen)
    i.USART1_IDLE_Callback                   0x08002b60   Section        0  usart1.o(i.USART1_IDLE_Callback)
    i.USART1_IRQHandler                      0x08002bb0   Section        0  usart1.o(i.USART1_IRQHandler)
    i.USART1_Init                            0x08002c54   Section        0  usart1.o(i.USART1_Init)
    i.USART1_Reception_Callback              0x08002da0   Section        0  usart1.o(i.USART1_Reception_Callback)
    i.USART1_TXEmpty_Callback                0x08002df8   Section        0  usart1.o(i.USART1_TXEmpty_Callback)
    i.USART1_TransmitComplete_Callback       0x08002e50   Section        0  usart1.o(i.USART1_TransmitComplete_Callback)
    i.USART3_IDLE_Callback                   0x08002e9c   Section        0  usart3.o(i.USART3_IDLE_Callback)
    i.USART3_IRQHandler                      0x08002ef4   Section        0  usart3.o(i.USART3_IRQHandler)
    i.USART3_Init                            0x08002f98   Section        0  usart3.o(i.USART3_Init)
    i.USART3_Reception_Callback              0x08003100   Section        0  usart3.o(i.USART3_Reception_Callback)
    i.USART3_TransmitComplete_Callback       0x08003140   Section        0  usart3.o(i.USART3_TransmitComplete_Callback)
    i.USART_TXEmpty_Callback                 0x080031a0   Section        0  usart3.o(i.USART_TXEmpty_Callback)
    i.USARTxError_Callback                   0x080031f8   Section        0  errorhandler.o(i.USARTxError_Callback)
    i.UTILS_EnablePLLAndSwitchSystem         0x08003268   Section        0  stm32f1xx_ll_utils.o(i.UTILS_EnablePLLAndSwitchSystem)
    UTILS_EnablePLLAndSwitchSystem           0x08003269   Thumb Code   366  stm32f1xx_ll_utils.o(i.UTILS_EnablePLLAndSwitchSystem)
    i.UTILS_GetPLLOutputFrequency            0x08003420   Section        0  stm32f1xx_ll_utils.o(i.UTILS_GetPLLOutputFrequency)
    UTILS_GetPLLOutputFrequency              0x08003421   Thumb Code   182  stm32f1xx_ll_utils.o(i.UTILS_GetPLLOutputFrequency)
    i.UTILS_PLL_IsBusy                       0x08003518   Section        0  stm32f1xx_ll_utils.o(i.UTILS_PLL_IsBusy)
    UTILS_PLL_IsBusy                         0x08003519   Thumb Code    16  stm32f1xx_ll_utils.o(i.UTILS_PLL_IsBusy)
    i.UTILS_SetFlashLatency                  0x08003528   Section        0  stm32f1xx_ll_utils.o(i.UTILS_SetFlashLatency)
    UTILS_SetFlashLatency                    0x08003529   Thumb Code    68  stm32f1xx_ll_utils.o(i.UTILS_SetFlashLatency)
    i.UsageFault_Handler                     0x08003578   Section        0  stm32f1xx_it.o(i.UsageFault_Handler)
    i._Error_Handler                         0x0800359c   Section        0  errorhandler.o(i._Error_Handler)
    i.__scatterload_copy                     0x080035cc   Section       14  handlers.o(i.__scatterload_copy)
    i.__scatterload_null                     0x080035da   Section        2  handlers.o(i.__scatterload_null)
    i.__scatterload_zeroinit                 0x080035dc   Section       14  handlers.o(i.__scatterload_zeroinit)
    i.assert_failed                          0x080035ea   Section        0  main.o(i.assert_failed)
    i.main                                   0x080035ec   Section        0  main.o(i.main)
    i.runperiodicevents                      0x080038ac   Section        0  os.o(i.runperiodicevents)
    runperiodicevents                        0x080038ad   Thumb Code    50  os.o(i.runperiodicevents)
    .constdata                               0x080038e4   Section       59  system_stm32f1xx.o(.constdata)
    OFFSET_TAB_CCMRx                         0x080038e4   Data           7  system_stm32f1xx.o(.constdata)
    SHIFT_TAB_OCxx                           0x080038eb   Data           7  system_stm32f1xx.o(.constdata)
    SHIFT_TAB_ICxx                           0x080038f2   Data           7  system_stm32f1xx.o(.constdata)
    SHIFT_TAB_CCxP                           0x080038f9   Data           7  system_stm32f1xx.o(.constdata)
    SHIFT_TAB_OISx                           0x08003900   Data           7  system_stm32f1xx.o(.constdata)
    .constdata                               0x0800391f   Section       41  televis.o(.constdata)
    OFFSET_TAB_CCMRx                         0x0800391f   Data           7  televis.o(.constdata)
    SHIFT_TAB_OCxx                           0x08003926   Data           7  televis.o(.constdata)
    SHIFT_TAB_ICxx                           0x0800392d   Data           7  televis.o(.constdata)
    SHIFT_TAB_CCxP                           0x08003934   Data           7  televis.o(.constdata)
    SHIFT_TAB_OISx                           0x0800393b   Data           7  televis.o(.constdata)
    .constdata                               0x08003948   Section       40  controllertype.o(.constdata)
    OFFSET_TAB_CCMRx                         0x08003948   Data           7  controllertype.o(.constdata)
    SHIFT_TAB_OCxx                           0x0800394f   Data           7  controllertype.o(.constdata)
    SHIFT_TAB_ICxx                           0x08003956   Data           7  controllertype.o(.constdata)
    SHIFT_TAB_CCxP                           0x0800395d   Data           7  controllertype.o(.constdata)
    SHIFT_TAB_OISx                           0x08003964   Data           7  controllertype.o(.constdata)
    .data                                    0x20000000   Section        4  system_stm32f1xx.o(.data)
    .data                                    0x20000004   Section        4  main.o(.data)
    .data                                    0x20000008   Section        6  stm32f1xx_it.o(.data)
    .data                                    0x2000000e   Section        8  adc.o(.data)
    .data                                    0x20000018   Section        8  errorhandler.o(.data)
    .data                                    0x20000020   Section       84  os.o(.data)
    ThreadId                                 0x2000002c   Data           4  os.o(.data)
    realCount                                0x20000070   Data           4  os.o(.data)
    .data                                    0x20000074   Section       12  bsp.o(.data)
    uwPrescalerValue                         0x20000074   Data           4  bsp.o(.data)
    .data                                    0x20000080   Section       16  tim.o(.data)
    uwPrescalerValue                         0x20000080   Data           4  tim.o(.data)
    InitialAutoreload                        0x20000084   Data           4  tim.o(.data)
    AutoreloadMult                           0x20000088   Data           1  tim.o(.data)
    TimOutClock                              0x2000008c   Data           4  tim.o(.data)
    .data                                    0x20000090   Section        1  usart1.o(.data)
    .data                                    0x20000094   Section       25  televis.o(.data)
    InitialAutoreload                        0x20000094   Data           4  televis.o(.data)
    .data                                    0x200000ad   Section        6  controllerport.o(.data)
    .data                                    0x200000b4   Section       16  modbus.o(.data)
    .data                                    0x200000c4   Section       88  main_threads.o(.data)
    .data                                    0x2000011c   Section        4  controllertype.o(.data)
    .bss                                     0x20000120   Section      255  errorhandler.o(.bss)
    .bss                                     0x20000220   Section     8512  os.o(.bss)
    .bss                                     0x20002360   Section      128  tim.o(.bss)
    .bss                                     0x200023e0   Section       32  televis.o(.bss)
    .bss                                     0x20002400   Section       32  modbus.o(.bss)
    .bss                                     0x20002420   Section      128  main_threads.o(.bss)
    .bss                                     0x200024a0   Section       20  controllertype.o(.bss)
    STACK                                    0x200024b8   Section     1024  startup_stm32f103xb.o(STACK)

    Global Symbols

    Symbol Name                              Value     Ov Type        Size  Object(Section)

    BuildAttributes$$THM_ISAv4$P$D$K$B$S$PE$A:L22UL41UL21$X:L11$S22US41US21$IEEE1$IW$USESV6$~STKCKD$USESV7$~SHL$OSPACE$EBA8$MICROLIB$REQ8$PRES8$EABIv2 0x00000000   Number         0  anon$$obj.o ABSOLUTE
    __ARM_use_no_argv                        0x00000000   Number         0  main.o ABSOLUTE
    __cpp_initialize__aeabi_                  - Undefined Weak Reference
    __cxa_finalize                            - Undefined Weak Reference
    __decompress                              - Undefined Weak Reference
    _clock_init                               - Undefined Weak Reference
    _microlib_exit                            - Undefined Weak Reference
    __Vectors_Size                           0x000000ec   Number         0  startup_stm32f103xb.o ABSOLUTE
    __Vectors                                0x08000000   Data           4  startup_stm32f103xb.o(RESET)
    __Vectors_End                            0x080000ec   Data           0  startup_stm32f103xb.o(RESET)
    __main                                   0x080000ed   Thumb Code     0  entry.o(.ARM.Collect$$$$00000000)
    _main_stk                                0x080000ed   Thumb Code     0  entry2.o(.ARM.Collect$$$$00000001)
    _main_scatterload                        0x080000f1   Thumb Code     0  entry5.o(.ARM.Collect$$$$00000004)
    __main_after_scatterload                 0x080000f5   Thumb Code     0  entry5.o(.ARM.Collect$$$$00000004)
    _main_clock                              0x080000f5   Thumb Code     0  entry7b.o(.ARM.Collect$$$$00000008)
    _main_cpp_init                           0x080000f5   Thumb Code     0  entry8b.o(.ARM.Collect$$$$0000000A)
    _main_init                               0x080000f5   Thumb Code     0  entry9a.o(.ARM.Collect$$$$0000000B)
    __rt_final_cpp                           0x080000fd   Thumb Code     0  entry10a.o(.ARM.Collect$$$$0000000D)
    __rt_final_exit                          0x080000fd   Thumb Code     0  entry11a.o(.ARM.Collect$$$$0000000F)
    Reset_Handler                            0x08000101   Thumb Code     8  startup_stm32f103xb.o(.text)
    CAN1_RX1_IRQHandler                      0x0800011b   Thumb Code     0  startup_stm32f103xb.o(.text)
    CAN1_SCE_IRQHandler                      0x0800011b   Thumb Code     0  startup_stm32f103xb.o(.text)
    DMA1_Channel1_IRQHandler                 0x0800011b   Thumb Code     0  startup_stm32f103xb.o(.text)
    DMA1_Channel2_IRQHandler                 0x0800011b   Thumb Code     0  startup_stm32f103xb.o(.text)
    DMA1_Channel3_IRQHandler                 0x0800011b   Thumb Code     0  startup_stm32f103xb.o(.text)
    DMA1_Channel4_IRQHandler                 0x0800011b   Thumb Code     0  startup_stm32f103xb.o(.text)
    DMA1_Channel5_IRQHandler                 0x0800011b   Thumb Code     0  startup_stm32f103xb.o(.text)
    DMA1_Channel6_IRQHandler                 0x0800011b   Thumb Code     0  startup_stm32f103xb.o(.text)
    DMA1_Channel7_IRQHandler                 0x0800011b   Thumb Code     0  startup_stm32f103xb.o(.text)
    EXTI0_IRQHandler                         0x0800011b   Thumb Code     0  startup_stm32f103xb.o(.text)
    EXTI15_10_IRQHandler                     0x0800011b   Thumb Code     0  startup_stm32f103xb.o(.text)
    EXTI1_IRQHandler                         0x0800011b   Thumb Code     0  startup_stm32f103xb.o(.text)
    EXTI2_IRQHandler                         0x0800011b   Thumb Code     0  startup_stm32f103xb.o(.text)
    EXTI3_IRQHandler                         0x0800011b   Thumb Code     0  startup_stm32f103xb.o(.text)
    EXTI4_IRQHandler                         0x0800011b   Thumb Code     0  startup_stm32f103xb.o(.text)
    EXTI9_5_IRQHandler                       0x0800011b   Thumb Code     0  startup_stm32f103xb.o(.text)
    FLASH_IRQHandler                         0x0800011b   Thumb Code     0  startup_stm32f103xb.o(.text)
    I2C1_ER_IRQHandler                       0x0800011b   Thumb Code     0  startup_stm32f103xb.o(.text)
    I2C1_EV_IRQHandler                       0x0800011b   Thumb Code     0  startup_stm32f103xb.o(.text)
    I2C2_ER_IRQHandler                       0x0800011b   Thumb Code     0  startup_stm32f103xb.o(.text)
    I2C2_EV_IRQHandler                       0x0800011b   Thumb Code     0  startup_stm32f103xb.o(.text)
    PVD_IRQHandler                           0x0800011b   Thumb Code     0  startup_stm32f103xb.o(.text)
    RCC_IRQHandler                           0x0800011b   Thumb Code     0  startup_stm32f103xb.o(.text)
    RTC_Alarm_IRQHandler                     0x0800011b   Thumb Code     0  startup_stm32f103xb.o(.text)
    RTC_IRQHandler                           0x0800011b   Thumb Code     0  startup_stm32f103xb.o(.text)
    SPI1_IRQHandler                          0x0800011b   Thumb Code     0  startup_stm32f103xb.o(.text)
    SPI2_IRQHandler                          0x0800011b   Thumb Code     0  startup_stm32f103xb.o(.text)
    TAMPER_IRQHandler                        0x0800011b   Thumb Code     0  startup_stm32f103xb.o(.text)
    TIM1_BRK_IRQHandler                      0x0800011b   Thumb Code     0  startup_stm32f103xb.o(.text)
    TIM1_CC_IRQHandler                       0x0800011b   Thumb Code     0  startup_stm32f103xb.o(.text)
    TIM1_TRG_COM_IRQHandler                  0x0800011b   Thumb Code     0  startup_stm32f103xb.o(.text)
    TIM1_UP_IRQHandler                       0x0800011b   Thumb Code     0  startup_stm32f103xb.o(.text)
    USART2_IRQHandler                        0x0800011b   Thumb Code     0  startup_stm32f103xb.o(.text)
    USBWakeUp_IRQHandler                     0x0800011b   Thumb Code     0  startup_stm32f103xb.o(.text)
    USB_HP_CAN1_TX_IRQHandler                0x0800011b   Thumb Code     0  startup_stm32f103xb.o(.text)
    USB_LP_CAN1_RX0_IRQHandler               0x0800011b   Thumb Code     0  startup_stm32f103xb.o(.text)
    WWDG_IRQHandler                          0x0800011b   Thumb Code     0  startup_stm32f103xb.o(.text)
    DisableInterrupts                        0x08000125   Thumb Code     0  startup_stm32f103xb.o(.text)
    EnableInterrupts                         0x08000129   Thumb Code     0  startup_stm32f103xb.o(.text)
    StartCritical                            0x0800012d   Thumb Code     0  startup_stm32f103xb.o(.text)
    EndCritical                              0x08000135   Thumb Code     0  startup_stm32f103xb.o(.text)
    WaitForInterrupt                         0x0800013b   Thumb Code     0  startup_stm32f103xb.o(.text)
    SysTick_Handler                          0x08000141   Thumb Code     0  osasm.o(.text)
    StartOS                                  0x08000167   Thumb Code     0  osasm.o(.text)
    PendSV_Handler                           0x08000185   Thumb Code     0  osasm.o(.text)
    __aeabi_memcpy                           0x0800019d   Thumb Code    36  memcpya.o(.text)
    __aeabi_memcpy4                          0x0800019d   Thumb Code     0  memcpya.o(.text)
    __aeabi_memcpy8                          0x0800019d   Thumb Code     0  memcpya.o(.text)
    __scatterload                            0x080001c1   Thumb Code    28  init.o(.text)
    __scatterload_rt2                        0x080001c1   Thumb Code     0  init.o(.text)
    ADC1_2_IRQHandler                        0x080001e5   Thumb Code    32  adc.o(i.ADC1_2_IRQHandler)
    Activate_ADC                             0x08000209   Thumb Code    82  adc.o(i.Activate_ADC)
    AdcGrpRegularUnitaryConvComplete_Callback 0x08000261   Thumb Code    46  adc.o(i.AdcGrpRegularUnitaryConvComplete_Callback)
    BSP_PeriodicTask_Init                    0x080002a5   Thumb Code   194  bsp.o(i.BSP_PeriodicTask_Init)
    BSP_PeriodicTask_InitB                   0x08000391   Thumb Code   196  bsp.o(i.BSP_PeriodicTask_InitB)
    BusFault_Handler                         0x0800047d   Thumb Code    12  stm32f1xx_it.o(i.BusFault_Handler)
    Configure_ADC                            0x080004a1   Thumb Code   382  adc.o(i.Configure_ADC)
    Configure_TIM2TimeBase                   0x08000639   Thumb Code   234  tim.o(i.Configure_TIM2TimeBase)
    ControllerTypeDetection                  0x0800073d   Thumb Code   144  controllertype.o(i.ControllerTypeDetection)
    CtrlPortHandleContinuousReception        0x080007e9   Thumb Code    78  main_threads.o(i.CtrlPortHandleContinuousReception)
    CtrlPortRxInit                           0x08000855   Thumb Code    46  main_threads.o(i.CtrlPortRxInit)
    CtrlPortSendMsg                          0x0800089d   Thumb Code    62  main_threads.o(i.CtrlPortSendMsg)
    CtrlPortTxInit                           0x080008f5   Thumb Code    40  main_threads.o(i.CtrlPortTxInit)
    DebugMon_Handler                         0x08000931   Thumb Code    12  stm32f1xx_it.o(i.DebugMon_Handler)
    Disable_ADC                              0x08000955   Thumb Code    30  adc.o(i.Disable_ADC)
    Dixel_Init                               0x08000979   Thumb Code   104  controllerport.o(i.Dixel_Init)
    EventThread100ms                         0x080009ed   Thumb Code    10  main_threads.o(i.EventThread100ms)
    EventThread1sec                          0x080009fd   Thumb Code    28  main_threads.o(i.EventThread1sec)
    HAL_GPIO_Init                            0x08000a21   Thumb Code   900  stm32f1xx_hal_gpio.o(i.HAL_GPIO_Init)
    HAL_GPIO_ReadPin                         0x08000e19   Thumb Code    44  stm32f1xx_hal_gpio.o(i.HAL_GPIO_ReadPin)
    HAL_GPIO_TogglePin                       0x08000e81   Thumb Code    36  stm32f1xx_hal_gpio.o(i.HAL_GPIO_TogglePin)
    HAL_GPIO_WritePin                        0x08000ee1   Thumb Code    60  stm32f1xx_hal_gpio.o(i.HAL_GPIO_WritePin)
    HAL_NVIC_EnableIRQ                       0x08000f59   Thumb Code    44  stm32f1xx_hal_cortex.o(i.HAL_NVIC_EnableIRQ)
    HAL_NVIC_SetPriority                     0x08000fc1   Thumb Code   152  stm32f1xx_hal_cortex.o(i.HAL_NVIC_SetPriority)
    HAL_TIMEx_BreakCallback                  0x08001095   Thumb Code     2  stm32f1xx_hal_tim_ex.o(i.HAL_TIMEx_BreakCallback)
    HAL_TIMEx_CommutationCallback            0x08001097   Thumb Code     2  stm32f1xx_hal_tim_ex.o(i.HAL_TIMEx_CommutationCallback)
    HAL_TIM_Base_Start_IT                    0x08001099   Thumb Code    76  stm32f1xx_hal_tim.o(i.HAL_TIM_Base_Start_IT)
    HAL_TIM_IC_CaptureCallback               0x08001129   Thumb Code     2  stm32f1xx_hal_tim.o(i.HAL_TIM_IC_CaptureCallback)
    HAL_TIM_IRQHandler                       0x0800112b   Thumb Code   406  stm32f1xx_hal_tim.o(i.HAL_TIM_IRQHandler)
    HAL_TIM_OC_DelayElapsedCallback          0x080012c1   Thumb Code     2  stm32f1xx_hal_tim.o(i.HAL_TIM_OC_DelayElapsedCallback)
    HAL_TIM_PWM_PulseFinishedCallback        0x080012c3   Thumb Code     2  stm32f1xx_hal_tim.o(i.HAL_TIM_PWM_PulseFinishedCallback)
    HAL_TIM_PeriodElapsedCallback            0x080012c5   Thumb Code     2  stm32f1xx_hal_tim.o(i.HAL_TIM_PeriodElapsedCallback)
    HAL_TIM_TriggerCallback                  0x080012c7   Thumb Code     2  stm32f1xx_hal_tim.o(i.HAL_TIM_TriggerCallback)
    HardFault_Handler                        0x080012c9   Thumb Code    18  stm32f1xx_it.o(i.HardFault_Handler)
    IdleTask                                 0x080012f9   Thumb Code    20  main_threads.o(i.IdleTask)
    LED_ErrorBlinking                        0x08001311   Thumb Code    56  errorhandler.o(i.LED_ErrorBlinking)
    LED_GreenOn                              0x08001351   Thumb Code    24  led.o(i.LED_GreenOn)
    LED_Init                                 0x0800136d   Thumb Code    78  errorhandler.o(i.LED_Init)
    LED_OrangeOn                             0x080013c5   Thumb Code    24  led.o(i.LED_OrangeOn)
    LEDs_off                                 0x080013e1   Thumb Code    24  led.o(i.LEDs_off)
    LL_Init1msTick                           0x08001545   Thumb Code    28  stm32f1xx_ll_utils.o(i.LL_Init1msTick)
    LL_PLL_ConfigSystemClock_HSE             0x08001561   Thumb Code   212  stm32f1xx_ll_utils.o(i.LL_PLL_ConfigSystemClock_HSE)
    LL_SetSystemCoreClock                    0x080016b5   Thumb Code     6  stm32f1xx_ll_utils.o(i.LL_SetSystemCoreClock)
    MU_PortHandleContinuousReception         0x0800186d   Thumb Code   106  main_threads.o(i.MU_PortHandleContinuousReception)
    MU_PortReceptionInit                     0x080018f9   Thumb Code   104  main_threads.o(i.MU_PortReceptionInit)
    MU_PortSendMsg                           0x08001989   Thumb Code    82  main_threads.o(i.MU_PortSendMsg)
    MX_GPIO_Init                             0x080019f1   Thumb Code   240  gpio.o(i.MX_GPIO_Init)
    MemManage_Handler                        0x08001af1   Thumb Code    12  stm32f1xx_it.o(i.MemManage_Handler)
    ModbusHndlReceive                        0x08001b59   Thumb Code   282  modbus.o(i.ModbusHndlReceive)
    ModbusPortReception                      0x08001c8d   Thumb Code    78  modbus.o(i.ModbusPortReception)
    ModbusPortRxInit                         0x08001cf9   Thumb Code   124  modbus.o(i.ModbusPortRxInit)
    ModbusPortSendMsg                        0x08001d95   Thumb Code    52  modbus.o(i.ModbusPortSendMsg)
    ModbusPortTxInit                         0x08001dd9   Thumb Code    84  modbus.o(i.ModbusPortTxInit)
    ModbusSend                               0x08001e49   Thumb Code   240  modbus.o(i.ModbusSend)
    NMI_Handler                              0x08001f4d   Thumb Code    12  stm32f1xx_it.o(i.NMI_Handler)
    OS_AddThread                             0x08001fe9   Thumb Code   322  os.o(i.OS_AddThread)
    OS_Init                                  0x08002141   Thumb Code    30  os.o(i.OS_Init)
    OS_InitSemaphore                         0x0800216d   Thumb Code     4  os.o(i.OS_InitSemaphore)
    OS_Launch                                0x08002171   Thumb Code    36  os.o(i.OS_Launch)
    OS_PeriodTrigger0_Init                   0x08002199   Thumb Code    28  os.o(i.OS_PeriodTrigger0_Init)
    OS_PeriodTrigger1_Init                   0x080021c1   Thumb Code    28  os.o(i.OS_PeriodTrigger1_Init)
    OS_Signal                                0x080021e9   Thumb Code    46  os.o(i.OS_Signal)
    OS_Sleep                                 0x0800221d   Thumb Code    16  os.o(i.OS_Sleep)
    OS_Suspend                               0x08002231   Thumb Code    18  os.o(i.OS_Suspend)
    OS_Wait                                  0x08002249   Thumb Code    40  os.o(i.OS_Wait)
    RealTimeEvents                           0x08002275   Thumb Code    86  os.o(i.RealTimeEvents)
    SVC_Handler                              0x080022e1   Thumb Code     2  stm32f1xx_it.o(i.SVC_Handler)
    Scheduler                                0x080022e5   Thumb Code    42  os.o(i.Scheduler)
    SetTIM2_Period                           0x08002315   Thumb Code    50  tim.o(i.SetTIM2_Period)
    SystemClock_Config                       0x08002351   Thumb Code    42  os.o(i.SystemClock_Config)
    SystemInit                               0x08002391   Thumb Code    70  system_stm32f1xx.o(i.SystemInit)
    TIM2_IRQHandler                          0x080023e9   Thumb Code    48  stm32f1xx_it.o(i.TIM2_IRQHandler)
    TIM3_IRQHandler                          0x0800241d   Thumb Code    16  bsp.o(i.TIM3_IRQHandler)
    TIM4_IRQHandler                          0x08002435   Thumb Code    16  bsp.o(i.TIM4_IRQHandler)
    TIM_Base_SetConfig                       0x0800244d   Thumb Code   102  stm32f1xx_hal_tim.o(i.TIM_Base_SetConfig)
    TTimerDelay                              0x080024c1   Thumb Code    58  televis.o(i.TTimerDelay)
    TelevisEventThread100ms                  0x08002519   Thumb Code    10  televis.o(i.TelevisEventThread100ms)
    TelevisEventThread1sec                   0x08002529   Thumb Code    20  televis.o(i.TelevisEventThread1sec)
    TelevisHndlReceive                       0x08002545   Thumb Code   208  televis.o(i.TelevisHndlReceive)
    TelevisPortReception                     0x08002635   Thumb Code    92  televis.o(i.TelevisPortReception)
    TelevisPortRxInit                        0x080026b5   Thumb Code    64  televis.o(i.TelevisPortRxInit)
    TelevisPortSendMsg                       0x0800270d   Thumb Code   168  televis.o(i.TelevisPortSendMsg)
    TelevisPortTxInit                        0x080027cd   Thumb Code    92  televis.o(i.TelevisPortTxInit)
    TelevisScan                              0x08002849   Thumb Code   168  televis.o(i.TelevisScan)
    TelevisSend                              0x08002915   Thumb Code   346  televis.o(i.TelevisSend)
    TelevisTIM2TimeInit                      0x08002a85   Thumb Code   154  televis.o(i.TelevisTIM2TimeInit)
    TimerUpdate_Callback                     0x08002b39   Thumb Code     8  stm32f1xx_it.o(i.TimerUpdate_Callback)
    ToggleLedGreen                           0x08002b45   Thumb Code    24  led.o(i.ToggleLedGreen)
    USART1_IDLE_Callback                     0x08002b61   Thumb Code    58  usart1.o(i.USART1_IDLE_Callback)
    USART1_IRQHandler                        0x08002bb1   Thumb Code   158  usart1.o(i.USART1_IRQHandler)
    USART1_Init                              0x08002c55   Thumb Code   302  usart1.o(i.USART1_Init)
    USART1_Reception_Callback                0x08002da1   Thumb Code    66  usart1.o(i.USART1_Reception_Callback)
    USART1_TXEmpty_Callback                  0x08002df9   Thumb Code    70  usart1.o(i.USART1_TXEmpty_Callback)
    USART1_TransmitComplete_Callback         0x08002e51   Thumb Code    54  usart1.o(i.USART1_TransmitComplete_Callback)
    USART3_IDLE_Callback                     0x08002e9d   Thumb Code    66  usart3.o(i.USART3_IDLE_Callback)
    USART3_IRQHandler                        0x08002ef5   Thumb Code   158  usart3.o(i.USART3_IRQHandler)
    USART3_Init                              0x08002f99   Thumb Code   326  usart3.o(i.USART3_Init)
    USART3_Reception_Callback                0x08003101   Thumb Code    52  usart3.o(i.USART3_Reception_Callback)
    USART3_TransmitComplete_Callback         0x08003141   Thumb Code    74  usart3.o(i.USART3_TransmitComplete_Callback)
    USART_TXEmpty_Callback                   0x080031a1   Thumb Code    70  usart3.o(i.USART_TXEmpty_Callback)
    USARTxError_Callback                     0x080031f9   Thumb Code    76  errorhandler.o(i.USARTxError_Callback)
    UsageFault_Handler                       0x08003579   Thumb Code    12  stm32f1xx_it.o(i.UsageFault_Handler)
    _Error_Handler                           0x0800359d   Thumb Code    34  errorhandler.o(i._Error_Handler)
    __scatterload_copy                       0x080035cd   Thumb Code    14  handlers.o(i.__scatterload_copy)
    __scatterload_null                       0x080035db   Thumb Code     2  handlers.o(i.__scatterload_null)
    __scatterload_zeroinit                   0x080035dd   Thumb Code    14  handlers.o(i.__scatterload_zeroinit)
    assert_failed                            0x080035eb   Thumb Code     2  main.o(i.assert_failed)
    main                                     0x080035ed   Thumb Code   530  main.o(i.main)
    AHBPrescTable                            0x08003907   Data          16  system_stm32f1xx.o(.constdata)
    APBPrescTable                            0x08003917   Data           8  system_stm32f1xx.o(.constdata)
    TelevisScanCMD                           0x08003942   Data           6  televis.o(.constdata)
    ev                                       0x0800396c   Data           4  controllertype.o(.constdata)
    Region$$Table$$Base                      0x08003970   Number         0  anon$$obj.o(Region$$Table)
    Region$$Table$$Limit                     0x08003990   Number         0  anon$$obj.o(Region$$Table)
    SystemCoreClock                          0x20000000   Data           4  system_stm32f1xx.o(.data)
    ControllerType                           0x20000004   Data           4  main.o(.data)
    CounterTim2                              0x20000008   Data           4  stm32f1xx_it.o(.data)
    TIM2_InterruptFlag                       0x2000000c   Data           1  stm32f1xx_it.o(.data)
    HardFaultFlag                            0x2000000d   Data           1  stm32f1xx_it.o(.data)
    uhADCxConvertedData                      0x2000000e   Data           2  adc.o(.data)
    uhADCxConvertedData_Voltage_mVolt        0x20000010   Data           2  adc.o(.data)
    ubAdcGrpRegularUnitaryConvStatus         0x20000012   Data           1  adc.o(.data)
    uhADCxConversionCompleted                0x20000014   Data           2  adc.o(.data)
    ErrorLine                                0x20000018   Data           4  errorhandler.o(.data)
    sr_reg                                   0x2000001c   Data           4  errorhandler.o(.data)
    RunPt                                    0x20000020   Data           4  os.o(.data)
    PeriodicTask1                            0x20000024   Data           4  os.o(.data)
    NumThread                                0x20000028   Data           4  os.o(.data)
    previousPt                               0x20000030   Data           4  os.o(.data)
    nextPt                                   0x20000034   Data           4  os.o(.data)
    killPt                                   0x20000038   Data           4  os.o(.data)
    PutI                                     0x2000003c   Data           4  os.o(.data)
    GetI                                     0x20000040   Data           4  os.o(.data)
    CurrentSize                              0x20000044   Data           4  os.o(.data)
    LostData                                 0x20000048   Data           4  os.o(.data)
    PeriodicSemaphore0                       0x2000004c   Data           4  os.o(.data)
    Period0                                  0x20000050   Data           4  os.o(.data)
    PeriodicSemaphore1                       0x20000054   Data           4  os.o(.data)
    Period1                                  0x20000058   Data           4  os.o(.data)
    sUTILS_PLLInitStruct                     0x2000005c   Data           8  os.o(.data)
    sUTILS_ClkInitStruct                     0x20000064   Data          12  os.o(.data)
    PeriodicTask                             0x20000078   Data           4  bsp.o(.data)
    PeriodicTaskB                            0x2000007c   Data           4  bsp.o(.data)
    Televis1stByteFlag                       0x20000090   Data           1  usart1.o(.data)
    TelevisHndlReceiveSema                   0x20000098   Data           4  televis.o(.data)
    TelevisHndlSendSema                      0x2000009c   Data           4  televis.o(.data)
    TelevisPortTxInitSema                    0x200000a0   Data           4  televis.o(.data)
    TelevisPortRxInitSema                    0x200000a4   Data           4  televis.o(.data)
    TelevisCtrlScanSema                      0x200000a8   Data           4  televis.o(.data)
    TelevisMessageSize                       0x200000ac   Data           1  televis.o(.data)
    CtrlPortRegisters                        0x200000ad   Data           6  controllerport.o(.data)
    ModbusMsgSize                            0x200000b4   Data           4  modbus.o(.data)
    ModbusHndlReceiveSema                    0x200000b8   Data           4  modbus.o(.data)
    ModbusSendSema                           0x200000bc   Data           4  modbus.o(.data)
    ModbusPortTxInitSema                     0x200000c0   Data           4  modbus.o(.data)
    Time100msSemaphore                       0x200000c4   Data           4  main_threads.o(.data)
    Time1secSemaphore                        0x200000c8   Data           4  main_threads.o(.data)
    U3_RxSemaphore                           0x200000cc   Data           4  main_threads.o(.data)
    U3_TxSemaphore                           0x200000d0   Data           4  main_threads.o(.data)
    U3_RxInitSema                            0x200000d4   Data           4  main_threads.o(.data)
    U3_pBufferReception                      0x200000d8   Data           4  main_threads.o(.data)
    U3_pBufferTransmit                       0x200000dc   Data           4  main_threads.o(.data)
    U3_BufferReadyIndication                 0x200000e0   Data           4  main_threads.o(.data)
    U3_idxTx                                 0x200000e4   Data           4  main_threads.o(.data)
    U3_idxRx                                 0x200000e8   Data           4  main_threads.o(.data)
    U3_TxMessageSize                         0x200000ec   Data           1  main_threads.o(.data)
    U3_RxMessageSize                         0x200000ed   Data           1  main_threads.o(.data)
    PortCtrlTxInitSema                       0x200000f0   Data           4  main_threads.o(.data)
    PortCtrlRxInitSema                       0x200000f4   Data           4  main_threads.o(.data)
    U1_TxSemaphore                           0x200000f8   Data           4  main_threads.o(.data)
    U1_RxSemaphore                           0x200000fc   Data           4  main_threads.o(.data)
    U1_BufferReadyIndication                 0x20000100   Data           4  main_threads.o(.data)
    U1_RxMessageSize                         0x20000104   Data           1  main_threads.o(.data)
    U1_TxMessageSize                         0x20000105   Data           1  main_threads.o(.data)
    U1_idxTx                                 0x20000108   Data           4  main_threads.o(.data)
    U1_idxRx                                 0x2000010c   Data           4  main_threads.o(.data)
    U1_pBufferReception                      0x20000110   Data           4  main_threads.o(.data)
    U1_pBufferTransmit                       0x20000114   Data           4  main_threads.o(.data)
    Freetime                                 0x20000118   Data           4  main_threads.o(.data)
    DeviceFound                              0x2000011c   Data           1  controllertype.o(.data)
    ControllerTimeDetection                  0x2000011e   Data           2  controllertype.o(.data)
    ErrorBuff                                0x20000120   Data         255  errorhandler.o(.bss)
    tcbs                                     0x20000220   Data         480  os.o(.bss)
    Stacks                                   0x20000400   Data        8000  os.o(.bss)
    Fifo                                     0x20002340   Data          32  os.o(.bss)
    htim3                                    0x20002360   Data          64  tim.o(.bss)
    htim4                                    0x200023a0   Data          64  tim.o(.bss)
    TelevisBuf                               0x200023e0   Data          32  televis.o(.bss)
    ModbusBuf                                0x20002400   Data          32  modbus.o(.bss)
    U3_RXBuffer                              0x20002420   Data          32  main_threads.o(.bss)
    U3_TXBuffer                              0x20002440   Data          32  main_threads.o(.bss)
    U1_RXBufferA                             0x20002460   Data          32  main_threads.o(.bss)
    U1_TXBuffer                              0x20002480   Data          32  main_threads.o(.bss)
    Event                                    0x200024a0   Data          20  controllertype.o(.bss)
    __initial_sp                             0x200028b8   Data           0  startup_stm32f103xb.o(STACK)



==============================================================================

Memory Map of the image

  Image Entry point : 0x080000ed

  Load Region LR_IROM1 (Base: 0x08000000, Size: 0x00003ab0, Max: 0x00010000, ABSOLUTE)

    Execution Region ER_IROM1 (Exec base: 0x08000000, Load base: 0x08000000, Size: 0x00003990, Max: 0x00010000, ABSOLUTE)

    Exec Addr    Load Addr    Size         Type   Attr      Idx    E Section Name        Object

    0x08000000   0x08000000   0x000000ec   Data   RO            3    RESET               startup_stm32f103xb.o
    0x080000ec   0x080000ec   0x00000000   Code   RO         4109  * .ARM.Collect$$$$00000000  mc_w.l(entry.o)
    0x080000ec   0x080000ec   0x00000004   Code   RO         4118    .ARM.Collect$$$$00000001  mc_w.l(entry2.o)
    0x080000f0   0x080000f0   0x00000004   Code   RO         4121    .ARM.Collect$$$$00000004  mc_w.l(entry5.o)
    0x080000f4   0x080000f4   0x00000000   Code   RO         4123    .ARM.Collect$$$$00000008  mc_w.l(entry7b.o)
    0x080000f4   0x080000f4   0x00000000   Code   RO         4125    .ARM.Collect$$$$0000000A  mc_w.l(entry8b.o)
    0x080000f4   0x080000f4   0x00000008   Code   RO         4126    .ARM.Collect$$$$0000000B  mc_w.l(entry9a.o)
    0x080000fc   0x080000fc   0x00000000   Code   RO         4128    .ARM.Collect$$$$0000000D  mc_w.l(entry10a.o)
    0x080000fc   0x080000fc   0x00000000   Code   RO         4130    .ARM.Collect$$$$0000000F  mc_w.l(entry11a.o)
    0x080000fc   0x080000fc   0x00000004   Code   RO         4119    .ARM.Collect$$$$00002712  mc_w.l(entry2.o)
    0x08000100   0x08000100   0x0000003e   Code   RO            4    .text               startup_stm32f103xb.o
    0x0800013e   0x0800013e   0x00000002   PAD
    0x08000140   0x08000140   0x0000005c   Code   RO          755    .text               osasm.o
    0x0800019c   0x0800019c   0x00000024   Code   RO         4114    .text               mc_w.l(memcpya.o)
    0x080001c0   0x080001c0   0x00000024   Code   RO         4132    .text               mc_w.l(init.o)
    0x080001e4   0x080001e4   0x00000024   Code   RO          472    i.ADC1_2_IRQHandler  adc.o
    0x08000208   0x08000208   0x00000058   Code   RO          473    i.Activate_ADC      adc.o
    0x08000260   0x08000260   0x00000044   Code   RO          474    i.AdcGrpRegularUnitaryConvComplete_Callback  adc.o
    0x080002a4   0x080002a4   0x000000ec   Code   RO          762    i.BSP_PeriodicTask_Init  bsp.o
    0x08000390   0x08000390   0x000000ec   Code   RO          763    i.BSP_PeriodicTask_InitB  bsp.o
    0x0800047c   0x0800047c   0x00000024   Code   RO          389    i.BusFault_Handler  stm32f1xx_it.o
    0x080004a0   0x080004a0   0x00000198   Code   RO          475    i.Configure_ADC     adc.o
    0x08000638   0x08000638   0x00000104   Code   RO          837    i.Configure_TIM2TimeBase  tim.o
    0x0800073c   0x0800073c   0x000000ac   Code   RO         1437    i.ControllerTypeDetection  controllertype.o
    0x080007e8   0x080007e8   0x0000006c   Code   RO         1326    i.CtrlPortHandleContinuousReception  main_threads.o
    0x08000854   0x08000854   0x00000048   Code   RO         1327    i.CtrlPortRxInit    main_threads.o
    0x0800089c   0x0800089c   0x00000058   Code   RO         1328    i.CtrlPortSendMsg   main_threads.o
    0x080008f4   0x080008f4   0x0000003c   Code   RO         1329    i.CtrlPortTxInit    main_threads.o
    0x08000930   0x08000930   0x00000024   Code   RO          390    i.DebugMon_Handler  stm32f1xx_it.o
    0x08000954   0x08000954   0x00000024   Code   RO          476    i.Disable_ADC       adc.o
    0x08000978   0x08000978   0x00000074   Code   RO         1214    i.Dixel_Init        controllerport.o
    0x080009ec   0x080009ec   0x00000010   Code   RO         1330    i.EventThread100ms  main_threads.o
    0x080009fc   0x080009fc   0x00000024   Code   RO         1331    i.EventThread1sec   main_threads.o
    0x08000a20   0x08000a20   0x000003f8   Code   RO         3438    i.HAL_GPIO_Init     stm32f1xx_hal_gpio.o
    0x08000e18   0x08000e18   0x00000068   Code   RO         3440    i.HAL_GPIO_ReadPin  stm32f1xx_hal_gpio.o
    0x08000e80   0x08000e80   0x00000060   Code   RO         3441    i.HAL_GPIO_TogglePin  stm32f1xx_hal_gpio.o
    0x08000ee0   0x08000ee0   0x00000078   Code   RO         3442    i.HAL_GPIO_WritePin  stm32f1xx_hal_gpio.o
    0x08000f58   0x08000f58   0x00000068   Code   RO         1563    i.HAL_NVIC_EnableIRQ  stm32f1xx_hal_cortex.o
    0x08000fc0   0x08000fc0   0x000000d4   Code   RO         1569    i.HAL_NVIC_SetPriority  stm32f1xx_hal_cortex.o
    0x08001094   0x08001094   0x00000002   Code   RO         3503    i.HAL_TIMEx_BreakCallback  stm32f1xx_hal_tim_ex.o
    0x08001096   0x08001096   0x00000002   Code   RO         3504    i.HAL_TIMEx_CommutationCallback  stm32f1xx_hal_tim_ex.o
    0x08001098   0x08001098   0x00000090   Code   RO         2617    i.HAL_TIM_Base_Start_IT  stm32f1xx_hal_tim.o
    0x08001128   0x08001128   0x00000002   Code   RO         2641    i.HAL_TIM_IC_CaptureCallback  stm32f1xx_hal_tim.o
    0x0800112a   0x0800112a   0x00000196   Code   RO         2654    i.HAL_TIM_IRQHandler  stm32f1xx_hal_tim.o
    0x080012c0   0x080012c0   0x00000002   Code   RO         2657    i.HAL_TIM_OC_DelayElapsedCallback  stm32f1xx_hal_tim.o
    0x080012c2   0x080012c2   0x00000002   Code   RO         2684    i.HAL_TIM_PWM_PulseFinishedCallback  stm32f1xx_hal_tim.o
    0x080012c4   0x080012c4   0x00000002   Code   RO         2691    i.HAL_TIM_PeriodElapsedCallback  stm32f1xx_hal_tim.o
    0x080012c6   0x080012c6   0x00000002   Code   RO         2695    i.HAL_TIM_TriggerCallback  stm32f1xx_hal_tim.o
    0x080012c8   0x080012c8   0x00000030   Code   RO          391    i.HardFault_Handler  stm32f1xx_it.o
    0x080012f8   0x080012f8   0x00000018   Code   RO         1332    i.IdleTask          main_threads.o
    0x08001310   0x08001310   0x00000040   Code   RO          550    i.LED_ErrorBlinking  errorhandler.o
    0x08001350   0x08001350   0x0000001c   Code   RO         1470    i.LED_GreenOn       led.o
    0x0800136c   0x0800136c   0x00000058   Code   RO          551    i.LED_Init          errorhandler.o
    0x080013c4   0x080013c4   0x0000001c   Code   RO         1471    i.LED_OrangeOn      led.o
    0x080013e0   0x080013e0   0x0000001c   Code   RO         1474    i.LEDs_off          led.o
    0x080013fc   0x080013fc   0x0000000a   Code   RO          477    i.LL_ADC_IsEnabled  adc.o
    0x08001406   0x08001406   0x00000002   PAD
    0x08001408   0x08001408   0x0000001c   Code   RO          478    i.LL_APB2_GRP1_EnableClock  adc.o
    0x08001424   0x08001424   0x0000001c   Code   RO          915    i.LL_APB2_GRP1_EnableClock  usart1.o
    0x08001440   0x08001440   0x00000008   Code   RO         1475    i.LL_GPIO_ResetOutputPin  led.o
    0x08001448   0x08001448   0x00000008   Code   RO         1476    i.LL_GPIO_SetOutputPin  led.o
    0x08001450   0x08001450   0x0000002c   Code   RO          916    i.LL_GPIO_SetPinMode  usart1.o
    0x0800147c   0x0800147c   0x0000002c   Code   RO         1008    i.LL_GPIO_SetPinMode  usart3.o
    0x080014a8   0x080014a8   0x0000001c   Code   RO          917    i.LL_GPIO_SetPinPull  usart1.o
    0x080014c4   0x080014c4   0x0000001c   Code   RO         1009    i.LL_GPIO_SetPinPull  usart3.o
    0x080014e0   0x080014e0   0x0000002c   Code   RO          918    i.LL_GPIO_SetPinSpeed  usart1.o
    0x0800150c   0x0800150c   0x0000002c   Code   RO         1010    i.LL_GPIO_SetPinSpeed  usart3.o
    0x08001538   0x08001538   0x0000000c   Code   RO         1478    i.LL_GPIO_TogglePin  led.o
    0x08001544   0x08001544   0x0000001c   Code   RO         4007    i.LL_Init1msTick    stm32f1xx_ll_utils.o
    0x08001560   0x08001560   0x00000118   Code   RO         4008    i.LL_PLL_ConfigSystemClock_HSE  stm32f1xx_ll_utils.o
    0x08001678   0x08001678   0x00000010   Code   RO         4010    i.LL_RCC_HSE_IsReady  stm32f1xx_ll_utils.o
    0x08001688   0x08001688   0x0000001c   Code   RO         4012    i.LL_RCC_PLL_ConfigDomain_SYS  stm32f1xx_ll_utils.o
    0x080016a4   0x080016a4   0x00000010   Code   RO         4013    i.LL_RCC_PLL_IsReady  stm32f1xx_ll_utils.o
    0x080016b4   0x080016b4   0x0000000c   Code   RO         4014    i.LL_SetSystemCoreClock  stm32f1xx_ll_utils.o
    0x080016c0   0x080016c0   0x0000000a   Code   RO          840    i.LL_TIM_GenerateEvent_UPDATE  tim.o
    0x080016ca   0x080016ca   0x00000004   Code   RO          841    i.LL_TIM_SetAutoReload  tim.o
    0x080016ce   0x080016ce   0x0000001c   Code   RO         1091    i.LL_USART_ConfigCharacter  televis.o
    0x080016ea   0x080016ea   0x0000000a   Code   RO         1092    i.LL_USART_EnableIT_ERROR  televis.o
    0x080016f4   0x080016f4   0x0000000a   Code   RO         1333    i.LL_USART_EnableIT_ERROR  main_threads.o
    0x080016fe   0x080016fe   0x0000000a   Code   RO         1334    i.LL_USART_EnableIT_IDLE  main_threads.o
    0x08001708   0x08001708   0x0000000a   Code   RO         1335    i.LL_USART_EnableIT_RXNE  main_threads.o
    0x08001712   0x08001712   0x0000000a   Code   RO         1336    i.LL_USART_EnableIT_TXE  main_threads.o
    0x0800171c   0x0800171c   0x0000000a   Code   RO         1093    i.LL_USART_IsActiveFlag_TC  televis.o
    0x08001726   0x08001726   0x0000009e   Code   RO          919    i.LL_USART_SetBaudRate  usart1.o
    0x080017c4   0x080017c4   0x0000009e   Code   RO         1011    i.LL_USART_SetBaudRate  usart3.o
    0x08001862   0x08001862   0x00000004   Code   RO         1094    i.LL_USART_TransmitData8  televis.o
    0x08001866   0x08001866   0x00000004   Code   RO         1337    i.LL_USART_TransmitData8  main_threads.o
    0x0800186a   0x0800186a   0x00000002   PAD
    0x0800186c   0x0800186c   0x0000008c   Code   RO         1338    i.MU_PortHandleContinuousReception  main_threads.o
    0x080018f8   0x080018f8   0x00000090   Code   RO         1339    i.MU_PortReceptionInit  main_threads.o
    0x08001988   0x08001988   0x00000068   Code   RO         1340    i.MU_PortSendMsg    main_threads.o
    0x080019f0   0x080019f0   0x00000100   Code   RO          363    i.MX_GPIO_Init      gpio.o
    0x08001af0   0x08001af0   0x00000024   Code   RO          392    i.MemManage_Handler  stm32f1xx_it.o
    0x08001b14   0x08001b14   0x00000044   Code   RO         1258    i.ModbusCrc16       modbus.o
    0x08001b58   0x08001b58   0x00000134   Code   RO         1259    i.ModbusHndlReceive  modbus.o
    0x08001c8c   0x08001c8c   0x0000006c   Code   RO         1260    i.ModbusPortReception  modbus.o
    0x08001cf8   0x08001cf8   0x0000009c   Code   RO         1261    i.ModbusPortRxInit  modbus.o
    0x08001d94   0x08001d94   0x00000044   Code   RO         1262    i.ModbusPortSendMsg  modbus.o
    0x08001dd8   0x08001dd8   0x00000070   Code   RO         1263    i.ModbusPortTxInit  modbus.o
    0x08001e48   0x08001e48   0x00000104   Code   RO         1264    i.ModbusSend        modbus.o
    0x08001f4c   0x08001f4c   0x00000024   Code   RO          393    i.NMI_Handler       stm32f1xx_it.o
    0x08001f70   0x08001f70   0x00000018   Code   RO          552    i.NVIC_DisableIRQ   errorhandler.o
    0x08001f88   0x08001f88   0x00000010   Code   RO         1576    i.NVIC_GetPriorityGrouping  stm32f1xx_hal_cortex.o
    0x08001f98   0x08001f98   0x00000028   Code   RO          610    i.NVIC_SetPriority  os.o
    0x08001fc0   0x08001fc0   0x00000028   Code   RO         1577    i.NVIC_SetPriority  stm32f1xx_hal_cortex.o
    0x08001fe8   0x08001fe8   0x00000158   Code   RO          611    i.OS_AddThread      os.o
    0x08002140   0x08002140   0x0000002c   Code   RO          616    i.OS_Init           os.o
    0x0800216c   0x0800216c   0x00000004   Code   RO          617    i.OS_InitSemaphore  os.o
    0x08002170   0x08002170   0x00000028   Code   RO          619    i.OS_Launch         os.o
    0x08002198   0x08002198   0x00000028   Code   RO          620    i.OS_PeriodTrigger0_Init  os.o
    0x080021c0   0x080021c0   0x00000028   Code   RO          621    i.OS_PeriodTrigger1_Init  os.o
    0x080021e8   0x080021e8   0x00000034   Code   RO          622    i.OS_Signal         os.o
    0x0800221c   0x0800221c   0x00000014   Code   RO          623    i.OS_Sleep          os.o
    0x08002230   0x08002230   0x00000018   Code   RO          624    i.OS_Suspend        os.o
    0x08002248   0x08002248   0x0000002c   Code   RO          625    i.OS_Wait           os.o
    0x08002274   0x08002274   0x0000006c   Code   RO          626    i.RealTimeEvents    os.o
    0x080022e0   0x080022e0   0x00000002   Code   RO          394    i.SVC_Handler       stm32f1xx_it.o
    0x080022e2   0x080022e2   0x00000002   PAD
    0x080022e4   0x080022e4   0x00000030   Code   RO          627    i.Scheduler         os.o
    0x08002314   0x08002314   0x0000003c   Code   RO          844    i.SetTIM2_Period    tim.o
    0x08002350   0x08002350   0x00000040   Code   RO          628    i.SystemClock_Config  os.o
    0x08002390   0x08002390   0x00000058   Code   RO           14    i.SystemInit        system_stm32f1xx.o
    0x080023e8   0x080023e8   0x00000034   Code   RO          395    i.TIM2_IRQHandler   stm32f1xx_it.o
    0x0800241c   0x0800241c   0x00000018   Code   RO          768    i.TIM3_IRQHandler   bsp.o
    0x08002434   0x08002434   0x00000018   Code   RO          769    i.TIM4_IRQHandler   bsp.o
    0x0800244c   0x0800244c   0x00000074   Code   RO         2696    i.TIM_Base_SetConfig  stm32f1xx_hal_tim.o
    0x080024c0   0x080024c0   0x0000003a   Code   RO         1095    i.TTimerDelay       televis.o
    0x080024fa   0x080024fa   0x0000001c   Code   RO         1096    i.TelevisCrc16      televis.o
    0x08002516   0x08002516   0x00000002   PAD
    0x08002518   0x08002518   0x00000010   Code   RO         1097    i.TelevisEventThread100ms  televis.o
    0x08002528   0x08002528   0x0000001c   Code   RO         1098    i.TelevisEventThread1sec  televis.o
    0x08002544   0x08002544   0x000000f0   Code   RO         1099    i.TelevisHndlReceive  televis.o
    0x08002634   0x08002634   0x00000080   Code   RO         1100    i.TelevisPortReception  televis.o
    0x080026b4   0x080026b4   0x00000058   Code   RO         1101    i.TelevisPortRxInit  televis.o
    0x0800270c   0x0800270c   0x000000c0   Code   RO         1102    i.TelevisPortSendMsg  televis.o
    0x080027cc   0x080027cc   0x0000007c   Code   RO         1103    i.TelevisPortTxInit  televis.o
    0x08002848   0x08002848   0x000000cc   Code   RO         1104    i.TelevisScan       televis.o
    0x08002914   0x08002914   0x00000170   Code   RO         1105    i.TelevisSend       televis.o
    0x08002a84   0x08002a84   0x000000b4   Code   RO         1106    i.TelevisTIM2TimeInit  televis.o
    0x08002b38   0x08002b38   0x0000000c   Code   RO          396    i.TimerUpdate_Callback  stm32f1xx_it.o
    0x08002b44   0x08002b44   0x0000001c   Code   RO         1479    i.ToggleLedGreen    led.o
    0x08002b60   0x08002b60   0x00000050   Code   RO          920    i.USART1_IDLE_Callback  usart1.o
    0x08002bb0   0x08002bb0   0x000000a4   Code   RO          921    i.USART1_IRQHandler  usart1.o
    0x08002c54   0x08002c54   0x0000014c   Code   RO          922    i.USART1_Init       usart1.o
    0x08002da0   0x08002da0   0x00000058   Code   RO          923    i.USART1_Reception_Callback  usart1.o
    0x08002df8   0x08002df8   0x00000058   Code   RO          924    i.USART1_TXEmpty_Callback  usart1.o
    0x08002e50   0x08002e50   0x0000004c   Code   RO          925    i.USART1_TransmitComplete_Callback  usart1.o
    0x08002e9c   0x08002e9c   0x00000058   Code   RO         1012    i.USART3_IDLE_Callback  usart3.o
    0x08002ef4   0x08002ef4   0x000000a4   Code   RO         1013    i.USART3_IRQHandler  usart3.o
    0x08002f98   0x08002f98   0x00000168   Code   RO         1014    i.USART3_Init       usart3.o
    0x08003100   0x08003100   0x00000040   Code   RO         1015    i.USART3_Reception_Callback  usart3.o
    0x08003140   0x08003140   0x00000060   Code   RO         1016    i.USART3_TransmitComplete_Callback  usart3.o
    0x080031a0   0x080031a0   0x00000058   Code   RO         1017    i.USART_TXEmpty_Callback  usart3.o
    0x080031f8   0x080031f8   0x00000070   Code   RO          553    i.USARTxError_Callback  errorhandler.o
    0x08003268   0x08003268   0x000001b8   Code   RO         4016    i.UTILS_EnablePLLAndSwitchSystem  stm32f1xx_ll_utils.o
    0x08003420   0x08003420   0x000000f8   Code   RO         4017    i.UTILS_GetPLLOutputFrequency  stm32f1xx_ll_utils.o
    0x08003518   0x08003518   0x00000010   Code   RO         4018    i.UTILS_PLL_IsBusy  stm32f1xx_ll_utils.o
    0x08003528   0x08003528   0x00000050   Code   RO         4019    i.UTILS_SetFlashLatency  stm32f1xx_ll_utils.o
    0x08003578   0x08003578   0x00000024   Code   RO          397    i.UsageFault_Handler  stm32f1xx_it.o
    0x0800359c   0x0800359c   0x00000030   Code   RO          554    i._Error_Handler    errorhandler.o
    0x080035cc   0x080035cc   0x0000000e   Code   RO         4136    i.__scatterload_copy  mc_w.l(handlers.o)
    0x080035da   0x080035da   0x00000002   Code   RO         4137    i.__scatterload_null  mc_w.l(handlers.o)
    0x080035dc   0x080035dc   0x0000000e   Code   RO         4138    i.__scatterload_zeroinit  mc_w.l(handlers.o)
    0x080035ea   0x080035ea   0x00000002   Code   RO          271    i.assert_failed     main.o
    0x080035ec   0x080035ec   0x000002c0   Code   RO          272    i.main              main.o
    0x080038ac   0x080038ac   0x00000038   Code   RO          629    i.runperiodicevents  os.o
    0x080038e4   0x080038e4   0x0000003b   Data   RO           15    .constdata          system_stm32f1xx.o
    0x0800391f   0x0800391f   0x00000029   Data   RO         1108    .constdata          televis.o
    0x08003948   0x08003948   0x00000028   Data   RO         1439    .constdata          controllertype.o
    0x08003970   0x08003970   0x00000020   Data   RO         4134    Region$$Table       anon$$obj.o


    Execution Region RW_IRAM1 (Exec base: 0x20000000, Load base: 0x08003990, Size: 0x000028b8, Max: 0x00005000, ABSOLUTE)

    Exec Addr    Load Addr    Size         Type   Attr      Idx    E Section Name        Object

    0x20000000   0x08003990   0x00000004   Data   RW           16    .data               system_stm32f1xx.o
    0x20000004   0x08003994   0x00000004   Data   RW          274    .data               main.o
    0x20000008   0x08003998   0x00000006   Data   RW          399    .data               stm32f1xx_it.o
    0x2000000e   0x0800399e   0x00000008   Data   RW          480    .data               adc.o
    0x20000016   0x080039a6   0x00000002   PAD
    0x20000018   0x080039a8   0x00000008   Data   RW          557    .data               errorhandler.o
    0x20000020   0x080039b0   0x00000054   Data   RW          632    .data               os.o
    0x20000074   0x08003a04   0x0000000c   Data   RW          771    .data               bsp.o
    0x20000080   0x08003a10   0x00000010   Data   RW          847    .data               tim.o
    0x20000090   0x08003a20   0x00000001   Data   RW          927    .data               usart1.o
    0x20000091   0x08003a21   0x00000003   PAD
    0x20000094   0x08003a24   0x00000019   Data   RW         1109    .data               televis.o
    0x200000ad   0x08003a3d   0x00000006   Data   RW         1217    .data               controllerport.o
    0x200000b3   0x08003a43   0x00000001   PAD
    0x200000b4   0x08003a44   0x00000010   Data   RW         1267    .data               modbus.o
    0x200000c4   0x08003a54   0x00000058   Data   RW         1343    .data               main_threads.o
    0x2000011c   0x08003aac   0x00000004   Data   RW         1440    .data               controllertype.o
    0x20000120        -       0x000000ff   Zero   RW          555    .bss                errorhandler.o
    0x2000021f   0x08003ab0   0x00000001   PAD
    0x20000220        -       0x00002140   Zero   RW          630    .bss                os.o
    0x20002360        -       0x00000080   Zero   RW          845    .bss                tim.o
    0x200023e0        -       0x00000020   Zero   RW         1107    .bss                televis.o
    0x20002400        -       0x00000020   Zero   RW         1265    .bss                modbus.o
    0x20002420        -       0x00000080   Zero   RW         1341    .bss                main_threads.o
    0x200024a0        -       0x00000014   Zero   RW         1438    .bss                controllertype.o
    0x200024b4   0x08003ab0   0x00000004   PAD
    0x200024b8        -       0x00000400   Zero   RW            1    STACK               startup_stm32f103xb.o


==============================================================================

Image component sizes


      Code (inc. data)   RO Data    RW Data    ZI Data      Debug   Object Name

       674         68          0          8          0      67987   adc.o
       520         98          0         12          0       3210   bsp.o
       116         12          0          6          0        833   controllerport.o
       172         28         40          4         20      31839   controllertype.o
       336         74          0          8        255      33642   errorhandler.o
       256         16          0          0          0        939   gpio.o
       140         16          0          0          0      10581   led.o
       706        174          0          4          0       6172   main.o
       836        216          0         88        128      20552   main_threads.o
      1080        152          0         16         32      17632   modbus.o
       968        148          0         84       8512      11839   os.o
        92          6          0          0          0        256   osasm.o
        62          8        236          0       1024        816   startup_stm32f103xb.o
       372        134          0          0          0      24731   stm32f1xx_hal_cortex.o
      1336        296          0          0          0       4224   stm32f1xx_hal_gpio.o
       676         82          0          0          0       5243   stm32f1xx_hal_tim.o
         4          0          0          0          0       1486   stm32f1xx_hal_tim_ex.o
       294        158          0          6          0      27937   stm32f1xx_it.o
      1164        244          0          0          0      21524   stm32f1xx_ll_utils.o
        88         18         59          4          0     436927   system_stm32f1xx.o
      1706        246         41         25         32      45896   televis.o
       334         36          0         16        128      28388   tim.o
         0          0          0          0          0        980   usart.o
      1130        124          0          1          0      27349   usart1.o
      1134        114          0          0          0      20957   usart3.o

    ----------------------------------------------------------------------
     14206       2468        408        288      10136     851940   Object Totals
         0          0         32          0          0          0   (incl. Generated)
        10          0          0          6          5          0   (incl. Padding)

    ----------------------------------------------------------------------

      Code (inc. data)   RO Data    RW Data    ZI Data      Debug   Library Member Name

         0          0          0          0          0          0   entry.o
         0          0          0          0          0          0   entry10a.o
         0          0          0          0          0          0   entry11a.o
         8          4          0          0          0          0   entry2.o
         4          0          0          0          0          0   entry5.o
         0          0          0          0          0          0   entry7b.o
         0          0          0          0          0          0   entry8b.o
         8          4          0          0          0          0   entry9a.o
        30          0          0          0          0          0   handlers.o
        36          8          0          0          0         68   init.o
        36          0          0          0          0         68   memcpya.o

    ----------------------------------------------------------------------
       122         16          0          0          0        136   Library Totals
         0          0          0          0          0          0   (incl. Padding)

    ----------------------------------------------------------------------

      Code (inc. data)   RO Data    RW Data    ZI Data      Debug   Library Name

       122         16          0          0          0        136   mc_w.l

    ----------------------------------------------------------------------
       122         16          0          0          0        136   Library Totals

    ----------------------------------------------------------------------

==============================================================================


      Code (inc. data)   RO Data    RW Data    ZI Data      Debug   

     14328       2484        408        288      10136     844948   Grand Totals
     14328       2484        408        288      10136     844948   ELF Image Totals
     14328       2484        408        288          0          0   ROM Totals

==============================================================================

    Total RO  Size (Code + RO Data)                14736 (  14.39kB)
    Total RW  Size (RW Data + ZI Data)             10424 (  10.18kB)
    Total ROM Size (Code + RO Data + RW Data)      15024 (  14.67kB)

==============================================================================

