Component: ARM Compiler 5.06 update 5 (build 528) Tool: armlink [4d35e2]

==============================================================================

Section Cross References

    startup_stm32f103xb.o(RESET) refers to startup_stm32f103xb.o(STACK) for __initial_sp
    startup_stm32f103xb.o(RESET) refers to startup_stm32f103xb.o(.text) for Reset_Handler
    startup_stm32f103xb.o(RESET) refers to stm32f1xx_it.o(i.NMI_Handler) for NMI_Handler
    startup_stm32f103xb.o(RESET) refers to stm32f1xx_it.o(i.HardFault_Handler) for HardFault_Handler
    startup_stm32f103xb.o(RESET) refers to stm32f1xx_it.o(i.MemManage_Handler) for MemManage_Handler
    startup_stm32f103xb.o(RESET) refers to stm32f1xx_it.o(i.BusFault_Handler) for BusFault_Handler
    startup_stm32f103xb.o(RESET) refers to stm32f1xx_it.o(i.UsageFault_Handler) for UsageFault_Handler
    startup_stm32f103xb.o(RESET) refers to stm32f1xx_it.o(i.SVC_Handler) for SVC_Handler
    startup_stm32f103xb.o(RESET) refers to stm32f1xx_it.o(i.DebugMon_Handler) for DebugMon_Handler
    startup_stm32f103xb.o(RESET) refers to osasm.o(.text) for PendSV_Handler
    startup_stm32f103xb.o(RESET) refers to stm32f1xx_it.o(i.ADC1_2_IRQHandler) for ADC1_2_IRQHandler
    startup_stm32f103xb.o(RESET) refers to bsp.o(i.TIM3_IRQHandler) for TIM3_IRQHandler
    startup_stm32f103xb.o(RESET) refers to bsp.o(i.TIM4_IRQHandler) for TIM4_IRQHandler
    startup_stm32f103xb.o(RESET) refers to usart1.o(i.USART1_IRQHandler) for USART1_IRQHandler
    startup_stm32f103xb.o(RESET) refers to usart3.o(i.USART3_IRQHandler) for USART3_IRQHandler
    startup_stm32f103xb.o(.text) refers to system_stm32f1xx.o(i.SystemInit) for SystemInit
    startup_stm32f103xb.o(.text) refers to entry.o(.ARM.Collect$$$$00000000) for __main
    system_stm32f1xx.o(i.SystemCoreClockUpdate) refers to system_stm32f1xx.o(.data) for SystemCoreClock
    system_stm32f1xx.o(i.SystemCoreClockUpdate) refers to system_stm32f1xx.o(.constdata) for AHBPrescTable
    usart.o(i.HAL_UART_ErrorCallback) refers to stm32f1xx_hal_uart.o(i.HAL_UART_GetError) for HAL_UART_GetError
    usart.o(i.HAL_UART_ErrorCallback) refers to errorhandler.o(i._Error_Handler) for _Error_Handler
    usart.o(i.HAL_UART_ErrorCallback) refers to usart.o(.data) for UART_Error
    usart.o(i.HAL_UART_MspDeInit) refers to stm32f1xx_hal_gpio.o(i.HAL_GPIO_DeInit) for HAL_GPIO_DeInit
    usart.o(i.HAL_UART_MspDeInit) refers to stm32f1xx_hal_cortex.o(i.HAL_NVIC_DisableIRQ) for HAL_NVIC_DisableIRQ
    usart.o(i.HAL_UART_MspInit) refers to stm32f1xx_hal_gpio.o(i.HAL_GPIO_Init) for HAL_GPIO_Init
    usart.o(i.HAL_UART_MspInit) refers to stm32f1xx_hal_cortex.o(i.HAL_NVIC_SetPriority) for HAL_NVIC_SetPriority
    usart.o(i.HAL_UART_MspInit) refers to stm32f1xx_hal_cortex.o(i.HAL_NVIC_EnableIRQ) for HAL_NVIC_EnableIRQ
    usart.o(i.HAL_UART_RxCpltCallback) refers to usart.o(.data) for Uart1Ready
    usart.o(i.HAL_UART_TxCpltCallback) refers to usart.o(.data) for Uart1Ready
    usart.o(i.MX_USART1_UART_Init) refers to stm32f1xx_hal_uart.o(i.HAL_UART_Init) for HAL_UART_Init
    usart.o(i.MX_USART1_UART_Init) refers to errorhandler.o(i._Error_Handler) for _Error_Handler
    usart.o(i.MX_USART1_UART_Init) refers to usart.o(.bss) for huart1
    usart.o(i.MX_USART3_UART_Init) refers to stm32f1xx_hal_uart.o(i.HAL_UART_Init) for HAL_UART_Init
    usart.o(i.MX_USART3_UART_Init) refers to errorhandler.o(i._Error_Handler) for _Error_Handler
    usart.o(i.MX_USART3_UART_Init) refers to usart.o(.bss) for huart3
    stm32f1xx_hal_msp.o(i.HAL_MspInit) refers to stm32f1xx_hal_cortex.o(i.HAL_NVIC_SetPriorityGrouping) for HAL_NVIC_SetPriorityGrouping
    stm32f1xx_hal_msp.o(i.HAL_MspInit) refers to stm32f1xx_hal_cortex.o(i.HAL_NVIC_SetPriority) for HAL_NVIC_SetPriority
    main.o(i.EventThread100ms) refers to os.o(i.OS_Wait) for OS_Wait
    main.o(i.EventThread100ms) refers to main.o(.data) for Count3
    main.o(i.EventThread1sec) refers to os.o(i.OS_Wait) for OS_Wait
    main.o(i.EventThread1sec) refers to stm32f1xx_hal_gpio.o(i.HAL_GPIO_WritePin) for HAL_GPIO_WritePin
    main.o(i.EventThread1sec) refers to stm32f1xx_hal_gpio.o(i.HAL_GPIO_TogglePin) for HAL_GPIO_TogglePin
    main.o(i.EventThread1sec) refers to main.o(.data) for Count4
    main.o(i.main) refers to os.o(i.OS_Init) for OS_Init
    main.o(i.main) refers to gpio.o(i.MX_GPIO_Init) for MX_GPIO_Init
    main.o(i.main) refers to usart1.o(i.USART1_Init) for USART1_Init
    main.o(i.main) refers to usart3.o(i.USART3_Init) for USART3_Init
    main.o(i.main) refers to adc.o(i.MX_ADC1_Init) for MX_ADC1_Init
    main.o(i.main) refers to controllerport.o(i.CtrlPortRegistersInit) for CtrlPortRegistersInit
    main.o(i.main) refers to os.o(i.OS_PeriodTrigger0_Init) for OS_PeriodTrigger0_Init
    main.o(i.main) refers to os.o(i.OS_PeriodTrigger1_Init) for OS_PeriodTrigger1_Init
    main.o(i.main) refers to os.o(i.OS_InitSemaphore) for OS_InitSemaphore
    main.o(i.main) refers to os.o(i.OS_AddThread) for OS_AddThread
[...]
    Removing stm32f1xx_hal_uart.o(i.HAL_UART_DMAStop), (102 bytes).
    Removing stm32f1xx_hal_uart.o(i.HAL_UART_DeInit), (156 bytes).
    Removing stm32f1xx_hal_uart.o(i.HAL_UART_ErrorCallback), (2 bytes).
    Removing stm32f1xx_hal_uart.o(i.HAL_UART_GetError), (6 bytes).
    Removing stm32f1xx_hal_uart.o(i.HAL_UART_GetState), (20 bytes).
    Removing stm32f1xx_hal_uart.o(i.HAL_UART_IRQHandler), (332 bytes).
    Removing stm32f1xx_hal_uart.o(i.HAL_UART_Init), (324 bytes).
    Removing stm32f1xx_hal_uart.o(i.HAL_UART_MspDeInit), (2 bytes).
    Removing stm32f1xx_hal_uart.o(i.HAL_UART_MspInit), (2 bytes).
    Removing stm32f1xx_hal_uart.o(i.HAL_UART_Receive), (222 bytes).
    Removing stm32f1xx_hal_uart.o(i.HAL_UART_Receive_DMA), (196 bytes).
    Removing stm32f1xx_hal_uart.o(i.HAL_UART_Receive_IT), (112 bytes).
    Removing stm32f1xx_hal_uart.o(i.HAL_UART_RxCpltCallback), (2 bytes).
    Removing stm32f1xx_hal_uart.o(i.HAL_UART_RxHalfCpltCallback), (2 bytes).
    Removing stm32f1xx_hal_uart.o(i.HAL_UART_Transmit), (214 bytes).
    Removing stm32f1xx_hal_uart.o(i.HAL_UART_Transmit_DMA), (156 bytes).
    Removing stm32f1xx_hal_uart.o(i.HAL_UART_Transmit_IT), (88 bytes).
    Removing stm32f1xx_hal_uart.o(i.HAL_UART_TxCpltCallback), (2 bytes).
    Removing stm32f1xx_hal_uart.o(i.HAL_UART_TxHalfCpltCallback), (2 bytes).
    Removing stm32f1xx_hal_uart.o(i.UART_DMAAbortOnError), (20 bytes).
    Removing stm32f1xx_hal_uart.o(i.UART_DMAError), (80 bytes).
    Removing stm32f1xx_hal_uart.o(i.UART_DMAReceiveCplt), (70 bytes).
    Removing stm32f1xx_hal_uart.o(i.UART_DMARxAbortCallback), (52 bytes).
    Removing stm32f1xx_hal_uart.o(i.UART_DMARxHalfCplt), (14 bytes).
    Removing stm32f1xx_hal_uart.o(i.UART_DMARxOnlyAbortCallback), (24 bytes).
    Removing stm32f1xx_hal_uart.o(i.UART_DMATransmitCplt), (54 bytes).
    Removing stm32f1xx_hal_uart.o(i.UART_DMATxAbortCallback), (52 bytes).
    Removing stm32f1xx_hal_uart.o(i.UART_DMATxHalfCplt), (14 bytes).
    Removing stm32f1xx_hal_uart.o(i.UART_DMATxOnlyAbortCallback), (24 bytes).
    Removing stm32f1xx_hal_uart.o(i.UART_EndRxTransfer), (32 bytes).
    Removing stm32f1xx_hal_uart.o(i.UART_EndTransmit_IT), (32 bytes).
    Removing stm32f1xx_hal_uart.o(i.UART_EndTxTransfer), (20 bytes).
    Removing stm32f1xx_hal_uart.o(i.UART_Receive_IT), (166 bytes).
    Removing stm32f1xx_hal_uart.o(i.UART_SetConfig), (620 bytes).
    Removing stm32f1xx_hal_uart.o(i.UART_Transmit_IT), (104 bytes).
    Removing stm32f1xx_hal_uart.o(i.UART_WaitOnFlagUntilTimeout), (108 bytes).
    Removing stm32f1xx_hal_uart.o(.constdata), (35 bytes).
    Removing stm32f1xx_hal_rcc.o(.rev16_text), (4 bytes).
    Removing stm32f1xx_hal_rcc.o(.revsh_text), (4 bytes).
    Removing stm32f1xx_hal_rcc.o(.rrx_text), (6 bytes).
    Removing stm32f1xx_hal_rcc.o(i.HAL_RCC_CSSCallback), (2 bytes).
    Removing stm32f1xx_hal_rcc.o(i.HAL_RCC_ClockConfig), (748 bytes).
    Removing stm32f1xx_hal_rcc.o(i.HAL_RCC_DeInit), (80 bytes).
    Removing stm32f1xx_hal_rcc.o(i.HAL_RCC_DisableCSS), (12 bytes).
    Removing stm32f1xx_hal_rcc.o(i.HAL_RCC_EnableCSS), (12 bytes).
    Removing stm32f1xx_hal_rcc.o(i.HAL_RCC_GetClockConfig), (156 bytes).
    Removing stm32f1xx_hal_rcc.o(i.HAL_RCC_GetHCLKFreq), (12 bytes).
    Removing stm32f1xx_hal_rcc.o(i.HAL_RCC_GetOscConfig), (276 bytes).
    Removing stm32f1xx_hal_rcc.o(i.HAL_RCC_GetPCLK1Freq), (32 bytes).
    Removing stm32f1xx_hal_rcc.o(i.HAL_RCC_GetPCLK2Freq), (32 bytes).
    Removing stm32f1xx_hal_rcc.o(i.HAL_RCC_GetSysClockFreq), (152 bytes).
    Removing stm32f1xx_hal_rcc.o(i.HAL_RCC_MCOConfig), (224 bytes).
    Removing stm32f1xx_hal_rcc.o(i.HAL_RCC_NMI_IRQHandler), (32 bytes).
    Removing stm32f1xx_hal_rcc.o(i.HAL_RCC_OscConfig), (1552 bytes).
    Removing stm32f1xx_hal_rcc.o(i.RCC_Delay), (40 bytes).
    Removing stm32f1xx_hal_rcc.o(.constdata), (35 bytes).
    Removing stm32f1xx_hal_tim.o(.rev16_text), (4 bytes).
    Removing stm32f1xx_hal_tim.o(.revsh_text), (4 bytes).
    Removing stm32f1xx_hal_tim.o(.rrx_text), (6 bytes).
    Removing stm32f1xx_hal_tim.o(i.HAL_TIM_Base_DeInit), (180 bytes).
    Removing stm32f1xx_hal_tim.o(i.HAL_TIM_Base_GetState), (8 bytes).
    Removing stm32f1xx_hal_tim.o(i.HAL_TIM_Base_Init), (252 bytes).
    Removing stm32f1xx_hal_tim.o(i.HAL_TIM_Base_MspDeInit), (2 bytes).
    Removing stm32f1xx_hal_tim.o(i.HAL_TIM_Base_MspInit), (2 bytes).
    Removing stm32f1xx_hal_tim.o(i.HAL_TIM_Base_Start), (144 bytes).
    Removing stm32f1xx_hal_tim.o(i.HAL_TIM_Base_Start_DMA), (216 bytes).
    Removing stm32f1xx_hal_tim.o(i.HAL_TIM_Base_Stop), (172 bytes).
    Removing stm32f1xx_hal_tim.o(i.HAL_TIM_Base_Stop_DMA), (176 bytes).
    Removing stm32f1xx_hal_tim.o(i.HAL_TIM_Base_Stop_IT), (172 bytes).
    Removing stm32f1xx_hal_tim.o(i.HAL_TIM_ConfigClockSource), (1292 bytes).
    Removing stm32f1xx_hal_tim.o(i.HAL_TIM_ConfigOCrefClear), (600 bytes).
    Removing stm32f1xx_hal_tim.o(i.HAL_TIM_ConfigTI1Input), (156 bytes).
    Removing stm32f1xx_hal_tim.o(i.HAL_TIM_DMABurst_ReadStart), (724 bytes).
    Removing stm32f1xx_hal_tim.o(i.HAL_TIM_DMABurst_ReadStop), (204 bytes).
    Removing stm32f1xx_hal_tim.o(i.HAL_TIM_DMABurst_WriteStart), (724 bytes).
    Removing stm32f1xx_hal_tim.o(i.HAL_TIM_DMABurst_WriteStop), (204 bytes).
    Removing stm32f1xx_hal_tim.o(i.HAL_TIM_Encoder_DeInit), (184 bytes).
    Removing stm32f1xx_hal_tim.o(i.HAL_TIM_Encoder_GetState), (8 bytes).
    Removing stm32f1xx_hal_tim.o(i.HAL_TIM_Encoder_Init), (624 bytes).
    Removing stm32f1xx_hal_tim.o(i.HAL_TIM_Encoder_MspDeInit), (2 bytes).
    Removing stm32f1xx_hal_tim.o(i.HAL_TIM_Encoder_MspInit), (2 bytes).
    Removing stm32f1xx_hal_tim.o(i.HAL_TIM_Encoder_Start), (192 bytes).
    Removing stm32f1xx_hal_tim.o(i.HAL_TIM_Encoder_Start_DMA), (440 bytes).
    Removing stm32f1xx_hal_tim.o(i.HAL_TIM_Encoder_Start_IT), (240 bytes).
    Removing stm32f1xx_hal_tim.o(i.HAL_TIM_Encoder_Stop), (216 bytes).
    Removing stm32f1xx_hal_tim.o(i.HAL_TIM_Encoder_Stop_DMA), (264 bytes).
    Removing stm32f1xx_hal_tim.o(i.HAL_TIM_Encoder_Stop_IT), (264 bytes).
    Removing stm32f1xx_hal_tim.o(i.HAL_TIM_ErrorCallback), (2 bytes).
    Removing stm32f1xx_hal_tim.o(i.HAL_TIM_GenerateEvent), (192 bytes).
    Removing stm32f1xx_hal_tim.o(i.HAL_TIM_IC_ConfigChannel), (572 bytes).
    Removing stm32f1xx_hal_tim.o(i.HAL_TIM_IC_DeInit), (184 bytes).
    Removing stm32f1xx_hal_tim.o(i.HAL_TIM_IC_GetState), (8 bytes).
    Removing stm32f1xx_hal_tim.o(i.HAL_TIM_IC_Init), (260 bytes).
    Removing stm32f1xx_hal_tim.o(i.HAL_TIM_IC_MspDeInit), (2 bytes).
    Removing stm32f1xx_hal_tim.o(i.HAL_TIM_IC_MspInit), (2 bytes).
    Removing stm32f1xx_hal_tim.o(i.HAL_TIM_IC_Start), (200 bytes).
    Removing stm32f1xx_hal_tim.o(i.HAL_TIM_IC_Start_DMA), (480 bytes).
    Removing stm32f1xx_hal_tim.o(i.HAL_TIM_IC_Start_IT), (276 bytes).
    Removing stm32f1xx_hal_tim.o(i.HAL_TIM_IC_Stop), (228 bytes).
    Removing stm32f1xx_hal_tim.o(i.HAL_TIM_IC_Stop_DMA), (352 bytes).
    Removing stm32f1xx_hal_tim.o(i.HAL_TIM_IC_Stop_IT), (304 bytes).
    Removing stm32f1xx_hal_tim.o(i.HAL_TIM_OC_ConfigChannel), (460 bytes).
    Removing stm32f1xx_hal_tim.o(i.HAL_TIM_OC_DeInit), (184 bytes).
    Removing stm32f1xx_hal_tim.o(i.HAL_TIM_OC_GetState), (8 bytes).
    Removing stm32f1xx_hal_tim.o(i.HAL_TIM_OC_Init), (260 bytes).
    Removing stm32f1xx_hal_tim.o(i.HAL_TIM_OC_MspDeInit), (2 bytes).
    Removing stm32f1xx_hal_tim.o(i.HAL_TIM_OC_MspInit), (2 bytes).
    Removing stm32f1xx_hal_tim.o(i.HAL_TIM_OC_Start), (228 bytes).
    Removing stm32f1xx_hal_tim.o(i.HAL_TIM_OC_Start_DMA), (464 bytes).
    Removing stm32f1xx_hal_tim.o(i.HAL_TIM_OC_Start_IT), (304 bytes).
    Removing stm32f1xx_hal_tim.o(i.HAL_TIM_OC_Stop), (280 bytes).
    Removing stm32f1xx_hal_tim.o(i.HAL_TIM_OC_Stop_DMA), (364 bytes).
    Removing stm32f1xx_hal_tim.o(i.HAL_TIM_OC_Stop_IT), (356 bytes).
    Removing stm32f1xx_hal_tim.o(i.HAL_TIM_OnePulse_ConfigChannel), (572 bytes).
    Removing stm32f1xx_hal_tim.o(i.HAL_TIM_OnePulse_DeInit), (184 bytes).
    Removing stm32f1xx_hal_tim.o(i.HAL_TIM_OnePulse_GetState), (8 bytes).
    Removing stm32f1xx_hal_tim.o(i.HAL_TIM_OnePulse_Init), (300 bytes).
    Removing stm32f1xx_hal_tim.o(i.HAL_TIM_OnePulse_MspDeInit), (2 bytes).
    Removing stm32f1xx_hal_tim.o(i.HAL_TIM_OnePulse_MspInit), (2 bytes).
    Removing stm32f1xx_hal_tim.o(i.HAL_TIM_OnePulse_Start), (64 bytes).
    Removing stm32f1xx_hal_tim.o(i.HAL_TIM_OnePulse_Start_IT), (88 bytes).
    Removing stm32f1xx_hal_tim.o(i.HAL_TIM_OnePulse_Stop), (128 bytes).
    Removing stm32f1xx_hal_tim.o(i.HAL_TIM_OnePulse_Stop_IT), (152 bytes).
    Removing stm32f1xx_hal_tim.o(i.HAL_TIM_PWM_ConfigChannel), (612 bytes).
    Removing stm32f1xx_hal_tim.o(i.HAL_TIM_PWM_DeInit), (184 bytes).
    Removing stm32f1xx_hal_tim.o(i.HAL_TIM_PWM_GetState), (8 bytes).
    Removing stm32f1xx_hal_tim.o(i.HAL_TIM_PWM_Init), (260 bytes).
    Removing stm32f1xx_hal_tim.o(i.HAL_TIM_PWM_MspDeInit), (2 bytes).
    Removing stm32f1xx_hal_tim.o(i.HAL_TIM_PWM_MspInit), (2 bytes).
    Removing stm32f1xx_hal_tim.o(i.HAL_TIM_PWM_Start), (228 bytes).
    Removing stm32f1xx_hal_tim.o(i.HAL_TIM_PWM_Start_DMA), (464 bytes).
    Removing stm32f1xx_hal_tim.o(i.HAL_TIM_PWM_Start_IT), (304 bytes).
    Removing stm32f1xx_hal_tim.o(i.HAL_TIM_PWM_Stop), (288 bytes).
    Removing stm32f1xx_hal_tim.o(i.HAL_TIM_PWM_Stop_DMA), (364 bytes).
    Removing stm32f1xx_hal_tim.o(i.HAL_TIM_PWM_Stop_IT), (356 bytes).
    Removing stm32f1xx_hal_tim.o(i.HAL_TIM_PeriodElapsedCallback), (2 bytes).
    Removing stm32f1xx_hal_tim.o(i.HAL_TIM_ReadCapturedValue), (332 bytes).
    Removing stm32f1xx_hal_tim.o(i.HAL_TIM_SlaveConfigSynchronization), (296 bytes).
    Removing stm32f1xx_hal_tim.o(i.HAL_TIM_SlaveConfigSynchronization_IT), (296 bytes).
    Removing stm32f1xx_hal_tim.o(i.TIM_CCxChannelCmd), (172 bytes).
    Removing stm32f1xx_hal_tim.o(i.TIM_DMACaptureCplt), (70 bytes).
    Removing stm32f1xx_hal_tim.o(i.TIM_DMADelayPulseCplt), (70 bytes).
    Removing stm32f1xx_hal_tim.o(i.TIM_DMAError), (20 bytes).
    Removing stm32f1xx_hal_tim.o(i.TIM_DMAPeriodElapsedCplt), (20 bytes).
    Removing stm32f1xx_hal_tim.o(i.TIM_DMATriggerCplt), (20 bytes).
    Removing stm32f1xx_hal_tim.o(i.TIM_ETR_SetConfig), (24 bytes).
    Removing stm32f1xx_hal_tim.o(i.TIM_ITRx_SetConfig), (20 bytes).
    Removing stm32f1xx_hal_tim.o(i.TIM_OC1_SetConfig), (244 bytes).
    Removing stm32f1xx_hal_tim.o(i.TIM_OC2_SetConfig), (252 bytes).
    Removing stm32f1xx_hal_tim.o(i.TIM_OC3_SetConfig), (252 bytes).
    Removing stm32f1xx_hal_tim.o(i.TIM_OC4_SetConfig), (172 bytes).
    Removing stm32f1xx_hal_tim.o(i.TIM_SlaveTimer_SetConfig), (828 bytes).
    Removing stm32f1xx_hal_tim.o(i.TIM_TI1_ConfigInputStage), (42 bytes).
    Removing stm32f1xx_hal_tim.o(i.TIM_TI1_SetConfig), (108 bytes).
    Removing stm32f1xx_hal_tim.o(i.TIM_TI2_ConfigInputStage), (44 bytes).
    Removing stm32f1xx_hal_tim.o(i.TIM_TI2_SetConfig), (62 bytes).
    Removing stm32f1xx_hal_tim.o(i.TIM_TI3_SetConfig), (60 bytes).
    Removing stm32f1xx_hal_tim.o(i.TIM_TI4_SetConfig), (64 bytes).
    Removing stm32f1xx_hal_tim.o(.constdata), (35 bytes).
    Removing stm32f1xx_hal_adc.o(.rev16_text), (4 bytes).
    Removing stm32f1xx_hal_adc.o(.revsh_text), (4 bytes).
    Removing stm32f1xx_hal_adc.o(.rrx_text), (6 bytes).
    Removing stm32f1xx_hal_adc.o(i.ADC_DMAConvCplt), (82 bytes).
    Removing stm32f1xx_hal_adc.o(i.ADC_DMAError), (30 bytes).
    Removing stm32f1xx_hal_adc.o(i.ADC_DMAHalfConvCplt), (14 bytes).
    Removing stm32f1xx_hal_adc.o(i.ADC_Enable), (132 bytes).
    Removing stm32f1xx_hal_adc.o(i.HAL_ADC_AnalogWDGConfig), (484 bytes).
    Removing stm32f1xx_hal_adc.o(i.HAL_ADC_ConvHalfCpltCallback), (2 bytes).
    Removing stm32f1xx_hal_adc.o(i.HAL_ADC_DeInit), (360 bytes).
    Removing stm32f1xx_hal_adc.o(i.HAL_ADC_ErrorCallback), (2 bytes).
    Removing stm32f1xx_hal_adc.o(i.HAL_ADC_GetError), (6 bytes).
    Removing stm32f1xx_hal_adc.o(i.HAL_ADC_GetState), (6 bytes).
    Removing stm32f1xx_hal_adc.o(i.HAL_ADC_GetValue), (104 bytes).
    Removing stm32f1xx_hal_adc.o(i.HAL_ADC_MspDeInit), (2 bytes).
    Removing stm32f1xx_hal_adc.o(i.HAL_ADC_MspInit), (2 bytes).
    Removing stm32f1xx_hal_adc.o(i.HAL_ADC_PollForConversion), (460 bytes).
    Removing stm32f1xx_hal_adc.o(i.HAL_ADC_PollForEvent), (208 bytes).
    Removing stm32f1xx_hal_adc.o(i.HAL_ADC_Start), (392 bytes).
    Removing stm32f1xx_hal_adc.o(i.HAL_ADC_Start_DMA), (460 bytes).
    Removing stm32f1xx_hal_adc.o(i.HAL_ADC_Start_IT), (404 bytes).
    Removing stm32f1xx_hal_adc.o(i.HAL_ADC_Stop), (156 bytes).
    Removing stm32f1xx_hal_adc.o(i.HAL_ADC_Stop_DMA), (176 bytes).
    Removing stm32f1xx_hal_adc.o(i.HAL_ADC_Stop_IT), (168 bytes).
    Removing stm32f1xx_hal_adc.o(.constdata), (35 bytes).
    Removing stm32f1xx_hal_gpio.o(.rev16_text), (4 bytes).
    Removing stm32f1xx_hal_gpio.o(.revsh_text), (4 bytes).
    Removing stm32f1xx_hal_gpio.o(.rrx_text), (6 bytes).
    Removing stm32f1xx_hal_gpio.o(i.HAL_GPIO_DeInit), (396 bytes).
    Removing stm32f1xx_hal_gpio.o(i.HAL_GPIO_EXTI_Callback), (2 bytes).
    Removing stm32f1xx_hal_gpio.o(i.HAL_GPIO_EXTI_IRQHandler), (28 bytes).
    Removing stm32f1xx_hal_gpio.o(i.HAL_GPIO_LockPin), (192 bytes).
    Removing stm32f1xx_hal_gpio.o(.constdata), (35 bytes).
    Removing stm32f1xx_hal_tim_ex.o(.rev16_text), (4 bytes).
    Removing stm32f1xx_hal_tim_ex.o(.revsh_text), (4 bytes).
    Removing stm32f1xx_hal_tim_ex.o(.rrx_text), (6 bytes).
    Removing stm32f1xx_hal_tim_ex.o(i.HAL_TIMEx_ConfigBreakDeadTime), (392 bytes).
    Removing stm32f1xx_hal_tim_ex.o(i.HAL_TIMEx_ConfigCommutationEvent), (232 bytes).
    Removing stm32f1xx_hal_tim_ex.o(i.HAL_TIMEx_ConfigCommutationEvent_DMA), (264 bytes).
    Removing stm32f1xx_hal_tim_ex.o(i.HAL_TIMEx_ConfigCommutationEvent_IT), (244 bytes).
    Removing stm32f1xx_hal_tim_ex.o(i.HAL_TIMEx_HallSensor_DeInit), (184 bytes).
    Removing stm32f1xx_hal_tim_ex.o(i.HAL_TIMEx_HallSensor_GetState), (8 bytes).
    Removing stm32f1xx_hal_tim_ex.o(i.HAL_TIMEx_HallSensor_Init), (480 bytes).
    Removing stm32f1xx_hal_tim_ex.o(i.HAL_TIMEx_HallSensor_MspDeInit), (2 bytes).
    Removing stm32f1xx_hal_tim_ex.o(i.HAL_TIMEx_HallSensor_MspInit), (2 bytes).
    Removing stm32f1xx_hal_tim_ex.o(i.HAL_TIMEx_HallSensor_Start), (148 bytes).
    Removing stm32f1xx_hal_tim_ex.o(i.HAL_TIMEx_HallSensor_Start_DMA), (228 bytes).
    Removing stm32f1xx_hal_tim_ex.o(i.HAL_TIMEx_HallSensor_Start_IT), (160 bytes).
    Removing stm32f1xx_hal_tim_ex.o(i.HAL_TIMEx_HallSensor_Stop), (172 bytes).
    Removing stm32f1xx_hal_tim_ex.o(i.HAL_TIMEx_HallSensor_Stop_DMA), (184 bytes).
    Removing stm32f1xx_hal_tim_ex.o(i.HAL_TIMEx_HallSensor_Stop_IT), (184 bytes).
    Removing stm32f1xx_hal_tim_ex.o(i.HAL_TIMEx_MasterConfigSynchronization), (300 bytes).
    Removing stm32f1xx_hal_tim_ex.o(i.HAL_TIMEx_OCN_Start), (140 bytes).
    Removing stm32f1xx_hal_tim_ex.o(i.HAL_TIMEx_OCN_Start_DMA), (372 bytes).
    Removing stm32f1xx_hal_tim_ex.o(i.HAL_TIMEx_OCN_Start_IT), (228 bytes).
    Removing stm32f1xx_hal_tim_ex.o(i.HAL_TIMEx_OCN_Stop), (192 bytes).
    Removing stm32f1xx_hal_tim_ex.o(i.HAL_TIMEx_OCN_Stop_DMA), (272 bytes).
    Removing stm32f1xx_hal_tim_ex.o(i.HAL_TIMEx_OCN_Stop_IT), (292 bytes).
    Removing stm32f1xx_hal_tim_ex.o(i.HAL_TIMEx_OnePulseN_Start), (128 bytes).
    Removing stm32f1xx_hal_tim_ex.o(i.HAL_TIMEx_OnePulseN_Start_IT), (152 bytes).
    Removing stm32f1xx_hal_tim_ex.o(i.HAL_TIMEx_OnePulseN_Stop), (192 bytes).
    Removing stm32f1xx_hal_tim_ex.o(i.HAL_TIMEx_OnePulseN_Stop_IT), (216 bytes).
    Removing stm32f1xx_hal_tim_ex.o(i.HAL_TIMEx_PWMN_Start), (140 bytes).
    Removing stm32f1xx_hal_tim_ex.o(i.HAL_TIMEx_PWMN_Start_DMA), (372 bytes).
    Removing stm32f1xx_hal_tim_ex.o(i.HAL_TIMEx_PWMN_Start_IT), (228 bytes).
    Removing stm32f1xx_hal_tim_ex.o(i.HAL_TIMEx_PWMN_Stop), (192 bytes).
    Removing stm32f1xx_hal_tim_ex.o(i.HAL_TIMEx_PWMN_Stop_DMA), (272 bytes).
    Removing stm32f1xx_hal_tim_ex.o(i.HAL_TIMEx_PWMN_Stop_IT), (292 bytes).
    Removing stm32f1xx_hal_tim_ex.o(i.TIMEx_DMACommutationCplt), (20 bytes).
    Removing stm32f1xx_hal_tim_ex.o(i.TIM_CCxNChannelCmd), (28 bytes).
    Removing stm32f1xx_hal_tim_ex.o(.constdata), (35 bytes).
    Removing stm32f1xx_hal_gpio_ex.o(.rev16_text), (4 bytes).
    Removing stm32f1xx_hal_gpio_ex.o(.revsh_text), (4 bytes).
    Removing stm32f1xx_hal_gpio_ex.o(.rrx_text), (6 bytes).
    Removing stm32f1xx_hal_gpio_ex.o(i.HAL_GPIOEx_ConfigEventout), (192 bytes).
    Removing stm32f1xx_hal_gpio_ex.o(i.HAL_GPIOEx_DisableEventout), (20 bytes).
    Removing stm32f1xx_hal_gpio_ex.o(i.HAL_GPIOEx_EnableEventout), (20 bytes).
    Removing stm32f1xx_hal_gpio_ex.o(.constdata), (35 bytes).
    Removing stm32f1xx_hal_pwr.o(.rev16_text), (4 bytes).
    Removing stm32f1xx_hal_pwr.o(.revsh_text), (4 bytes).
    Removing stm32f1xx_hal_pwr.o(.rrx_text), (6 bytes).
    Removing stm32f1xx_hal_pwr.o(i.HAL_PWR_ConfigPVD), (372 bytes).
    Removing stm32f1xx_hal_pwr.o(i.HAL_PWR_DeInit), (28 bytes).
    Removing stm32f1xx_hal_pwr.o(i.HAL_PWR_DisableBkUpAccess), (12 bytes).
    Removing stm32f1xx_hal_pwr.o(i.HAL_PWR_DisablePVD), (12 bytes).
    Removing stm32f1xx_hal_pwr.o(i.HAL_PWR_DisableSEVOnPend), (20 bytes).
    Removing stm32f1xx_hal_pwr.o(i.HAL_PWR_DisableSleepOnExit), (20 bytes).
    Removing stm32f1xx_hal_pwr.o(i.HAL_PWR_DisableWakeUpPin), (104 bytes).
    Removing stm32f1xx_hal_pwr.o(i.HAL_PWR_EnableBkUpAccess), (12 bytes).
    Removing stm32f1xx_hal_pwr.o(i.HAL_PWR_EnablePVD), (12 bytes).
    Removing stm32f1xx_hal_pwr.o(i.HAL_PWR_EnableSEVOnPend), (20 bytes).
    Removing stm32f1xx_hal_pwr.o(i.HAL_PWR_EnableSleepOnExit), (20 bytes).
    Removing stm32f1xx_hal_pwr.o(i.HAL_PWR_EnableWakeUpPin), (104 bytes).
    Removing stm32f1xx_hal_pwr.o(i.HAL_PWR_EnterSLEEPMode), (116 bytes).
    Removing stm32f1xx_hal_pwr.o(i.HAL_PWR_EnterSTANDBYMode), (40 bytes).
    Removing stm32f1xx_hal_pwr.o(i.HAL_PWR_EnterSTOPMode), (176 bytes).
    Removing stm32f1xx_hal_pwr.o(i.HAL_PWR_PVDCallback), (2 bytes).
    Removing stm32f1xx_hal_pwr.o(i.HAL_PWR_PVD_IRQHandler), (32 bytes).
    Removing stm32f1xx_hal_pwr.o(i.PWR_OverloadWfe), (6 bytes).
    Removing stm32f1xx_hal_pwr.o(.constdata), (35 bytes).
    Removing stm32f1xx_hal_flash.o(.rev16_text), (4 bytes).
    Removing stm32f1xx_hal_flash.o(.revsh_text), (4 bytes).
    Removing stm32f1xx_hal_flash.o(.rrx_text), (6 bytes).
    Removing stm32f1xx_hal_flash.o(i.FLASH_Program_HalfWord), (32 bytes).
    Removing stm32f1xx_hal_flash.o(i.FLASH_SetErrorCode), (132 bytes).
    Removing stm32f1xx_hal_flash.o(i.FLASH_WaitForLastOperation), (112 bytes).
    Removing stm32f1xx_hal_flash.o(i.HAL_FLASH_EndOfOperationCallback), (2 bytes).
    Removing stm32f1xx_hal_flash.o(i.HAL_FLASH_GetError), (12 bytes).
    Removing stm32f1xx_hal_flash.o(i.HAL_FLASH_IRQHandler), (384 bytes).
    Removing stm32f1xx_hal_flash.o(i.HAL_FLASH_Lock), (20 bytes).
    Removing stm32f1xx_hal_flash.o(i.HAL_FLASH_OB_Launch), (8 bytes).
    Removing stm32f1xx_hal_flash.o(i.HAL_FLASH_OB_Lock), (20 bytes).
    Removing stm32f1xx_hal_flash.o(i.HAL_FLASH_OB_Unlock), (44 bytes).
    Removing stm32f1xx_hal_flash.o(i.HAL_FLASH_OperationErrorCallback), (2 bytes).
    Removing stm32f1xx_hal_flash.o(i.HAL_FLASH_Program), (384 bytes).
    Removing stm32f1xx_hal_flash.o(i.HAL_FLASH_Program_IT), (324 bytes).
    Removing stm32f1xx_hal_flash.o(i.HAL_FLASH_Unlock), (44 bytes).
    Removing stm32f1xx_hal_flash.o(.bss), (32 bytes).
    Removing stm32f1xx_hal_flash.o(.constdata), (35 bytes).
    Removing stm32f1xx_ll_utils.o(.rev16_text), (4 bytes).
    Removing stm32f1xx_ll_utils.o(.revsh_text), (4 bytes).
    Removing stm32f1xx_ll_utils.o(.rrx_text), (6 bytes).
    Removing stm32f1xx_ll_utils.o(i.LL_PLL_ConfigSystemClock_HSI), (104 bytes).
    Removing stm32f1xx_ll_utils.o(i.LL_RCC_HSI_IsReady), (16 bytes).
    Removing stm32f1xx_ll_utils.o(.constdata), (35 bytes).

504 unused section(s) (total 62294 bytes) removed from the image.

==============================================================================

Image Symbol Table

    Local Symbols

    Symbol Name                              Value     Ov Type        Size  Object(Section)

    ../Drivers/STM32F1xx_HAL_Driver/Src/stm32f1xx_hal.c 0x00000000   Number         0  stm32f1xx_hal.o ABSOLUTE
    ../Drivers/STM32F1xx_HAL_Driver/Src/stm32f1xx_hal_adc.c 0x00000000   Number         0  stm32f1xx_hal_adc.o ABSOLUTE
    ../Drivers/STM32F1xx_HAL_Driver/Src/stm32f1xx_hal_adc_ex.c 0x00000000   Number         0  stm32f1xx_hal_adc_ex.o ABSOLUTE
    ../Drivers/STM32F1xx_HAL_Driver/Src/stm32f1xx_hal_cortex.c 0x00000000   Number         0  stm32f1xx_hal_cortex.o ABSOLUTE
    ../Drivers/STM32F1xx_HAL_Driver/Src/stm32f1xx_hal_dma.c 0x00000000   Number         0  stm32f1xx_hal_dma.o ABSOLUTE
    ../Drivers/STM32F1xx_HAL_Driver/Src/stm32f1xx_hal_flash.c 0x00000000   Number         0  stm32f1xx_hal_flash.o ABSOLUTE
    ../Drivers/STM32F1xx_HAL_Driver/Src/stm32f1xx_hal_flash_ex.c 0x00000000   Number         0  stm32f1xx_hal_flash_ex.o ABSOLUTE
    ../Drivers/STM32F1xx_HAL_Driver/Src/stm32f1xx_hal_gpio.c 0x00000000   Number         0  stm32f1xx_hal_gpio.o ABSOLUTE
    ../Drivers/STM32F1xx_HAL_Driver/Src/stm32f1xx_hal_gpio_ex.c 0x00000000   Number         0  stm32f1xx_hal_gpio_ex.o ABSOLUTE
    ../Drivers/STM32F1xx_HAL_Driver/Src/stm32f1xx_hal_pwr.c 0x00000000   Number         0  stm32f1xx_hal_pwr.o ABSOLUTE
    ../Drivers/STM32F1xx_HAL_Driver/Src/stm32f1xx_hal_rcc.c 0x00000000   Number         0  stm32f1xx_hal_rcc.o ABSOLUTE
    ../Drivers/STM32F1xx_HAL_Driver/Src/stm32f1xx_hal_rcc_ex.c 0x00000000   Number         0  stm32f1xx_hal_rcc_ex.o ABSOLUTE
    ../Drivers/STM32F1xx_HAL_Driver/Src/stm32f1xx_hal_tim.c 0x00000000   Number         0  stm32f1xx_hal_tim.o ABSOLUTE
    ../Drivers/STM32F1xx_HAL_Driver/Src/stm32f1xx_hal_tim_ex.c 0x00000000   Number         0  stm32f1xx_hal_tim_ex.o ABSOLUTE
    ../Drivers/STM32F1xx_HAL_Driver/Src/stm32f1xx_hal_uart.c 0x00000000   Number         0  stm32f1xx_hal_uart.o ABSOLUTE
    ../Src/adc.c                             0x00000000   Number         0  adc.o ABSOLUTE
    ../Src/gpio.c                            0x00000000   Number         0  gpio.o ABSOLUTE
    ../Src/main.c                            0x00000000   Number         0  main.o ABSOLUTE
    ../Src/stm32f1xx_hal_msp.c               0x00000000   Number         0  stm32f1xx_hal_msp.o ABSOLUTE
    ../Src/stm32f1xx_it.c                    0x00000000   Number         0  stm32f1xx_it.o ABSOLUTE
    ../Src/system_stm32f1xx.c                0x00000000   Number         0  system_stm32f1xx.o ABSOLUTE
    ../Src/usart.c                           0x00000000   Number         0  usart.o ABSOLUTE
    ../clib/microlib/init/entry.s            0x00000000   Number         0  entry10b.o ABSOLUTE
    ../clib/microlib/init/entry.s            0x00000000   Number         0  entry9a.o ABSOLUTE
    ../clib/microlib/init/entry.s            0x00000000   Number         0  entry11a.o ABSOLUTE
    ../clib/microlib/init/entry.s            0x00000000   Number         0  entry5.o ABSOLUTE
    ../clib/microlib/init/entry.s            0x00000000   Number         0  entry7a.o ABSOLUTE
    ../clib/microlib/init/entry.s            0x00000000   Number         0  entry7b.o ABSOLUTE
    ../clib/microlib/init/entry.s            0x00000000   Number         0  entry11b.o ABSOLUTE
    ../clib/microlib/init/entry.s            0x00000000   Number         0  entry9b.o ABSOLUTE
    ../clib/microlib/init/entry.s            0x00000000   Number         0  entry8b.o ABSOLUTE
    ../clib/microlib/init/entry.s            0x00000000   Number         0  entry10a.o ABSOLUTE
    ../clib/microlib/init/entry.s            0x00000000   Number         0  entry.o ABSOLUTE
    ../clib/microlib/init/entry.s            0x00000000   Number         0  entry2.o ABSOLUTE
    ../clib/microlib/init/entry.s            0x00000000   Number         0  entry8a.o ABSOLUTE
    ../clib/microlib/longlong.c              0x00000000   Number         0  llushr.o ABSOLUTE
    ../clib/microlib/string/memcpy.c         0x00000000   Number         0  memcpya.o ABSOLUTE
    ../clib/microlib/string/memcpy.c         0x00000000   Number         0  memcpyb.o ABSOLUTE
    ..\Drivers\STM32F1xx_HAL_Driver\Src\stm32f1xx_hal.c 0x00000000   Number         0  stm32f1xx_hal.o ABSOLUTE
    ..\Drivers\STM32F1xx_HAL_Driver\Src\stm32f1xx_hal_adc.c 0x00000000   Number         0  stm32f1xx_hal_adc.o ABSOLUTE
    ..\Drivers\STM32F1xx_HAL_Driver\Src\stm32f1xx_hal_adc_ex.c 0x00000000   Number         0  stm32f1xx_hal_adc_ex.o ABSOLUTE
    ..\Drivers\STM32F1xx_HAL_Driver\Src\stm32f1xx_hal_cortex.c 0x00000000   Number         0  stm32f1xx_hal_cortex.o ABSOLUTE
    ..\Drivers\STM32F1xx_HAL_Driver\Src\stm32f1xx_hal_dma.c 0x00000000   Number         0  stm32f1xx_hal_dma.o ABSOLUTE
    ..\Drivers\STM32F1xx_HAL_Driver\Src\stm32f1xx_hal_flash.c 0x00000000   Number         0  stm32f1xx_hal_flash.o ABSOLUTE
    ..\Drivers\STM32F1xx_HAL_Driver\Src\stm32f1xx_hal_flash_ex.c 0x00000000   Number         0  stm32f1xx_hal_flash_ex.o ABSOLUTE
    ..\Drivers\STM32F1xx_HAL_Driver\Src\stm32f1xx_hal_gpio.c 0x00000000   Number         0  stm32f1xx_hal_gpio.o ABSOLUTE
    ..\Drivers\STM32F1xx_HAL_Driver\Src\stm32f1xx_hal_gpio_ex.c 0x00000000   Number         0  stm32f1xx_hal_gpio_ex.o ABSOLUTE
    ..\Drivers\STM32F1xx_HAL_Driver\Src\stm32f1xx_hal_pwr.c 0x00000000   Number         0  stm32f1xx_hal_pwr.o ABSOLUTE
    ..\Drivers\STM32F1xx_HAL_Driver\Src\stm32f1xx_hal_rcc.c 0x00000000   Number         0  stm32f1xx_hal_rcc.o ABSOLUTE
    ..\Drivers\STM32F1xx_HAL_Driver\Src\stm32f1xx_hal_rcc_ex.c 0x00000000   Number         0  stm32f1xx_hal_rcc_ex.o ABSOLUTE
    ..\Drivers\STM32F1xx_HAL_Driver\Src\stm32f1xx_hal_tim.c 0x00000000   Number         0  stm32f1xx_hal_tim.o ABSOLUTE
    ..\Drivers\STM32F1xx_HAL_Driver\Src\stm32f1xx_hal_tim_ex.c 0x00000000   Number         0  stm32f1xx_hal_tim_ex.o ABSOLUTE
    ..\Drivers\STM32F1xx_HAL_Driver\Src\stm32f1xx_hal_uart.c 0x00000000   Number         0  stm32f1xx_hal_uart.o ABSOLUTE
    ..\Drivers\STM32F1xx_HAL_Driver\Src\stm32f1xx_ll_rcc.c 0x00000000   Number         0  stm32f1xx_ll_rcc.o ABSOLUTE
    ..\Drivers\STM32F1xx_HAL_Driver\Src\stm32f1xx_ll_usart.c 0x00000000   Number         0  stm32f1xx_ll_usart.o ABSOLUTE
    ..\Drivers\STM32F1xx_HAL_Driver\Src\stm32f1xx_ll_utils.c 0x00000000   Number         0  stm32f1xx_ll_utils.o ABSOLUTE
    ..\Src\BSP.c                             0x00000000   Number         0  bsp.o ABSOLUTE
    ..\Src\ControllerPort.c                  0x00000000   Number         0  controllerport.o ABSOLUTE
    ..\Src\ErrorHandler.c                    0x00000000   Number         0  errorhandler.o ABSOLUTE
    ..\Src\Modbus.c                          0x00000000   Number         0  modbus.o ABSOLUTE
    ..\Src\Televis.c                         0x00000000   Number         0  televis.o ABSOLUTE
    ..\Src\USART1.c                          0x00000000   Number         0  usart1.o ABSOLUTE
    ..\Src\USART3.c                          0x00000000   Number         0  usart3.o ABSOLUTE
    ..\Src\adc.c                             0x00000000   Number         0  adc.o ABSOLUTE
    ..\Src\gpio.c                            0x00000000   Number         0  gpio.o ABSOLUTE
    ..\Src\main.c                            0x00000000   Number         0  main.o ABSOLUTE
    ..\Src\main_threads.c                    0x00000000   Number         0  main_threads.o ABSOLUTE
    ..\Src\os.c                              0x00000000   Number         0  os.o ABSOLUTE
    ..\Src\osasm.s                           0x00000000   Number         0  osasm.o ABSOLUTE
    ..\Src\stm32f1xx_hal_msp.c               0x00000000   Number         0  stm32f1xx_hal_msp.o ABSOLUTE
    ..\Src\stm32f1xx_it.c                    0x00000000   Number         0  stm32f1xx_it.o ABSOLUTE
    ..\Src\system_stm32f1xx.c                0x00000000   Number         0  system_stm32f1xx.o ABSOLUTE
    ..\Src\tim.c                             0x00000000   Number         0  tim.o ABSOLUTE
    ..\Src\usart.c                           0x00000000   Number         0  usart.o ABSOLUTE
    ..\\Drivers\\STM32F1xx_HAL_Driver\\Src\\stm32f1xx_ll_utils.c 0x00000000   Number         0  stm32f1xx_ll_utils.o ABSOLUTE
    ..\\Src\\BSP.c                           0x00000000   Number         0  bsp.o ABSOLUTE
    ..\\Src\\ControllerPort.c                0x00000000   Number         0  controllerport.o ABSOLUTE
    ..\\Src\\ErrorHandler.c                  0x00000000   Number         0  errorhandler.o ABSOLUTE
    ..\\Src\\USART1.c                        0x00000000   Number         0  usart1.o ABSOLUTE
    ..\\Src\\USART3.c                        0x00000000   Number         0  usart3.o ABSOLUTE
    ..\\Src\\main_threads.c                  0x00000000   Number         0  main_threads.o ABSOLUTE
    ..\\Src\\os.c                            0x00000000   Number         0  os.o ABSOLUTE
    ..\\Src\\tim.c                           0x00000000   Number         0  tim.o ABSOLUTE
    dc.s                                     0x00000000   Number         0  dc.o ABSOLUTE
    handlers.s                               0x00000000   Number         0  handlers.o ABSOLUTE
    init.s                                   0x00000000   Number         0  init.o ABSOLUTE
    startup_stm32f103xb.s                    0x00000000   Number         0  startup_stm32f103xb.o ABSOLUTE
    RESET                                    0x08000000   Section      236  startup_stm32f103xb.o(RESET)
    .ARM.Collect$$$$00000000                 0x080000ec   Section        0  entry.o(.ARM.Collect$$$$00000000)
    .ARM.Collect$$$$00000001                 0x080000ec   Section        4  entry2.o(.ARM.Collect$$$$00000001)
    .ARM.Collect$$$$00000004                 0x080000f0   Section        4  entry5.o(.ARM.Collect$$$$00000004)
    .ARM.Collect$$$$00000008                 0x080000f4   Section        0  entry7b.o(.ARM.Collect$$$$00000008)
    .ARM.Collect$$$$0000000A                 0x080000f4   Section        0  entry8b.o(.ARM.Collect$$$$0000000A)
    .ARM.Collect$$$$0000000B                 0x080000f4   Section        8  entry9a.o(.ARM.Collect$$$$0000000B)
    .ARM.Collect$$$$0000000D                 0x080000fc   Section        0  entry10a.o(.ARM.Collect$$$$0000000D)
    .ARM.Collect$$$$0000000F                 0x080000fc   Section        0  entry11a.o(.ARM.Collect$$$$0000000F)
    .ARM.Collect$$$$00002712                 0x080000fc   Section        4  entry2.o(.ARM.Collect$$$$00002712)
    __lit__00000000                          0x080000fc   Data           4  entry2.o(.ARM.Collect$$$$00002712)
    .text                                    0x08000100   Section       62  startup_stm32f103xb.o(.text)
    .text                                    0x08000140   Section       92  osasm.o(.text)
    .text                                    0x0800019c   Section        0  memcpya.o(.text)
    .text                                    0x080001c0   Section       36  init.o(.text)
    i.ADC1_2_IRQHandler                      0x080001e4   Section        0  stm32f1xx_it.o(i.ADC1_2_IRQHandler)
    i.ADC_ConversionStop_Disable             0x080001f4   Section        0  stm32f1xx_hal_adc.o(i.ADC_ConversionStop_Disable)
    i.BSP_PeriodicTask_Init                  0x08000248   Section        0  bsp.o(i.BSP_PeriodicTask_Init)
    i.BSP_PeriodicTask_InitB                 0x08000334   Section        0  bsp.o(i.BSP_PeriodicTask_InitB)
    i.BusFault_Handler                       0x08000420   Section        0  stm32f1xx_it.o(i.BusFault_Handler)
    i.CtrlPortHandleContinuousReception      0x0800042c   Section        0  main_threads.o(i.CtrlPortHandleContinuousReception)
    i.CtrlPortRegistersInit                  0x080004c8   Section        0  controllerport.o(i.CtrlPortRegistersInit)
    i.CtrlPortRxInit                         0x080004d0   Section        0  main_threads.o(i.CtrlPortRxInit)
    i.CtrlPortSendMsg                        0x08000534   Section        0  main_threads.o(i.CtrlPortSendMsg)
    i.CtrlPortTxInit                         0x080005a0   Section        0  main_threads.o(i.CtrlPortTxInit)
    i.DebugMon_Handler                       0x080005e4   Section        0  stm32f1xx_it.o(i.DebugMon_Handler)
    i.Dixel_Init                             0x080005e8   Section        0  controllerport.o(i.Dixel_Init)
    i.EventThread100ms                       0x0800065c   Section        0  main.o(i.EventThread100ms)
    i.EventThread1sec                        0x08000680   Section        0  main.o(i.EventThread1sec)
    i.HAL_ADCEx_InjectedConvCpltCallback     0x080006b8   Section        0  stm32f1xx_hal_adc_ex.o(i.HAL_ADCEx_InjectedConvCpltCallback)
    i.HAL_ADC_ConfigChannel                  0x080006bc   Section        0  stm32f1xx_hal_adc.o(i.HAL_ADC_ConfigChannel)
    i.HAL_ADC_ConvCpltCallback               0x08000990   Section        0  stm32f1xx_hal_adc.o(i.HAL_ADC_ConvCpltCallback)
    i.HAL_ADC_IRQHandler                     0x08000994   Section        0  stm32f1xx_hal_adc.o(i.HAL_ADC_IRQHandler)
    i.HAL_ADC_Init                           0x08000b40   Section        0  stm32f1xx_hal_adc.o(i.HAL_ADC_Init)
    i.HAL_ADC_LevelOutOfWindowCallback       0x08000da8   Section        0  stm32f1xx_hal_adc.o(i.HAL_ADC_LevelOutOfWindowCallback)
    i.HAL_ADC_MspInit                        0x08000dac   Section        0  adc.o(i.HAL_ADC_MspInit)
    i.HAL_Delay                              0x08000e08   Section        0  stm32f1xx_hal.o(i.HAL_Delay)
    i.HAL_GPIO_Init                          0x08000e28   Section        0  stm32f1xx_hal_gpio.o(i.HAL_GPIO_Init)
    i.HAL_GPIO_ReadPin                       0x08001220   Section        0  stm32f1xx_hal_gpio.o(i.HAL_GPIO_ReadPin)
    i.HAL_GPIO_TogglePin                     0x08001288   Section        0  stm32f1xx_hal_gpio.o(i.HAL_GPIO_TogglePin)
    i.HAL_GPIO_WritePin                      0x080012e8   Section        0  stm32f1xx_hal_gpio.o(i.HAL_GPIO_WritePin)
    i.HAL_GetTick                            0x08001360   Section        0  stm32f1xx_hal.o(i.HAL_GetTick)
    i.HAL_NVIC_EnableIRQ                     0x0800136c   Section        0  stm32f1xx_hal_cortex.o(i.HAL_NVIC_EnableIRQ)
    i.HAL_NVIC_SetPriority                   0x080013d4   Section        0  stm32f1xx_hal_cortex.o(i.HAL_NVIC_SetPriority)
    i.HAL_TIMEx_BreakCallback                0x080014a8   Section        0  stm32f1xx_hal_tim_ex.o(i.HAL_TIMEx_BreakCallback)
    i.HAL_TIMEx_CommutationCallback          0x080014aa   Section        0  stm32f1xx_hal_tim_ex.o(i.HAL_TIMEx_CommutationCallback)
    i.HAL_TIM_Base_Start_IT                  0x080014ac   Section        0  stm32f1xx_hal_tim.o(i.HAL_TIM_Base_Start_IT)
    i.HAL_TIM_IC_CaptureCallback             0x0800153c   Section        0  stm32f1xx_hal_tim.o(i.HAL_TIM_IC_CaptureCallback)
    i.HAL_TIM_IRQHandler                     0x0800153e   Section        0  stm32f1xx_hal_tim.o(i.HAL_TIM_IRQHandler)
    i.HAL_TIM_OC_DelayElapsedCallback        0x080016d4   Section        0  stm32f1xx_hal_tim.o(i.HAL_TIM_OC_DelayElapsedCallback)
    i.HAL_TIM_PWM_PulseFinishedCallback      0x080016d6   Section        0  stm32f1xx_hal_tim.o(i.HAL_TIM_PWM_PulseFinishedCallback)
    i.HAL_TIM_PeriodElapsedCallback          0x080016d8   Section        0  main.o(i.HAL_TIM_PeriodElapsedCallback)
    i.HAL_TIM_TriggerCallback                0x080016da   Section        0  stm32f1xx_hal_tim.o(i.HAL_TIM_TriggerCallback)
    i.HardFault_Handler                      0x080016dc   Section        0  stm32f1xx_it.o(i.HardFault_Handler)
    i.IdleTask                               0x080016e8   Section        0  main_threads.o(i.IdleTask)
    i.LED_ErrorBlinking                      0x08001700   Section        0  errorhandler.o(i.LED_ErrorBlinking)
    i.LL_APB2_GRP1_EnableClock               0x0800172c   Section        0  usart1.o(i.LL_APB2_GRP1_EnableClock)
    LL_APB2_GRP1_EnableClock                 0x0800172d   Thumb Code    24  usart1.o(i.LL_APB2_GRP1_EnableClock)
    i.LL_GPIO_SetPinMode                     0x08001748   Section        0  usart1.o(i.LL_GPIO_SetPinMode)
    LL_GPIO_SetPinMode                       0x08001749   Thumb Code    44  usart1.o(i.LL_GPIO_SetPinMode)
    i.LL_GPIO_SetPinMode                     0x08001774   Section        0  usart3.o(i.LL_GPIO_SetPinMode)
    LL_GPIO_SetPinMode                       0x08001775   Thumb Code    44  usart3.o(i.LL_GPIO_SetPinMode)
    i.LL_GPIO_SetPinPull                     0x080017a0   Section        0  usart1.o(i.LL_GPIO_SetPinPull)
    LL_GPIO_SetPinPull                       0x080017a1   Thumb Code    28  usart1.o(i.LL_GPIO_SetPinPull)
    i.LL_GPIO_SetPinPull                     0x080017bc   Section        0  usart3.o(i.LL_GPIO_SetPinPull)
    LL_GPIO_SetPinPull                       0x080017bd   Thumb Code    28  usart3.o(i.LL_GPIO_SetPinPull)
    i.LL_GPIO_SetPinSpeed                    0x080017d8   Section        0  usart1.o(i.LL_GPIO_SetPinSpeed)
    LL_GPIO_SetPinSpeed                      0x080017d9   Thumb Code    44  usart1.o(i.LL_GPIO_SetPinSpeed)
    i.LL_GPIO_SetPinSpeed                    0x08001804   Section        0  usart3.o(i.LL_GPIO_SetPinSpeed)
    LL_GPIO_SetPinSpeed                      0x08001805   Thumb Code    44  usart3.o(i.LL_GPIO_SetPinSpeed)
    i.LL_Init1msTick                         0x08001830   Section        0  stm32f1xx_ll_utils.o(i.LL_Init1msTick)
    i.LL_PLL_ConfigSystemClock_HSE           0x0800184c   Section        0  stm32f1xx_ll_utils.o(i.LL_PLL_ConfigSystemClock_HSE)
    i.LL_RCC_HSE_IsReady                     0x08001964   Section        0  stm32f1xx_ll_utils.o(i.LL_RCC_HSE_IsReady)
    LL_RCC_HSE_IsReady                       0x08001965   Thumb Code    10  stm32f1xx_ll_utils.o(i.LL_RCC_HSE_IsReady)
    i.LL_RCC_PLL_ConfigDomain_SYS            0x08001974   Section        0  stm32f1xx_ll_utils.o(i.LL_RCC_PLL_ConfigDomain_SYS)
    LL_RCC_PLL_ConfigDomain_SYS              0x08001975   Thumb Code    22  stm32f1xx_ll_utils.o(i.LL_RCC_PLL_ConfigDomain_SYS)
    i.LL_RCC_PLL_IsReady                     0x08001990   Section        0  stm32f1xx_ll_utils.o(i.LL_RCC_PLL_IsReady)
    LL_RCC_PLL_IsReady                       0x08001991   Thumb Code    10  stm32f1xx_ll_utils.o(i.LL_RCC_PLL_IsReady)
    i.LL_SetSystemCoreClock                  0x080019a0   Section        0  stm32f1xx_ll_utils.o(i.LL_SetSystemCoreClock)
    i.LL_USART_EnableIT_ERROR                0x080019ac   Section        0  main_threads.o(i.LL_USART_EnableIT_ERROR)
    LL_USART_EnableIT_ERROR                  0x080019ad   Thumb Code    10  main_threads.o(i.LL_USART_EnableIT_ERROR)
    i.LL_USART_EnableIT_IDLE                 0x080019b6   Section        0  main_threads.o(i.LL_USART_EnableIT_IDLE)
    LL_USART_EnableIT_IDLE                   0x080019b7   Thumb Code    10  main_threads.o(i.LL_USART_EnableIT_IDLE)
    i.LL_USART_EnableIT_RXNE                 0x080019c0   Section        0  main_threads.o(i.LL_USART_EnableIT_RXNE)
    LL_USART_EnableIT_RXNE                   0x080019c1   Thumb Code    10  main_threads.o(i.LL_USART_EnableIT_RXNE)
    i.LL_USART_EnableIT_TXE                  0x080019ca   Section        0  main_threads.o(i.LL_USART_EnableIT_TXE)
    LL_USART_EnableIT_TXE                    0x080019cb   Thumb Code    10  main_threads.o(i.LL_USART_EnableIT_TXE)
    i.LL_USART_SetBaudRate                   0x080019d4   Section        0  usart1.o(i.LL_USART_SetBaudRate)
    LL_USART_SetBaudRate                     0x080019d5   Thumb Code   158  usart1.o(i.LL_USART_SetBaudRate)
    i.LL_USART_SetBaudRate                   0x08001a72   Section        0  usart3.o(i.LL_USART_SetBaudRate)
    LL_USART_SetBaudRate                     0x08001a73   Thumb Code   158  usart3.o(i.LL_USART_SetBaudRate)
    i.LL_USART_TransmitData8                 0x08001b10   Section        0  main_threads.o(i.LL_USART_TransmitData8)
    LL_USART_TransmitData8                   0x08001b11   Thumb Code     4  main_threads.o(i.LL_USART_TransmitData8)
    i.LL_mDelay                              0x08001b14   Section        0  stm32f1xx_ll_utils.o(i.LL_mDelay)
    i.MU_PortHandleContinuousReception       0x08001b3c   Section        0  main_threads.o(i.MU_PortHandleContinuousReception)
    i.MU_PortReceptionInit                   0x08001bdc   Section        0  main_threads.o(i.MU_PortReceptionInit)
    i.MU_PortSendMsg                         0x08001c64   Section        0  main_threads.o(i.MU_PortSendMsg)
    i.MX_ADC1_Init                           0x08001ce0   Section        0  adc.o(i.MX_ADC1_Init)
    i.MX_GPIO_Init                           0x08001d4c   Section        0  gpio.o(i.MX_GPIO_Init)
    i.MemManage_Handler                      0x08001e4c   Section        0  stm32f1xx_it.o(i.MemManage_Handler)
    i.NMI_Handler                            0x08001e56   Section        0  stm32f1xx_it.o(i.NMI_Handler)
    i.NVIC_DisableIRQ                        0x08001e64   Section        0  errorhandler.o(i.NVIC_DisableIRQ)
    NVIC_DisableIRQ                          0x08001e65   Thumb Code    18  errorhandler.o(i.NVIC_DisableIRQ)
    i.NVIC_GetPriorityGrouping               0x08001e7c   Section        0  stm32f1xx_hal_cortex.o(i.NVIC_GetPriorityGrouping)
    NVIC_GetPriorityGrouping                 0x08001e7d   Thumb Code    10  stm32f1xx_hal_cortex.o(i.NVIC_GetPriorityGrouping)
    i.NVIC_SetPriority                       0x08001e8c   Section        0  os.o(i.NVIC_SetPriority)
    NVIC_SetPriority                         0x08001e8d   Thumb Code    32  os.o(i.NVIC_SetPriority)
    i.NVIC_SetPriority                       0x08001eb4   Section        0  stm32f1xx_hal_cortex.o(i.NVIC_SetPriority)
    NVIC_SetPriority                         0x08001eb5   Thumb Code    32  stm32f1xx_hal_cortex.o(i.NVIC_SetPriority)
    i.OS_AddThread                           0x08001edc   Section        0  os.o(i.OS_AddThread)
    i.OS_Init                                0x08002034   Section        0  os.o(i.OS_Init)
    i.OS_InitSemaphore                       0x08002064   Section        0  os.o(i.OS_InitSemaphore)
    i.OS_Launch                              0x08002068   Section        0  os.o(i.OS_Launch)
    i.OS_PeriodTrigger0_Init                 0x08002090   Section        0  os.o(i.OS_PeriodTrigger0_Init)
    i.OS_PeriodTrigger1_Init                 0x080020b8   Section        0  os.o(i.OS_PeriodTrigger1_Init)
    i.OS_Signal                              0x080020e0   Section        0  os.o(i.OS_Signal)
    i.OS_Suspend                             0x08002114   Section        0  os.o(i.OS_Suspend)
    i.OS_Wait                                0x0800212c   Section        0  os.o(i.OS_Wait)
    i.RealTimeEvents                         0x08002158   Section        0  os.o(i.RealTimeEvents)
    i.SVC_Handler                            0x080021c4   Section        0  stm32f1xx_it.o(i.SVC_Handler)
    i.Scheduler                              0x080021c8   Section        0  os.o(i.Scheduler)
    i.SystemClock_Config                     0x080021f8   Section        0  os.o(i.SystemClock_Config)
    i.SystemInit                             0x0800222c   Section        0  system_stm32f1xx.o(i.SystemInit)
    i.TIM3_IRQHandler                        0x08002284   Section        0  bsp.o(i.TIM3_IRQHandler)
    i.TIM4_IRQHandler                        0x0800229c   Section        0  bsp.o(i.TIM4_IRQHandler)
    i.TIM_Base_SetConfig                     0x080022b4   Section        0  stm32f1xx_hal_tim.o(i.TIM_Base_SetConfig)
    i.USART1_IDLE_Callback                   0x08002328   Section        0  usart1.o(i.USART1_IDLE_Callback)
    i.USART1_IRQHandler                      0x08002378   Section        0  usart1.o(i.USART1_IRQHandler)
    i.USART1_Init                            0x0800241c   Section        0  usart1.o(i.USART1_Init)
    i.USART1_Reception_Callback              0x08002568   Section        0  usart1.o(i.USART1_Reception_Callback)
    i.USART1_TXEmpty_Callback                0x080025b4   Section        0  usart1.o(i.USART1_TXEmpty_Callback)
    i.USART1_TransmitComplete_Callback       0x08002608   Section        0  usart1.o(i.USART1_TransmitComplete_Callback)
    i.USART3_IDLE_Callback                   0x0800265c   Section        0  usart3.o(i.USART3_IDLE_Callback)
    i.USART3_IRQHandler                      0x080026bc   Section        0  usart3.o(i.USART3_IRQHandler)
    i.USART3_Init                            0x08002760   Section        0  usart3.o(i.USART3_Init)
    i.USART3_Reception_Callback              0x080028c8   Section        0  usart3.o(i.USART3_Reception_Callback)
    i.USART3_TransmitComplete_Callback       0x080028fc   Section        0  usart3.o(i.USART3_TransmitComplete_Callback)
    i.USART_TXEmpty_Callback                 0x0800295c   Section        0  usart3.o(i.USART_TXEmpty_Callback)
    i.USARTxError_Callback                   0x080029b0   Section        0  errorhandler.o(i.USARTxError_Callback)
    i.UTILS_EnablePLLAndSwitchSystem         0x08002a30   Section        0  stm32f1xx_ll_utils.o(i.UTILS_EnablePLLAndSwitchSystem)
    UTILS_EnablePLLAndSwitchSystem           0x08002a31   Thumb Code   366  stm32f1xx_ll_utils.o(i.UTILS_EnablePLLAndSwitchSystem)
    i.UTILS_GetPLLOutputFrequency            0x08002be8   Section        0  stm32f1xx_ll_utils.o(i.UTILS_GetPLLOutputFrequency)
    UTILS_GetPLLOutputFrequency              0x08002be9   Thumb Code   182  stm32f1xx_ll_utils.o(i.UTILS_GetPLLOutputFrequency)
    i.UTILS_PLL_IsBusy                       0x08002ce0   Section        0  stm32f1xx_ll_utils.o(i.UTILS_PLL_IsBusy)
    UTILS_PLL_IsBusy                         0x08002ce1   Thumb Code    16  stm32f1xx_ll_utils.o(i.UTILS_PLL_IsBusy)
    i.UTILS_SetFlashLatency                  0x08002cf0   Section        0  stm32f1xx_ll_utils.o(i.UTILS_SetFlashLatency)
    UTILS_SetFlashLatency                    0x08002cf1   Thumb Code    68  stm32f1xx_ll_utils.o(i.UTILS_SetFlashLatency)
    i.UsageFault_Handler                     0x08002d40   Section        0  stm32f1xx_it.o(i.UsageFault_Handler)
    i._Error_Handler                         0x08002d4c   Section        0  errorhandler.o(i._Error_Handler)
    i.__scatterload_copy                     0x08002d94   Section       14  handlers.o(i.__scatterload_copy)
    i.__scatterload_null                     0x08002da2   Section        2  handlers.o(i.__scatterload_null)
    i.__scatterload_zeroinit                 0x08002da4   Section       14  handlers.o(i.__scatterload_zeroinit)
    i.assert_failed                          0x08002db2   Section        0  main.o(i.assert_failed)
    i.main                                   0x08002db4   Section        0  main.o(i.main)
    i.runperiodicevents                      0x08002efc   Section        0  os.o(i.runperiodicevents)
    runperiodicevents                        0x08002efd   Thumb Code    50  os.o(i.runperiodicevents)
    .constdata                               0x08002f34   Section       59  system_stm32f1xx.o(.constdata)
    OFFSET_TAB_CCMRx                         0x08002f34   Data           7  system_stm32f1xx.o(.constdata)
    SHIFT_TAB_OCxx                           0x08002f3b   Data           7  system_stm32f1xx.o(.constdata)
    SHIFT_TAB_ICxx                           0x08002f42   Data           7  system_stm32f1xx.o(.constdata)
    SHIFT_TAB_CCxP                           0x08002f49   Data           7  system_stm32f1xx.o(.constdata)
    SHIFT_TAB_OISx                           0x08002f50   Data           7  system_stm32f1xx.o(.constdata)
    .data                                    0x20000000   Section        4  system_stm32f1xx.o(.data)
    .data                                    0x20000004   Section       20  main.o(.data)
    .data                                    0x20000018   Section        8  errorhandler.o(.data)
    .data                                    0x20000020   Section       84  os.o(.data)
    ThreadId                                 0x2000002c   Data           4  os.o(.data)
    realCount                                0x20000070   Data           4  os.o(.data)
    .data                                    0x20000074   Section       12  bsp.o(.data)
    uwPrescalerValue                         0x20000074   Data           4  bsp.o(.data)
    .data                                    0x20000080   Section        6  controllerport.o(.data)
    .data                                    0x20000088   Section      100  main_threads.o(.data)
    .data                                    0x200000ec   Section        4  stm32f1xx_hal.o(.data)
    .bss                                     0x200000f0   Section       48  adc.o(.bss)
    .bss                                     0x20000120   Section      255  errorhandler.o(.bss)
    .bss                                     0x20000220   Section     8512  os.o(.bss)
    .bss                                     0x20002360   Section      128  tim.o(.bss)
    .bss                                     0x200023e0   Section      128  main_threads.o(.bss)
    STACK                                    0x20002460   Section     1024  startup_stm32f103xb.o(STACK)

    Global Symbols

    Symbol Name                              Value     Ov Type        Size  Object(Section)

    BuildAttributes$$THM_ISAv4$P$D$K$B$S$PE$A:L22UL41UL21$X:L11$S22US41US21$IEEE1$IW$USESV6$~STKCKD$USESV7$~SHL$OSPACE$EBA8$MICROLIB$REQ8$PRES8$EABIv2 0x00000000   Number         0  anon$$obj.o ABSOLUTE
    __ARM_use_no_argv                        0x00000000   Number         0  main.o ABSOLUTE
    __cpp_initialize__aeabi_                  - Undefined Weak Reference
    __cxa_finalize                            - Undefined Weak Reference
    __decompress                              - Undefined Weak Reference
    _clock_init                               - Undefined Weak Reference
    _microlib_exit                            - Undefined Weak Reference
    __Vectors_Size                           0x000000ec   Number         0  startup_stm32f103xb.o ABSOLUTE
    __Vectors                                0x08000000   Data           4  startup_stm32f103xb.o(RESET)
    __Vectors_End                            0x080000ec   Data           0  startup_stm32f103xb.o(RESET)
    __main                                   0x080000ed   Thumb Code     0  entry.o(.ARM.Collect$$$$00000000)
    _main_stk                                0x080000ed   Thumb Code     0  entry2.o(.ARM.Collect$$$$00000001)
    _main_scatterload                        0x080000f1   Thumb Code     0  entry5.o(.ARM.Collect$$$$00000004)
    __main_after_scatterload                 0x080000f5   Thumb Code     0  entry5.o(.ARM.Collect$$$$00000004)
    _main_clock                              0x080000f5   Thumb Code     0  entry7b.o(.ARM.Collect$$$$00000008)
    _main_cpp_init                           0x080000f5   Thumb Code     0  entry8b.o(.ARM.Collect$$$$0000000A)
    _main_init                               0x080000f5   Thumb Code     0  entry9a.o(.ARM.Collect$$$$0000000B)
    __rt_final_cpp                           0x080000fd   Thumb Code     0  entry10a.o(.ARM.Collect$$$$0000000D)
    __rt_final_exit                          0x080000fd   Thumb Code     0  entry11a.o(.ARM.Collect$$$$0000000F)
    Reset_Handler                            0x08000101   Thumb Code     8  startup_stm32f103xb.o(.text)
    CAN1_RX1_IRQHandler                      0x0800011b   Thumb Code     0  startup_stm32f103xb.o(.text)
    CAN1_SCE_IRQHandler                      0x0800011b   Thumb Code     0  startup_stm32f103xb.o(.text)
    DMA1_Channel1_IRQHandler                 0x0800011b   Thumb Code     0  startup_stm32f103xb.o(.text)
    DMA1_Channel2_IRQHandler                 0x0800011b   Thumb Code     0  startup_stm32f103xb.o(.text)
    DMA1_Channel3_IRQHandler                 0x0800011b   Thumb Code     0  startup_stm32f103xb.o(.text)
    DMA1_Channel4_IRQHandler                 0x0800011b   Thumb Code     0  startup_stm32f103xb.o(.text)
    DMA1_Channel5_IRQHandler                 0x0800011b   Thumb Code     0  startup_stm32f103xb.o(.text)
    DMA1_Channel6_IRQHandler                 0x0800011b   Thumb Code     0  startup_stm32f103xb.o(.text)
    DMA1_Channel7_IRQHandler                 0x0800011b   Thumb Code     0  startup_stm32f103xb.o(.text)
    EXTI0_IRQHandler                         0x0800011b   Thumb Code     0  startup_stm32f103xb.o(.text)
    EXTI15_10_IRQHandler                     0x0800011b   Thumb Code     0  startup_stm32f103xb.o(.text)
    EXTI1_IRQHandler                         0x0800011b   Thumb Code     0  startup_stm32f103xb.o(.text)
    EXTI2_IRQHandler                         0x0800011b   Thumb Code     0  startup_stm32f103xb.o(.text)
    EXTI3_IRQHandler                         0x0800011b   Thumb Code     0  startup_stm32f103xb.o(.text)
    EXTI4_IRQHandler                         0x0800011b   Thumb Code     0  startup_stm32f103xb.o(.text)
    EXTI9_5_IRQHandler                       0x0800011b   Thumb Code     0  startup_stm32f103xb.o(.text)
    FLASH_IRQHandler                         0x0800011b   Thumb Code     0  startup_stm32f103xb.o(.text)
    I2C1_ER_IRQHandler                       0x0800011b   Thumb Code     0  startup_stm32f103xb.o(.text)
    I2C1_EV_IRQHandler                       0x0800011b   Thumb Code     0  startup_stm32f103xb.o(.text)
    I2C2_ER_IRQHandler                       0x0800011b   Thumb Code     0  startup_stm32f103xb.o(.text)
    I2C2_EV_IRQHandler                       0x0800011b   Thumb Code     0  startup_stm32f103xb.o(.text)
    PVD_IRQHandler                           0x0800011b   Thumb Code     0  startup_stm32f103xb.o(.text)
    RCC_IRQHandler                           0x0800011b   Thumb Code     0  startup_stm32f103xb.o(.text)
    RTC_Alarm_IRQHandler                     0x0800011b   Thumb Code     0  startup_stm32f103xb.o(.text)
    RTC_IRQHandler                           0x0800011b   Thumb Code     0  startup_stm32f103xb.o(.text)
    SPI1_IRQHandler                          0x0800011b   Thumb Code     0  startup_stm32f103xb.o(.text)
    SPI2_IRQHandler                          0x0800011b   Thumb Code     0  startup_stm32f103xb.o(.text)
    TAMPER_IRQHandler                        0x0800011b   Thumb Code     0  startup_stm32f103xb.o(.text)
    TIM1_BRK_IRQHandler                      0x0800011b   Thumb Code     0  startup_stm32f103xb.o(.text)
    TIM1_CC_IRQHandler                       0x0800011b   Thumb Code     0  startup_stm32f103xb.o(.text)
    TIM1_TRG_COM_IRQHandler                  0x0800011b   Thumb Code     0  startup_stm32f103xb.o(.text)
    TIM1_UP_IRQHandler                       0x0800011b   Thumb Code     0  startup_stm32f103xb.o(.text)
    TIM2_IRQHandler                          0x0800011b   Thumb Code     0  startup_stm32f103xb.o(.text)
    USART2_IRQHandler                        0x0800011b   Thumb Code     0  startup_stm32f103xb.o(.text)
    USBWakeUp_IRQHandler                     0x0800011b   Thumb Code     0  startup_stm32f103xb.o(.text)
    USB_HP_CAN1_TX_IRQHandler                0x0800011b   Thumb Code     0  startup_stm32f103xb.o(.text)
    USB_LP_CAN1_RX0_IRQHandler               0x0800011b   Thumb Code     0  startup_stm32f103xb.o(.text)
    WWDG_IRQHandler                          0x0800011b   Thumb Code     0  startup_stm32f103xb.o(.text)
    DisableInterrupts                        0x08000125   Thumb Code     0  startup_stm32f103xb.o(.text)
    EnableInterrupts                         0x08000129   Thumb Code     0  startup_stm32f103xb.o(.text)
    StartCritical                            0x0800012d   Thumb Code     0  startup_stm32f103xb.o(.text)
    EndCritical                              0x08000135   Thumb Code     0  startup_stm32f103xb.o(.text)
    WaitForInterrupt                         0x0800013b   Thumb Code     0  startup_stm32f103xb.o(.text)
    SysTick_Handler                          0x08000141   Thumb Code     0  osasm.o(.text)
    StartOS                                  0x08000167   Thumb Code     0  osasm.o(.text)
    PendSV_Handler                           0x08000185   Thumb Code     0  osasm.o(.text)
    __aeabi_memcpy                           0x0800019d   Thumb Code    36  memcpya.o(.text)
    __aeabi_memcpy4                          0x0800019d   Thumb Code     0  memcpya.o(.text)
    __aeabi_memcpy8                          0x0800019d   Thumb Code     0  memcpya.o(.text)
    __scatterload                            0x080001c1   Thumb Code    28  init.o(.text)
    __scatterload_rt2                        0x080001c1   Thumb Code     0  init.o(.text)
    ADC1_2_IRQHandler                        0x080001e5   Thumb Code    10  stm32f1xx_it.o(i.ADC1_2_IRQHandler)
    ADC_ConversionStop_Disable               0x080001f5   Thumb Code    82  stm32f1xx_hal_adc.o(i.ADC_ConversionStop_Disable)
    BSP_PeriodicTask_Init                    0x08000249   Thumb Code   194  bsp.o(i.BSP_PeriodicTask_Init)
    BSP_PeriodicTask_InitB                   0x08000335   Thumb Code   196  bsp.o(i.BSP_PeriodicTask_InitB)
    BusFault_Handler                         0x08000421   Thumb Code    10  stm32f1xx_it.o(i.BusFault_Handler)
    CtrlPortHandleContinuousReception        0x0800042d   Thumb Code   120  main_threads.o(i.CtrlPortHandleContinuousReception)
    CtrlPortRegistersInit                    0x080004c9   Thumb Code     8  controllerport.o(i.CtrlPortRegistersInit)
    CtrlPortRxInit                           0x080004d1   Thumb Code    68  main_threads.o(i.CtrlPortRxInit)
    CtrlPortSendMsg                          0x08000535   Thumb Code    78  main_threads.o(i.CtrlPortSendMsg)
    CtrlPortTxInit                           0x080005a1   Thumb Code    50  main_threads.o(i.CtrlPortTxInit)
    DebugMon_Handler                         0x080005e5   Thumb Code     2  stm32f1xx_it.o(i.DebugMon_Handler)
    Dixel_Init                               0x080005e9   Thumb Code   104  controllerport.o(i.Dixel_Init)
    EventThread100ms                         0x0800065d   Thumb Code    26  main.o(i.EventThread100ms)
    EventThread1sec                          0x08000681   Thumb Code    44  main.o(i.EventThread1sec)
    HAL_ADCEx_InjectedConvCpltCallback       0x080006b9   Thumb Code     2  stm32f1xx_hal_adc_ex.o(i.HAL_ADCEx_InjectedConvCpltCallback)
    HAL_ADC_ConfigChannel                    0x080006bd   Thumb Code   652  stm32f1xx_hal_adc.o(i.HAL_ADC_ConfigChannel)
    HAL_ADC_ConvCpltCallback                 0x08000991   Thumb Code     2  stm32f1xx_hal_adc.o(i.HAL_ADC_ConvCpltCallback)
    HAL_ADC_IRQHandler                       0x08000995   Thumb Code   362  stm32f1xx_hal_adc.o(i.HAL_ADC_IRQHandler)
    HAL_ADC_Init                             0x08000b41   Thumb Code   542  stm32f1xx_hal_adc.o(i.HAL_ADC_Init)
    HAL_ADC_LevelOutOfWindowCallback         0x08000da9   Thumb Code     2  stm32f1xx_hal_adc.o(i.HAL_ADC_LevelOutOfWindowCallback)
    HAL_ADC_MspInit                          0x08000dad   Thumb Code    78  adc.o(i.HAL_ADC_MspInit)
    HAL_Delay                                0x08000e09   Thumb Code    30  stm32f1xx_hal.o(i.HAL_Delay)
    HAL_GPIO_Init                            0x08000e29   Thumb Code   900  stm32f1xx_hal_gpio.o(i.HAL_GPIO_Init)
    HAL_GPIO_ReadPin                         0x08001221   Thumb Code    44  stm32f1xx_hal_gpio.o(i.HAL_GPIO_ReadPin)
    HAL_GPIO_TogglePin                       0x08001289   Thumb Code    36  stm32f1xx_hal_gpio.o(i.HAL_GPIO_TogglePin)
    HAL_GPIO_WritePin                        0x080012e9   Thumb Code    60  stm32f1xx_hal_gpio.o(i.HAL_GPIO_WritePin)
    HAL_GetTick                              0x08001361   Thumb Code     6  stm32f1xx_hal.o(i.HAL_GetTick)
    HAL_NVIC_EnableIRQ                       0x0800136d   Thumb Code    44  stm32f1xx_hal_cortex.o(i.HAL_NVIC_EnableIRQ)
    HAL_NVIC_SetPriority                     0x080013d5   Thumb Code   152  stm32f1xx_hal_cortex.o(i.HAL_NVIC_SetPriority)
    HAL_TIMEx_BreakCallback                  0x080014a9   Thumb Code     2  stm32f1xx_hal_tim_ex.o(i.HAL_TIMEx_BreakCallback)
    HAL_TIMEx_CommutationCallback            0x080014ab   Thumb Code     2  stm32f1xx_hal_tim_ex.o(i.HAL_TIMEx_CommutationCallback)
    HAL_TIM_Base_Start_IT                    0x080014ad   Thumb Code    76  stm32f1xx_hal_tim.o(i.HAL_TIM_Base_Start_IT)
    HAL_TIM_IC_CaptureCallback               0x0800153d   Thumb Code     2  stm32f1xx_hal_tim.o(i.HAL_TIM_IC_CaptureCallback)
    HAL_TIM_IRQHandler                       0x0800153f   Thumb Code   406  stm32f1xx_hal_tim.o(i.HAL_TIM_IRQHandler)
    HAL_TIM_OC_DelayElapsedCallback          0x080016d5   Thumb Code     2  stm32f1xx_hal_tim.o(i.HAL_TIM_OC_DelayElapsedCallback)
    HAL_TIM_PWM_PulseFinishedCallback        0x080016d7   Thumb Code     2  stm32f1xx_hal_tim.o(i.HAL_TIM_PWM_PulseFinishedCallback)
    HAL_TIM_PeriodElapsedCallback            0x080016d9   Thumb Code     2  main.o(i.HAL_TIM_PeriodElapsedCallback)
    HAL_TIM_TriggerCallback                  0x080016db   Thumb Code     2  stm32f1xx_hal_tim.o(i.HAL_TIM_TriggerCallback)
    HardFault_Handler                        0x080016dd   Thumb Code    12  stm32f1xx_it.o(i.HardFault_Handler)
    IdleTask                                 0x080016e9   Thumb Code    20  main_threads.o(i.IdleTask)
    LED_ErrorBlinking                        0x08001701   Thumb Code    38  errorhandler.o(i.LED_ErrorBlinking)
    LL_Init1msTick                           0x08001831   Thumb Code    28  stm32f1xx_ll_utils.o(i.LL_Init1msTick)
    LL_PLL_ConfigSystemClock_HSE             0x0800184d   Thumb Code   212  stm32f1xx_ll_utils.o(i.LL_PLL_ConfigSystemClock_HSE)
    LL_SetSystemCoreClock                    0x080019a1   Thumb Code     6  stm32f1xx_ll_utils.o(i.LL_SetSystemCoreClock)
    LL_mDelay                                0x08001b15   Thumb Code    40  stm32f1xx_ll_utils.o(i.LL_mDelay)
    MU_PortHandleContinuousReception         0x08001b3d   Thumb Code   122  main_threads.o(i.MU_PortHandleContinuousReception)
    MU_PortReceptionInit                     0x08001bdd   Thumb Code   108  main_threads.o(i.MU_PortReceptionInit)
    MU_PortSendMsg                           0x08001c65   Thumb Code    98  main_threads.o(i.MU_PortSendMsg)
    MX_ADC1_Init                             0x08001ce1   Thumb Code    82  adc.o(i.MX_ADC1_Init)
    MX_GPIO_Init                             0x08001d4d   Thumb Code   240  gpio.o(i.MX_GPIO_Init)
    MemManage_Handler                        0x08001e4d   Thumb Code    10  stm32f1xx_it.o(i.MemManage_Handler)
    NMI_Handler                              0x08001e57   Thumb Code    12  stm32f1xx_it.o(i.NMI_Handler)
    OS_AddThread                             0x08001edd   Thumb Code   322  os.o(i.OS_AddThread)
    OS_Init                                  0x08002035   Thumb Code    34  os.o(i.OS_Init)
    OS_InitSemaphore                         0x08002065   Thumb Code     4  os.o(i.OS_InitSemaphore)
    OS_Launch                                0x08002069   Thumb Code    36  os.o(i.OS_Launch)
    OS_PeriodTrigger0_Init                   0x08002091   Thumb Code    28  os.o(i.OS_PeriodTrigger0_Init)
    OS_PeriodTrigger1_Init                   0x080020b9   Thumb Code    28  os.o(i.OS_PeriodTrigger1_Init)
    OS_Signal                                0x080020e1   Thumb Code    46  os.o(i.OS_Signal)
    OS_Suspend                               0x08002115   Thumb Code    18  os.o(i.OS_Suspend)
    OS_Wait                                  0x0800212d   Thumb Code    40  os.o(i.OS_Wait)
    RealTimeEvents                           0x08002159   Thumb Code    86  os.o(i.RealTimeEvents)
    SVC_Handler                              0x080021c5   Thumb Code     2  stm32f1xx_it.o(i.SVC_Handler)
    Scheduler                                0x080021c9   Thumb Code    42  os.o(i.Scheduler)
    SystemClock_Config                       0x080021f9   Thumb Code    34  os.o(i.SystemClock_Config)
    SystemInit                               0x0800222d   Thumb Code    70  system_stm32f1xx.o(i.SystemInit)
    TIM3_IRQHandler                          0x08002285   Thumb Code    16  bsp.o(i.TIM3_IRQHandler)
    TIM4_IRQHandler                          0x0800229d   Thumb Code    16  bsp.o(i.TIM4_IRQHandler)
    TIM_Base_SetConfig                       0x080022b5   Thumb Code   102  stm32f1xx_hal_tim.o(i.TIM_Base_SetConfig)
    USART1_IDLE_Callback                     0x08002329   Thumb Code    58  usart1.o(i.USART1_IDLE_Callback)
    USART1_IRQHandler                        0x08002379   Thumb Code   158  usart1.o(i.USART1_IRQHandler)
    USART1_Init                              0x0800241d   Thumb Code   302  usart1.o(i.USART1_Init)
    USART1_Reception_Callback                0x08002569   Thumb Code    54  usart1.o(i.USART1_Reception_Callback)
    USART1_TXEmpty_Callback                  0x080025b5   Thumb Code    68  usart1.o(i.USART1_TXEmpty_Callback)
    USART1_TransmitComplete_Callback         0x08002609   Thumb Code    64  usart1.o(i.USART1_TransmitComplete_Callback)
    USART3_IDLE_Callback                     0x0800265d   Thumb Code    74  usart3.o(i.USART3_IDLE_Callback)
    USART3_IRQHandler                        0x080026bd   Thumb Code   158  usart3.o(i.USART3_IRQHandler)
    USART3_Init                              0x08002761   Thumb Code   326  usart3.o(i.USART3_Init)
    USART3_Reception_Callback                0x080028c9   Thumb Code    38  usart3.o(i.USART3_Reception_Callback)
    USART3_TransmitComplete_Callback         0x080028fd   Thumb Code    74  usart3.o(i.USART3_TransmitComplete_Callback)
    USART_TXEmpty_Callback                   0x0800295d   Thumb Code    68  usart3.o(i.USART_TXEmpty_Callback)
    USARTxError_Callback                     0x080029b1   Thumb Code   112  errorhandler.o(i.USARTxError_Callback)
    UsageFault_Handler                       0x08002d41   Thumb Code    12  stm32f1xx_it.o(i.UsageFault_Handler)
    _Error_Handler                           0x08002d4d   Thumb Code    58  errorhandler.o(i._Error_Handler)
    __scatterload_copy                       0x08002d95   Thumb Code    14  handlers.o(i.__scatterload_copy)
    __scatterload_null                       0x08002da3   Thumb Code     2  handlers.o(i.__scatterload_null)
    __scatterload_zeroinit                   0x08002da5   Thumb Code    14  handlers.o(i.__scatterload_zeroinit)
    assert_failed                            0x08002db3   Thumb Code     2  main.o(i.assert_failed)
    main                                     0x08002db5   Thumb Code   230  main.o(i.main)
    AHBPrescTable                            0x08002f57   Data          16  system_stm32f1xx.o(.constdata)
    APBPrescTable                            0x08002f67   Data           8  system_stm32f1xx.o(.constdata)
    Region$$Table$$Base                      0x08002f70   Number         0  anon$$obj.o(Region$$Table)
    Region$$Table$$Limit                     0x08002f90   Number         0  anon$$obj.o(Region$$Table)
    SystemCoreClock                          0x20000000   Data           4  system_stm32f1xx.o(.data)
    Count3                                   0x20000004   Data           4  main.o(.data)
    Count4                                   0x20000008   Data           4  main.o(.data)
    DeviceScan                               0x2000000c   Data           4  main.o(.data)
    Time100msSemaphore                       0x20000010   Data           4  main.o(.data)
    Time1secSemaphore                        0x20000014   Data           4  main.o(.data)
    ErrorLine                                0x20000018   Data           4  errorhandler.o(.data)
    sr_reg                                   0x2000001c   Data           4  errorhandler.o(.data)
    RunPt                                    0x20000020   Data           4  os.o(.data)
    PeriodicTask1                            0x20000024   Data           4  os.o(.data)
    NumThread                                0x20000028   Data           4  os.o(.data)
    previousPt                               0x20000030   Data           4  os.o(.data)
    nextPt                                   0x20000034   Data           4  os.o(.data)
    killPt                                   0x20000038   Data           4  os.o(.data)
    PutI                                     0x2000003c   Data           4  os.o(.data)
    GetI                                     0x20000040   Data           4  os.o(.data)
    CurrentSize                              0x20000044   Data           4  os.o(.data)
    LostData                                 0x20000048   Data           4  os.o(.data)
    PeriodicSemaphore0                       0x2000004c   Data           4  os.o(.data)
    Period0                                  0x20000050   Data           4  os.o(.data)
    PeriodicSemaphore1                       0x20000054   Data           4  os.o(.data)
    Period1                                  0x20000058   Data           4  os.o(.data)
    sUTILS_PLLInitStruct                     0x2000005c   Data           8  os.o(.data)
    sUTILS_ClkInitStruct                     0x20000064   Data          12  os.o(.data)
    PeriodicTask                             0x20000078   Data           4  bsp.o(.data)
    PeriodicTaskB                            0x2000007c   Data           4  bsp.o(.data)
    CtrlPortRegisters                        0x20000080   Data           6  controllerport.o(.data)
    U3_RxSemaphore                           0x20000088   Data           4  main_threads.o(.data)
    U3_TxSemaphore                           0x2000008c   Data           4  main_threads.o(.data)
    U3_RxInitSema                            0x20000090   Data           4  main_threads.o(.data)
    U3_BufferReadyIndication                 0x20000094   Data           4  main_threads.o(.data)
    U3_idxTx                                 0x20000098   Data           4  main_threads.o(.data)
    U3_idxRx                                 0x2000009c   Data           4  main_threads.o(.data)
    U3_TxMessageSize                         0x200000a0   Data           1  main_threads.o(.data)
    U3_RxMessageSize                         0x200000a1   Data           1  main_threads.o(.data)
    PortCtrlTxInitSema                       0x200000a4   Data           4  main_threads.o(.data)
    PortCtrlRxInitSema                       0x200000a8   Data           4  main_threads.o(.data)
    U1_TxSemaphore                           0x200000ac   Data           4  main_threads.o(.data)
    U1_RxSemaphore                           0x200000b0   Data           4  main_threads.o(.data)
    CtrlRxTimeIsNotExpired                   0x200000b4   Data           4  main_threads.o(.data)
    U1_idxTx                                 0x200000b8   Data           4  main_threads.o(.data)
    U1_idxRx                                 0x200000bc   Data           4  main_threads.o(.data)
    U1_BufferReadyIndication                 0x200000c0   Data           4  main_threads.o(.data)
    U1_RxMessageSize                         0x200000c4   Data           1  main_threads.o(.data)
    U1_TxMessageSize                         0x200000c5   Data           1  main_threads.o(.data)
    pBufferReception                         0x200000c8   Data           4  main_threads.o(.data)
    Count0                                   0x200000cc   Data           4  main_threads.o(.data)
    Count1                                   0x200000d0   Data           4  main_threads.o(.data)
    Count2                                   0x200000d4   Data           4  main_threads.o(.data)
    Count7                                   0x200000d8   Data           4  main_threads.o(.data)
    Count8                                   0x200000dc   Data           4  main_threads.o(.data)
    Count5                                   0x200000e0   Data           4  main_threads.o(.data)
    Count6                                   0x200000e4   Data           4  main_threads.o(.data)
    Freetime                                 0x200000e8   Data           4  main_threads.o(.data)
    uwTick                                   0x200000ec   Data           4  stm32f1xx_hal.o(.data)
    hadc1                                    0x200000f0   Data          48  adc.o(.bss)
    ErrorBuff                                0x20000120   Data         255  errorhandler.o(.bss)
    tcbs                                     0x20000220   Data         480  os.o(.bss)
    Stacks                                   0x20000400   Data        8000  os.o(.bss)
    Fifo                                     0x20002340   Data          32  os.o(.bss)
    htim3                                    0x20002360   Data          64  tim.o(.bss)
    htim4                                    0x200023a0   Data          64  tim.o(.bss)
    U3_RXBuffer                              0x200023e0   Data          32  main_threads.o(.bss)
    U3_TXBuffer                              0x20002400   Data          32  main_threads.o(.bss)
    U1_RXBufferA                             0x20002420   Data          32  main_threads.o(.bss)
    U1_TXBuffer                              0x20002440   Data          32  main_threads.o(.bss)
    __initial_sp                             0x20002860   Data           0  startup_stm32f103xb.o(STACK)



==============================================================================

Memory Map of the image

  Image Entry point : 0x080000ed

  Load Region LR_IROM1 (Base: 0x08000000, Size: 0x00003080, Max: 0x00010000, ABSOLUTE)

    Execution Region ER_IROM1 (Exec base: 0x08000000, Load base: 0x08000000, Size: 0x00002f90, Max: 0x00010000, ABSOLUTE)

    Exec Addr    Load Addr    Size         Type   Attr      Idx    E Section Name        Object

    0x08000000   0x08000000   0x000000ec   Data   RO            3    RESET               startup_stm32f103xb.o
    0x080000ec   0x080000ec   0x00000000   Code   RO         3777  * .ARM.Collect$$$$00000000  mc_w.l(entry.o)
    0x080000ec   0x080000ec   0x00000004   Code   RO         3786    .ARM.Collect$$$$00000001  mc_w.l(entry2.o)
    0x080000f0   0x080000f0   0x00000004   Code   RO         3789    .ARM.Collect$$$$00000004  mc_w.l(entry5.o)
    0x080000f4   0x080000f4   0x00000000   Code   RO         3791    .ARM.Collect$$$$00000008  mc_w.l(entry7b.o)
    0x080000f4   0x080000f4   0x00000000   Code   RO         3793    .ARM.Collect$$$$0000000A  mc_w.l(entry8b.o)
    0x080000f4   0x080000f4   0x00000008   Code   RO         3794    .ARM.Collect$$$$0000000B  mc_w.l(entry9a.o)
    0x080000fc   0x080000fc   0x00000000   Code   RO         3796    .ARM.Collect$$$$0000000D  mc_w.l(entry10a.o)
    0x080000fc   0x080000fc   0x00000000   Code   RO         3798    .ARM.Collect$$$$0000000F  mc_w.l(entry11a.o)
    0x080000fc   0x080000fc   0x00000004   Code   RO         3787    .ARM.Collect$$$$00002712  mc_w.l(entry2.o)
    0x08000100   0x08000100   0x0000003e   Code   RO            4    .text               startup_stm32f103xb.o
    0x0800013e   0x0800013e   0x00000002   PAD
    0x08000140   0x08000140   0x0000005c   Code   RO          722    .text               osasm.o
    0x0800019c   0x0800019c   0x00000024   Code   RO         3782    .text               mc_w.l(memcpya.o)
    0x080001c0   0x080001c0   0x00000024   Code   RO         3800    .text               mc_w.l(init.o)
    0x080001e4   0x080001e4   0x00000010   Code   RO          397    i.ADC1_2_IRQHandler  stm32f1xx_it.o
    0x080001f4   0x080001f4   0x00000052   Code   RO         2921    i.ADC_ConversionStop_Disable  stm32f1xx_hal_adc.o
    0x08000246   0x08000246   0x00000002   PAD
    0x08000248   0x08000248   0x000000ec   Code   RO          729    i.BSP_PeriodicTask_Init  bsp.o
    0x08000334   0x08000334   0x000000ec   Code   RO          730    i.BSP_PeriodicTask_InitB  bsp.o
    0x08000420   0x08000420   0x0000000a   Code   RO          398    i.BusFault_Handler  stm32f1xx_it.o
    0x0800042a   0x0800042a   0x00000002   PAD
    0x0800042c   0x0800042c   0x0000009c   Code   RO         1127    i.CtrlPortHandleContinuousReception  main_threads.o
    0x080004c8   0x080004c8   0x00000008   Code   RO         1038    i.CtrlPortRegistersInit  controllerport.o
    0x080004d0   0x080004d0   0x00000064   Code   RO         1128    i.CtrlPortRxInit    main_threads.o
    0x08000534   0x08000534   0x0000006c   Code   RO         1129    i.CtrlPortSendMsg   main_threads.o
    0x080005a0   0x080005a0   0x00000044   Code   RO         1130    i.CtrlPortTxInit    main_threads.o
    0x080005e4   0x080005e4   0x00000002   Code   RO          399    i.DebugMon_Handler  stm32f1xx_it.o
    0x080005e6   0x080005e6   0x00000002   PAD
    0x080005e8   0x080005e8   0x00000074   Code   RO         1041    i.Dixel_Init        controllerport.o
    0x0800065c   0x0800065c   0x00000024   Code   RO          271    i.EventThread100ms  main.o
    0x08000680   0x08000680   0x00000038   Code   RO          272    i.EventThread1sec   main.o
    0x080006b8   0x080006b8   0x00000002   Code   RO         1740    i.HAL_ADCEx_InjectedConvCpltCallback  stm32f1xx_hal_adc_ex.o
    0x080006ba   0x080006ba   0x00000002   PAD
    0x080006bc   0x080006bc   0x000002d4   Code   RO         2927    i.HAL_ADC_ConfigChannel  stm32f1xx_hal_adc.o
    0x08000990   0x08000990   0x00000002   Code   RO         2928    i.HAL_ADC_ConvCpltCallback  stm32f1xx_hal_adc.o
    0x08000992   0x08000992   0x00000002   PAD
    0x08000994   0x08000994   0x000001ac   Code   RO         2935    i.HAL_ADC_IRQHandler  stm32f1xx_hal_adc.o
    0x08000b40   0x08000b40   0x00000268   Code   RO         2936    i.HAL_ADC_Init      stm32f1xx_hal_adc.o
    0x08000da8   0x08000da8   0x00000002   Code   RO         2937    i.HAL_ADC_LevelOutOfWindowCallback  stm32f1xx_hal_adc.o
    0x08000daa   0x08000daa   0x00000002   PAD
    0x08000dac   0x08000dac   0x0000005c   Code   RO          473    i.HAL_ADC_MspInit   adc.o
    0x08000e08   0x08000e08   0x0000001e   Code   RO         1360    i.HAL_Delay         stm32f1xx_hal.o
    0x08000e26   0x08000e26   0x00000002   PAD
    0x08000e28   0x08000e28   0x000003f8   Code   RO         3106    i.HAL_GPIO_Init     stm32f1xx_hal_gpio.o
    0x08001220   0x08001220   0x00000068   Code   RO         3108    i.HAL_GPIO_ReadPin  stm32f1xx_hal_gpio.o
    0x08001288   0x08001288   0x00000060   Code   RO         3109    i.HAL_GPIO_TogglePin  stm32f1xx_hal_gpio.o
    0x080012e8   0x080012e8   0x00000078   Code   RO         3110    i.HAL_GPIO_WritePin  stm32f1xx_hal_gpio.o
    0x08001360   0x08001360   0x0000000c   Code   RO         1364    i.HAL_GetTick       stm32f1xx_hal.o
    0x0800136c   0x0800136c   0x00000068   Code   RO         1231    i.HAL_NVIC_EnableIRQ  stm32f1xx_hal_cortex.o
    0x080013d4   0x080013d4   0x000000d4   Code   RO         1237    i.HAL_NVIC_SetPriority  stm32f1xx_hal_cortex.o
    0x080014a8   0x080014a8   0x00000002   Code   RO         3171    i.HAL_TIMEx_BreakCallback  stm32f1xx_hal_tim_ex.o
    0x080014aa   0x080014aa   0x00000002   Code   RO         3172    i.HAL_TIMEx_CommutationCallback  stm32f1xx_hal_tim_ex.o
    0x080014ac   0x080014ac   0x00000090   Code   RO         2285    i.HAL_TIM_Base_Start_IT  stm32f1xx_hal_tim.o
    0x0800153c   0x0800153c   0x00000002   Code   RO         2309    i.HAL_TIM_IC_CaptureCallback  stm32f1xx_hal_tim.o
    0x0800153e   0x0800153e   0x00000196   Code   RO         2322    i.HAL_TIM_IRQHandler  stm32f1xx_hal_tim.o
    0x080016d4   0x080016d4   0x00000002   Code   RO         2325    i.HAL_TIM_OC_DelayElapsedCallback  stm32f1xx_hal_tim.o
    0x080016d6   0x080016d6   0x00000002   Code   RO         2352    i.HAL_TIM_PWM_PulseFinishedCallback  stm32f1xx_hal_tim.o
    0x080016d8   0x080016d8   0x00000002   Code   RO          273    i.HAL_TIM_PeriodElapsedCallback  main.o
    0x080016da   0x080016da   0x00000002   Code   RO         2363    i.HAL_TIM_TriggerCallback  stm32f1xx_hal_tim.o
    0x080016dc   0x080016dc   0x0000000c   Code   RO          400    i.HardFault_Handler  stm32f1xx_it.o
    0x080016e8   0x080016e8   0x00000018   Code   RO         1131    i.IdleTask          main_threads.o
    0x08001700   0x08001700   0x0000002c   Code   RO          515    i.LED_ErrorBlinking  errorhandler.o
    0x0800172c   0x0800172c   0x0000001c   Code   RO          854    i.LL_APB2_GRP1_EnableClock  usart1.o
    0x08001748   0x08001748   0x0000002c   Code   RO          855    i.LL_GPIO_SetPinMode  usart1.o
    0x08001774   0x08001774   0x0000002c   Code   RO          946    i.LL_GPIO_SetPinMode  usart3.o
    0x080017a0   0x080017a0   0x0000001c   Code   RO          856    i.LL_GPIO_SetPinPull  usart1.o
    0x080017bc   0x080017bc   0x0000001c   Code   RO          947    i.LL_GPIO_SetPinPull  usart3.o
    0x080017d8   0x080017d8   0x0000002c   Code   RO          857    i.LL_GPIO_SetPinSpeed  usart1.o
    0x08001804   0x08001804   0x0000002c   Code   RO          948    i.LL_GPIO_SetPinSpeed  usart3.o
    0x08001830   0x08001830   0x0000001c   Code   RO         3675    i.LL_Init1msTick    stm32f1xx_ll_utils.o
    0x0800184c   0x0800184c   0x00000118   Code   RO         3676    i.LL_PLL_ConfigSystemClock_HSE  stm32f1xx_ll_utils.o
    0x08001964   0x08001964   0x00000010   Code   RO         3678    i.LL_RCC_HSE_IsReady  stm32f1xx_ll_utils.o
    0x08001974   0x08001974   0x0000001c   Code   RO         3680    i.LL_RCC_PLL_ConfigDomain_SYS  stm32f1xx_ll_utils.o
    0x08001990   0x08001990   0x00000010   Code   RO         3681    i.LL_RCC_PLL_IsReady  stm32f1xx_ll_utils.o
    0x080019a0   0x080019a0   0x0000000c   Code   RO         3682    i.LL_SetSystemCoreClock  stm32f1xx_ll_utils.o
    0x080019ac   0x080019ac   0x0000000a   Code   RO         1132    i.LL_USART_EnableIT_ERROR  main_threads.o
    0x080019b6   0x080019b6   0x0000000a   Code   RO         1133    i.LL_USART_EnableIT_IDLE  main_threads.o
    0x080019c0   0x080019c0   0x0000000a   Code   RO         1134    i.LL_USART_EnableIT_RXNE  main_threads.o
    0x080019ca   0x080019ca   0x0000000a   Code   RO         1135    i.LL_USART_EnableIT_TXE  main_threads.o
    0x080019d4   0x080019d4   0x0000009e   Code   RO          858    i.LL_USART_SetBaudRate  usart1.o
    0x08001a72   0x08001a72   0x0000009e   Code   RO          949    i.LL_USART_SetBaudRate  usart3.o
    0x08001b10   0x08001b10   0x00000004   Code   RO         1136    i.LL_USART_TransmitData8  main_threads.o
    0x08001b14   0x08001b14   0x00000028   Code   RO         3683    i.LL_mDelay         stm32f1xx_ll_utils.o
    0x08001b3c   0x08001b3c   0x000000a0   Code   RO         1137    i.MU_PortHandleContinuousReception  main_threads.o
    0x08001bdc   0x08001bdc   0x00000088   Code   RO         1138    i.MU_PortReceptionInit  main_threads.o
    0x08001c64   0x08001c64   0x0000007c   Code   RO         1139    i.MU_PortSendMsg    main_threads.o
    0x08001ce0   0x08001ce0   0x0000006c   Code   RO          474    i.MX_ADC1_Init      adc.o
    0x08001d4c   0x08001d4c   0x00000100   Code   RO          371    i.MX_GPIO_Init      gpio.o
    0x08001e4c   0x08001e4c   0x0000000a   Code   RO          401    i.MemManage_Handler  stm32f1xx_it.o
    0x08001e56   0x08001e56   0x0000000c   Code   RO          402    i.NMI_Handler       stm32f1xx_it.o
    0x08001e62   0x08001e62   0x00000002   PAD
    0x08001e64   0x08001e64   0x00000018   Code   RO          517    i.NVIC_DisableIRQ   errorhandler.o
    0x08001e7c   0x08001e7c   0x00000010   Code   RO         1244    i.NVIC_GetPriorityGrouping  stm32f1xx_hal_cortex.o
    0x08001e8c   0x08001e8c   0x00000028   Code   RO          577    i.NVIC_SetPriority  os.o
    0x08001eb4   0x08001eb4   0x00000028   Code   RO         1245    i.NVIC_SetPriority  stm32f1xx_hal_cortex.o
    0x08001edc   0x08001edc   0x00000158   Code   RO          578    i.OS_AddThread      os.o
    0x08002034   0x08002034   0x00000030   Code   RO          583    i.OS_Init           os.o
    0x08002064   0x08002064   0x00000004   Code   RO          584    i.OS_InitSemaphore  os.o
    0x08002068   0x08002068   0x00000028   Code   RO          586    i.OS_Launch         os.o
    0x08002090   0x08002090   0x00000028   Code   RO          587    i.OS_PeriodTrigger0_Init  os.o
    0x080020b8   0x080020b8   0x00000028   Code   RO          588    i.OS_PeriodTrigger1_Init  os.o
    0x080020e0   0x080020e0   0x00000034   Code   RO          589    i.OS_Signal         os.o
    0x08002114   0x08002114   0x00000018   Code   RO          591    i.OS_Suspend        os.o
    0x0800212c   0x0800212c   0x0000002c   Code   RO          592    i.OS_Wait           os.o
    0x08002158   0x08002158   0x0000006c   Code   RO          593    i.RealTimeEvents    os.o
    0x080021c4   0x080021c4   0x00000002   Code   RO          403    i.SVC_Handler       stm32f1xx_it.o
    0x080021c6   0x080021c6   0x00000002   PAD
    0x080021c8   0x080021c8   0x00000030   Code   RO          594    i.Scheduler         os.o
    0x080021f8   0x080021f8   0x00000034   Code   RO          595    i.SystemClock_Config  os.o
    0x0800222c   0x0800222c   0x00000058   Code   RO           14    i.SystemInit        system_stm32f1xx.o
    0x08002284   0x08002284   0x00000018   Code   RO          735    i.TIM3_IRQHandler   bsp.o
    0x0800229c   0x0800229c   0x00000018   Code   RO          736    i.TIM4_IRQHandler   bsp.o
    0x080022b4   0x080022b4   0x00000074   Code   RO         2364    i.TIM_Base_SetConfig  stm32f1xx_hal_tim.o
    0x08002328   0x08002328   0x00000050   Code   RO          859    i.USART1_IDLE_Callback  usart1.o
    0x08002378   0x08002378   0x000000a4   Code   RO          860    i.USART1_IRQHandler  usart1.o
    0x0800241c   0x0800241c   0x0000014c   Code   RO          861    i.USART1_Init       usart1.o
    0x08002568   0x08002568   0x0000004c   Code   RO          862    i.USART1_Reception_Callback  usart1.o
    0x080025b4   0x080025b4   0x00000054   Code   RO          863    i.USART1_TXEmpty_Callback  usart1.o
    0x08002608   0x08002608   0x00000054   Code   RO          864    i.USART1_TransmitComplete_Callback  usart1.o
    0x0800265c   0x0800265c   0x00000060   Code   RO          950    i.USART3_IDLE_Callback  usart3.o
    0x080026bc   0x080026bc   0x000000a4   Code   RO          951    i.USART3_IRQHandler  usart3.o
    0x08002760   0x08002760   0x00000168   Code   RO          952    i.USART3_Init       usart3.o
    0x080028c8   0x080028c8   0x00000034   Code   RO          953    i.USART3_Reception_Callback  usart3.o
    0x080028fc   0x080028fc   0x00000060   Code   RO          954    i.USART3_TransmitComplete_Callback  usart3.o
    0x0800295c   0x0800295c   0x00000054   Code   RO          955    i.USART_TXEmpty_Callback  usart3.o
    0x080029b0   0x080029b0   0x00000080   Code   RO          518    i.USARTxError_Callback  errorhandler.o
    0x08002a30   0x08002a30   0x000001b8   Code   RO         3684    i.UTILS_EnablePLLAndSwitchSystem  stm32f1xx_ll_utils.o
    0x08002be8   0x08002be8   0x000000f8   Code   RO         3685    i.UTILS_GetPLLOutputFrequency  stm32f1xx_ll_utils.o
    0x08002ce0   0x08002ce0   0x00000010   Code   RO         3686    i.UTILS_PLL_IsBusy  stm32f1xx_ll_utils.o
    0x08002cf0   0x08002cf0   0x00000050   Code   RO         3687    i.UTILS_SetFlashLatency  stm32f1xx_ll_utils.o
    0x08002d40   0x08002d40   0x0000000c   Code   RO          404    i.UsageFault_Handler  stm32f1xx_it.o
    0x08002d4c   0x08002d4c   0x00000048   Code   RO          519    i._Error_Handler    errorhandler.o
    0x08002d94   0x08002d94   0x0000000e   Code   RO         3804    i.__scatterload_copy  mc_w.l(handlers.o)
    0x08002da2   0x08002da2   0x00000002   Code   RO         3805    i.__scatterload_null  mc_w.l(handlers.o)
    0x08002da4   0x08002da4   0x0000000e   Code   RO         3806    i.__scatterload_zeroinit  mc_w.l(handlers.o)
    0x08002db2   0x08002db2   0x00000002   Code   RO          274    i.assert_failed     main.o
    0x08002db4   0x08002db4   0x00000148   Code   RO          275    i.main              main.o
    0x08002efc   0x08002efc   0x00000038   Code   RO          596    i.runperiodicevents  os.o
    0x08002f34   0x08002f34   0x0000003b   Data   RO           15    .constdata          system_stm32f1xx.o
    0x08002f6f   0x08002f6f   0x00000001   PAD
    0x08002f70   0x08002f70   0x00000020   Data   RO         3802    Region$$Table       anon$$obj.o


    Execution Region RW_IRAM1 (Exec base: 0x20000000, Load base: 0x08002f90, Size: 0x00002860, Max: 0x00005000, ABSOLUTE)

    Exec Addr    Load Addr    Size         Type   Attr      Idx    E Section Name        Object

    0x20000000   0x08002f90   0x00000004   Data   RW           16    .data               system_stm32f1xx.o
    0x20000004   0x08002f94   0x00000014   Data   RW          278    .data               main.o
    0x20000018   0x08002fa8   0x00000008   Data   RW          522    .data               errorhandler.o
    0x20000020   0x08002fb0   0x00000054   Data   RW          599    .data               os.o
    0x20000074   0x08003004   0x0000000c   Data   RW          738    .data               bsp.o
    0x20000080   0x08003010   0x00000006   Data   RW         1044    .data               controllerport.o
    0x20000086   0x08003016   0x00000002   PAD
    0x20000088   0x08003018   0x00000064   Data   RW         1142    .data               main_threads.o
    0x200000ec   0x0800307c   0x00000004   Data   RW         1374    .data               stm32f1xx_hal.o
    0x200000f0        -       0x00000030   Zero   RW          475    .bss                adc.o
    0x20000120        -       0x000000ff   Zero   RW          520    .bss                errorhandler.o
    0x2000021f   0x08003080   0x00000001   PAD
    0x20000220        -       0x00002140   Zero   RW          597    .bss                os.o
    0x20002360        -       0x00000080   Zero   RW          808    .bss                tim.o
    0x200023e0        -       0x00000080   Zero   RW         1140    .bss                main_threads.o
    0x20002460        -       0x00000400   Zero   RW            1    STACK               startup_stm32f103xb.o


==============================================================================

Image component sizes


      Code (inc. data)   RO Data    RW Data    ZI Data      Debug   Object Name

       200         40          0          0         48       1665   adc.o
       520         98          0         12          0       3210   bsp.o
       124         12          0          6          0       1285   controllerport.o
       268         42          0          8        255      35464   errorhandler.o
       256         16          0          0          0        939   gpio.o
       424        120          0         20          0       4408   main.o
       920        212          0        100        128      19713   main_threads.o
       940        140          0         84       8512      11380   os.o
        92          6          0          0          0        256   osasm.o
        62          8        236          0       1024        816   startup_stm32f103xb.o
        42          6          0          4          0       2143   stm32f1xx_hal.o
      1854        212          0          0          0       5219   stm32f1xx_hal_adc.o
         2          0          0          0          0       1057   stm32f1xx_hal_adc_ex.o
       372        134          0          0          0      24731   stm32f1xx_hal_cortex.o
      1336        296          0          0          0       4224   stm32f1xx_hal_gpio.o
       674         82          0          0          0       4703   stm32f1xx_hal_tim.o
         4          0          0          0          0       1486   stm32f1xx_hal_tim_ex.o
        76          6          0          0          0       3379   stm32f1xx_it.o
      1204        244          0          0          0      22100   stm32f1xx_ll_utils.o
        88         18         59          4          0     434943   system_stm32f1xx.o
         0          0          0          0        128        390   tim.o
         0          0          0          0          0        980   usart.o
      1122        120          0          0          0      48245   usart1.o
      1126        114          0          0          0      20933   usart3.o

    ----------------------------------------------------------------------
     11726       1926        328        240      10096     653669   Object Totals
         0          0         32          0          0          0   (incl. Generated)
        20          0          1          2          1          0   (incl. Padding)

    ----------------------------------------------------------------------

      Code (inc. data)   RO Data    RW Data    ZI Data      Debug   Library Member Name

         0          0          0          0          0          0   entry.o
         0          0          0          0          0          0   entry10a.o
         0          0          0          0          0          0   entry11a.o
         8          4          0          0          0          0   entry2.o
         4          0          0          0          0          0   entry5.o
         0          0          0          0          0          0   entry7b.o
         0          0          0          0          0          0   entry8b.o
         8          4          0          0          0          0   entry9a.o
        30          0          0          0          0          0   handlers.o
        36          8          0          0          0         68   init.o
        36          0          0          0          0         68   memcpya.o

    ----------------------------------------------------------------------
       122         16          0          0          0        136   Library Totals
         0          0          0          0          0          0   (incl. Padding)

    ----------------------------------------------------------------------

      Code (inc. data)   RO Data    RW Data    ZI Data      Debug   Library Name

       122         16          0          0          0        136   mc_w.l

    ----------------------------------------------------------------------
       122         16          0          0          0        136   Library Totals

    ----------------------------------------------------------------------

==============================================================================


      Code (inc. data)   RO Data    RW Data    ZI Data      Debug   

     11848       1942        328        240      10096     648393   Grand Totals
     11848       1942        328        240      10096     648393   ELF Image Totals
     11848       1942        328        240          0          0   ROM Totals

==============================================================================

    Total RO  Size (Code + RO Data)                12176 (  11.89kB)
    Total RW  Size (RW Data + ZI Data)             10336 (  10.09kB)
    Total ROM Size (Code + RO Data + RW Data)      12416 (  12.13kB)

==============================================================================

