<html>
<body>
<pre>
<h1>µVision Build Log</h1>
<h2>Tool Versions:</h2>
IDE-Version: µVision V5.24.2.0
Copyright (C) 2017 ARM Ltd and ARM Germany GmbH. All rights reserved.
License Information: Andrey User0, INDIS, LIC=----
 
Tool Versions:
Toolchain:       MDK-Lite  Version: 5.24.1
Toolchain Path:  C:\Keil_v5\ARM\ARMCC\Bin
C Compiler:      Armcc.exe V5.06 update 5 (build 528)
Assembler:       Armasm.exe V5.06 update 5 (build 528)
Linker/Locator:  ArmLink.exe V5.06 update 5 (build 528)
Library Manager: ArmAr.exe V5.06 update 5 (build 528)
Hex Converter:   FromElf.exe V5.06 update 5 (build 528)
CPU DLL:         SARMCM3.DLL V5.24.1
Dialog DLL:      DCM.DLL V1.16.0.0
Target DLL:      STLink\ST-LINKIII-KEIL_SWO.dll V3.0.1.0
Dialog DLL:      TCM.DLL V1.32.0.0
 
<h2>Project:</h2>
C:\Users\spicin\GIT\UAdapter\UniAdapter\MDK-ARM\UniAdapter.uvprojx
Project File Date:  01/10/2018

<h2>Output:</h2>
*** Using Compiler 'V5.06 update 5 (build 528)', folder: 'C:\Keil_v5\ARM\ARMCC\Bin'
Rebuild target 'UniAdapter'
assembling startup_stm32f103xb.s...
compiling system_stm32f1xx.c...
compiling stm32f1xx_hal_msp.c...
compiling usart.c...
compiling gpio.c...
compiling main.c...
compiling stm32f1xx_it.c...
compiling adc.c...
compiling ErrorHandler.c...
compiling os.c...
assembling osasm.s...
compiling BSP.c...
compiling tim.c...
compiling USART1.c...
compiling ControllerPort.c...
compiling USART3.c...
compiling Televis.c...
compiling Modbus.c...
compiling main_threads.c...
compiling ControllerType.c...
compiling Carel.c...
..\Src\Carel.c(252): warning:  #177-D: variable "crc"  was declared but never referenced
    uint32_t crc;
..\Src\Carel.c(253): warning:  #550-D: variable "data_len"  was set but never used
    uint8_t msg_cmd, data_len, *crcptr, msg_len;
..\Src\Carel.c(253): warning:  #177-D: variable "crcptr"  was declared but never referenced
    uint8_t msg_cmd, data_len, *crcptr, msg_len;
..\Src\Carel.c(253): warning:  #550-D: variable "msg_len"  was set but never used
    uint8_t msg_cmd, data_len, *crcptr, msg_len;
..\Src\Carel.c: 4 warnings, 0 errors
compiling LED.c...
compiling stm32f1xx_hal_cortex.c...
compiling stm32f1xx_hal.c...
compiling stm32f1xx_hal_rcc_ex.c...
compiling stm32f1xx_hal_dma.c...
compiling stm32f1xx_hal_flash_ex.c...
compiling stm32f1xx_hal_adc_ex.c...
compiling stm32f1xx_hal_uart.c...
compiling stm32f1xx_hal_adc.c...
compiling stm32f1xx_hal_tim.c...
compiling stm32f1xx_hal_rcc.c...
compiling stm32f1xx_hal_gpio.c...
compiling stm32f1xx_hal_gpio_ex.c...
compiling stm32f1xx_hal_tim_ex.c...
compiling stm32f1xx_hal_flash.c...
compiling stm32f1xx_ll_usart.c...
compiling stm32f1xx_hal_pwr.c...
compiling stm32f1xx_ll_rcc.c...
compiling stm32f1xx_ll_utils.c...
linking...
Program Size: Code=16400 RO-data=452 RW-data=392 ZI-data=10328  
"UniAdapter\UniAdapter.axf" - 0 Error(s), 4 Warning(s).

<h2>Software Packages used:</h2>

Package Vendor: ARM
                http://www.keil.com/pack/ARM.CMSIS.5.1.1.pack
                ARM.CMSIS.5.1.1
                CMSIS (Cortex Microcontroller Software Interface Standard)
   * Component: CORE Version: 5.0.2

Package Vendor: Keil
                http://www.keil.com/pack/Keil.STM32F1xx_DFP.2.2.0.pack
                Keil.STM32F1xx_DFP.2.2.0
                STMicroelectronics STM32F1 Series Device Support, Drivers and Examples

<h2>Collection of Component include folders:</h2>
  .\RTE\_UniAdapter
  C:\Keil_v5\ARM\PACK\ARM\CMSIS\5.1.1\CMSIS\Include
  C:\Keil_v5\ARM\PACK\Keil\STM32F1xx_DFP\2.2.0\Device\Include

<h2>Collection of Component Files used:</h2>

   * Component: ARM::CMSIS:CORE:5.0.2
Build Time Elapsed:  00:00:34
</pre>
</body>
</html>
